#
# There is insufficient memory for the Java Runtime Environment to continue.
# Native memory allocation (malloc) failed to allocate 2338528 bytes. Error detail: Chunk::new
# Possible reasons:
#   The system is out of physical RAM or swap space
#   This process is running with CompressedOops enabled, and the Java Heap may be blocking the growth of the native heap
# Possible solutions:
#   Reduce memory load on the system
#   Increase physical memory or swap space
#   Check if swap backing store is full
#   Decrease Java heap size (-Xmx/-Xms)
#   Decrease number of Java threads
#   Decrease Java thread stack sizes (-Xss)
#   Set larger code cache with -XX:ReservedCodeCacheSize=
#   JVM is running with Unscaled Compressed Oops mode in which the Java heap is
#     placed in the first 4GB address space. The Java Heap base address is the
#     maximum limit for the native heap growth. Please use -XX:HeapBaseMinAddress
#     to set the Java Heap base and to place the Java Heap above 4GB virtual address.
# This output file may be truncated or incomplete.
#
#  Out of Memory Error (arena.cpp:168), pid=212, tid=17668
#
# JRE version: OpenJDK Runtime Environment Temurin-21.0.10+7 (21.0.10+7) (build 21.0.10+7-LTS)
# Java VM: OpenJDK 64-Bit Server VM Temurin-21.0.10+7 (21.0.10+7-LTS, mixed mode, sharing, tiered, compressed oops, compressed class ptrs, parallel gc, windows-amd64)
# No core dump will be written. Minidumps are not enabled by default on client versions of Windows
#

---------------  S U M M A R Y ------------

Command Line: --add-modules=ALL-SYSTEM --add-opens=java.base/java.util=ALL-UNNAMED --add-opens=java.base/java.lang=ALL-UNNAMED --add-opens=java.base/sun.nio.fs=ALL-UNNAMED -Declipse.application=org.eclipse.jdt.ls.core.id1 -Dosgi.bundles.defaultStartLevel=4 -Declipse.product=org.eclipse.jdt.ls.core.product -Djava.import.generatesMetadataFilesAtProjectRoot=false -DDetectVMInstallationsJob.disabled=true -Dfile.encoding=utf8 -XX:+UseParallelGC -XX:GCTimeRatio=4 -XX:AdaptiveSizePolicyWeight=90 -Dsun.zip.disableMemoryMapping=true -Xmx2G -Xms100m -Xlog:disable -javaagent:c:\Users\NAGARAJ\.vscode\extensions\redhat.java-1.54.0-win32-x64\lombok\lombok-1.18.39-4050.jar -XX:+HeapDumpOnOutOfMemoryError -XX:HeapDumpPath=c:\Users\NAGARAJ\AppData\Roaming\Code\User\workspaceStorage\71ab786f3efb653311a4c375c0ec5e39\redhat.java -Daether.dependencyCollector.impl=bf c:\Users\NAGARAJ\.vscode\extensions\redhat.java-1.54.0-win32-x64\server\plugins\org.eclipse.equinox.launcher_1.7.100.v20251111-0406.jar -configuration c:\Users\NAGARAJ\AppData\Roaming\Code\User\globalStorage\redhat.java\1.54.0\config_win -data c:\Users\NAGARAJ\AppData\Roaming\Code\User\workspaceStorage\71ab786f3efb653311a4c375c0ec5e39\redhat.java\jdt_ws --pipe=\\.\pipe\lsp-b22879eedb6660153eff0fbbd3342fbb-sock

Host: Intel(R) Core(TM) i5-3320M CPU @ 2.60GHz, 4 cores, 3G,  Windows 10 , 64 bit Build 19041 (10.0.19041.5915)
Time: Thu May  7 23:43:05 2026 India Standard Time elapsed time: 73.833692 seconds (0d 0h 1m 13s)

---------------  T H R E A D  ---------------

Current thread (0x00000244dc02a580):  JavaThread "C2 CompilerThread0" daemon [_thread_in_native, id=17668, stack(0x0000006533400000,0x0000006533500000) (1024K)]


Current CompileTask:
C2:73833 12632       4       org.eclipse.jdt.internal.compiler.lookup.BinaryTypeBinding::createMethod (1666 bytes)

Stack: [0x0000006533400000,0x0000006533500000]
Native frames: (J=compiled Java code, j=interpreted, Vv=VM code, C=native code)
V  [jvm.dll+0x6d7a39]
V  [jvm.dll+0x8b4b26]
V  [jvm.dll+0x8b70de]
V  [jvm.dll+0x8b77c3]
V  [jvm.dll+0x284346]
V  [jvm.dll+0xc66ed]
V  [jvm.dll+0xc6c31]
V  [jvm.dll+0x3bec3b]
V  [jvm.dll+0x1e3d62]
V  [jvm.dll+0x24c6b3]
V  [jvm.dll+0x24bb40]
V  [jvm.dll+0x1cb34e]
V  [jvm.dll+0x25b85d]
V  [jvm.dll+0x259dea]
V  [jvm.dll+0x3f857e]
V  [jvm.dll+0x85f59d]
V  [jvm.dll+0x6d626d]
C  [ucrtbase.dll+0x21bb2]
C  [KERNEL32.DLL+0x17374]
C  [ntdll.dll+0x4cc91]


---------------  P R O C E S S  ---------------

Threads class SMR info:
_java_thread_list=0x00000244e2277300, length=37, elements={
0x00000244c5631390, 0x00000244dc01ab80, 0x00000244dc01c490, 0x00000244dc01ef90,
0x00000244dc01feb0, 0x00000244dc023530, 0x00000244dc028df0, 0x00000244dc02a580,
0x00000244dc08f290, 0x00000244e1180730, 0x00000244e13f7f80, 0x00000244e174a790,
0x00000244e1a31230, 0x00000244e1a1da00, 0x00000244e1a1ed60, 0x00000244e1bfa800,
0x00000244e17190c0, 0x00000244e1cdee20, 0x00000244e1cdf4b0, 0x00000244e1ce01d0,
0x00000244e1cdfb40, 0x00000244e1ce0ef0, 0x00000244e1ce1580, 0x00000244e1ce0860,
0x00000244e1ce1c10, 0x00000244e46097a0, 0x00000244e46069b0, 0x00000244e46083f0,
0x00000244e4607040, 0x00000244e4609e30, 0x00000244e4606320, 0x00000244e460a4c0,
0x00000244e460ab50, 0x00000244e4609110, 0x00000244e46076d0, 0x00000244e4607d60,
0x00000244e460cc20
}

Java Threads: ( => current thread )
  0x00000244c5631390 JavaThread "main"                              [_thread_blocked, id=7120, stack(0x0000006532a00000,0x0000006532b00000) (1024K)]
  0x00000244dc01ab80 JavaThread "Reference Handler"          daemon [_thread_blocked, id=4424, stack(0x0000006532e00000,0x0000006532f00000) (1024K)]
  0x00000244dc01c490 JavaThread "Finalizer"                  daemon [_thread_blocked, id=5256, stack(0x0000006532f00000,0x0000006533000000) (1024K)]
  0x00000244dc01ef90 JavaThread "Signal Dispatcher"          daemon [_thread_blocked, id=12168, stack(0x0000006533000000,0x0000006533100000) (1024K)]
  0x00000244dc01feb0 JavaThread "Attach Listener"            daemon [_thread_blocked, id=19272, stack(0x0000006533100000,0x0000006533200000) (1024K)]
  0x00000244dc023530 JavaThread "Service Thread"             daemon [_thread_blocked, id=8068, stack(0x0000006533200000,0x0000006533300000) (1024K)]
  0x00000244dc028df0 JavaThread "Monitor Deflation Thread"   daemon [_thread_blocked, id=14892, stack(0x0000006533300000,0x0000006533400000) (1024K)]
=>0x00000244dc02a580 JavaThread "C2 CompilerThread0"         daemon [_thread_in_native, id=17668, stack(0x0000006533400000,0x0000006533500000) (1024K)]
  0x00000244dc08f290 JavaThread "C1 CompilerThread0"         daemon [_thread_in_vm, id=11292, stack(0x0000006533500000,0x0000006533600000) (1024K)]
  0x00000244e1180730 JavaThread "Common-Cleaner"             daemon [_thread_blocked, id=12496, stack(0x0000006533600000,0x0000006533700000) (1024K)]
  0x00000244e13f7f80 JavaThread "Notification Thread"        daemon [_thread_blocked, id=32, stack(0x0000006533700000,0x0000006533800000) (1024K)]
  0x00000244e174a790 JavaThread "Active Thread: Equinox Container: af30936e-581d-4f8a-8eba-326cecbdabf3"        [_thread_blocked, id=11636, stack(0x0000006533b00000,0x0000006533c00000) (1024K)]
  0x00000244e1a31230 JavaThread "Refresh Thread: Equinox Container: af30936e-581d-4f8a-8eba-326cecbdabf3" daemon [_thread_blocked, id=6536, stack(0x0000006533c00000,0x0000006533d00000) (1024K)]
  0x00000244e1a1da00 JavaThread "Framework Event Dispatcher: Equinox Container: af30936e-581d-4f8a-8eba-326cecbdabf3" daemon [_thread_blocked, id=22928, stack(0x0000006533d00000,0x0000006533e00000) (1024K)]
  0x00000244e1a1ed60 JavaThread "Start Level: Equinox Container: af30936e-581d-4f8a-8eba-326cecbdabf3" daemon [_thread_blocked, id=12484, stack(0x0000006533e00000,0x0000006533f00000) (1024K)]
  0x00000244e1bfa800 JavaThread "Bundle File Closer"         daemon [_thread_blocked, id=18744, stack(0x0000006533f00000,0x0000006534000000) (1024K)]
  0x00000244e17190c0 JavaThread "SCR Component Actor"        daemon [_thread_blocked, id=18572, stack(0x0000006534000000,0x0000006534100000) (1024K)]
  0x00000244e1cdee20 JavaThread "Worker-JM"                         [_thread_blocked, id=12384, stack(0x0000006534100000,0x0000006534200000) (1024K)]
  0x00000244e1cdf4b0 JavaThread "JNA Cleaner"                daemon [_thread_blocked, id=19956, stack(0x0000006534200000,0x0000006534300000) (1024K)]
  0x00000244e1ce01d0 JavaThread "Worker-0"                          [_thread_blocked, id=14492, stack(0x0000006534300000,0x0000006534400000) (1024K)]
  0x00000244e1cdfb40 JavaThread "Worker-1"                          [_thread_blocked, id=17112, stack(0x0000006534400000,0x0000006534500000) (1024K)]
  0x00000244e1ce0ef0 JavaThread "Worker-2"                          [_thread_blocked, id=10888, stack(0x0000006534500000,0x0000006534600000) (1024K)]
  0x00000244e1ce1580 JavaThread "Java indexing"              daemon [_thread_blocked, id=22580, stack(0x0000006534600000,0x0000006534700000) (1024K)]
  0x00000244e1ce0860 JavaThread "Worker-3"                          [_thread_blocked, id=20540, stack(0x0000006534900000,0x0000006534a00000) (1024K)]
  0x00000244e1ce1c10 JavaThread "Worker-4"                          [_thread_blocked, id=20728, stack(0x0000006534a00000,0x0000006534b00000) (1024K)]
  0x00000244e46097a0 JavaThread "Thread-1"                   daemon [_thread_in_native, id=1584, stack(0x0000006534b00000,0x0000006534c00000) (1024K)]
  0x00000244e46069b0 JavaThread "Thread-2"                   daemon [_thread_in_native, id=8820, stack(0x0000006534c00000,0x0000006534d00000) (1024K)]
  0x00000244e46083f0 JavaThread "Thread-3"                   daemon [_thread_in_native, id=13552, stack(0x0000006534d00000,0x0000006534e00000) (1024K)]
  0x00000244e4607040 JavaThread "Thread-4"                   daemon [_thread_in_native, id=23276, stack(0x0000006534e00000,0x0000006534f00000) (1024K)]
  0x00000244e4609e30 JavaThread "Thread-5"                   daemon [_thread_in_native, id=10272, stack(0x0000006534f00000,0x0000006535000000) (1024K)]
  0x00000244e4606320 JavaThread "pool-2-thread-1"                   [_thread_blocked, id=17324, stack(0x0000006535000000,0x0000006535100000) (1024K)]
  0x00000244e460a4c0 JavaThread "WorkspaceEventsHandler"            [_thread_blocked, id=16496, stack(0x0000006535100000,0x0000006535200000) (1024K)]
  0x00000244e460ab50 JavaThread "pool-1-thread-1"                   [_thread_blocked, id=18868, stack(0x0000006535200000,0x0000006535300000) (1024K)]
  0x00000244e4609110 JavaThread "ForkJoinPool.commonPool-worker-1" daemon [_thread_blocked, id=23252, stack(0x0000006535300000,0x0000006535400000) (1024K)]
  0x00000244e46076d0 JavaThread "ForkJoinPool.commonPool-worker-2" daemon [_thread_in_Java, id=17928, stack(0x0000006535400000,0x0000006535500000) (1024K)]
  0x00000244e4607d60 JavaThread "ForkJoinPool.commonPool-worker-3" daemon [_thread_blocked, id=19896, stack(0x0000006535500000,0x0000006535600000) (1024K)]
  0x00000244e460cc20 JavaThread "Cleaner-0"                  daemon [_thread_blocked, id=17052, stack(0x0000006532800000,0x0000006532900000) (1024K)]
Total: 37

Other Threads:
  0x00000244c56efbf0 VMThread "VM Thread"                           [id=17072, stack(0x0000006532d00000,0x0000006532e00000) (1024K)]
  0x00000244c569c770 WatcherThread "VM Periodic Task Thread"        [id=20000, stack(0x0000006532c00000,0x0000006532d00000) (1024K)]
  0x00000244c564f5b0 WorkerThread "GC Thread#0"                     [id=7852, stack(0x0000006532b00000,0x0000006532c00000) (1024K)]
  0x00000244e1464950 WorkerThread "GC Thread#1"                     [id=8100, stack(0x0000006533800000,0x0000006533900000) (1024K)]
  0x00000244e1464d00 WorkerThread "GC Thread#2"                     [id=18448, stack(0x0000006533900000,0x0000006533a00000) (1024K)]
  0x00000244e19cba40 WorkerThread "GC Thread#3"                     [id=6632, stack(0x0000006533a00000,0x0000006533b00000) (1024K)]
Total: 6

Threads with active compile tasks:
C2 CompilerThread0  73941 12632       4       org.eclipse.jdt.internal.compiler.lookup.BinaryTypeBinding::createMethod (1666 bytes)
C1 CompilerThread0  73942 12908   !   2       org.eclipse.jdt.internal.compiler.lookup.ParameterizedGenericMethodBinding::computeCompatibleMethod18 (1107 bytes)
Total: 2

VM state: not at safepoint (normal execution)

VM Mutex/Monitor currently owned by a thread: None

Heap address: 0x0000000080000000, size: 2048 MB, Compressed Oops mode: 32-bit

CDS archive(s) mapped at: [0x0000024480000000-0x0000024480ba0000-0x0000024480ba0000), size 12189696, SharedBaseAddress: 0x0000024480000000, ArchiveRelocationMode: 1.
Compressed class space mapped at: 0x0000024481000000-0x00000244c1000000, reserved size: 1073741824
Narrow klass base: 0x0000024480000000, Narrow klass shift: 0, Narrow klass range: 0x100000000

GC Precious Log:
 CardTable entry size: 512
 CPUs: 4 total, 4 available
 Memory: 3915M
 Large Page Support: Disabled
 NUMA Support: Disabled
 Compressed Oops: Enabled (32-bit)
 Alignments: Space 512K, Generation 512K, Heap 2M
 Heap Min Capacity: 100M
 Heap Initial Capacity: 100M
 Heap Max Capacity: 2G
 Pre-touch: Disabled
 Parallel Workers: 4

Heap:
 PSYoungGen      total 10752K, used 4616K [0x00000000d5580000, 0x00000000d6200000, 0x0000000100000000)
  eden space 9216K, 34% used [0x00000000d5580000,0x00000000d5892e90,0x00000000d5e80000)
  from space 1536K, 95% used [0x00000000d6080000,0x00000000d61ef560,0x00000000d6200000)
  to   space 1536K, 0% used [0x00000000d5f00000,0x00000000d5f00000,0x00000000d6080000)
 ParOldGen       total 137728K, used 137695K [0x0000000080000000, 0x0000000088680000, 0x00000000d5580000)
  object space 137728K, 99% used [0x0000000080000000,0x0000000088677cf0,0x0000000088680000)
 Metaspace       used 68426K, committed 70016K, reserved 1114112K
  class space    used 7059K, committed 7744K, reserved 1048576K

Card table byte_map: [0x00000244c4ff0000,0x00000244c5400000] _byte_map_base: 0x00000244c4bf0000

Marking Bits: (ParMarkBitMap*) 0x00007ffff9183450
 Begin Bits: [0x00000244d7af0000, 0x00000244d9af0000)
 End Bits:   [0x00000244d9af0000, 0x00000244dbaf0000)

Polling page: 0x00000244c3360000

Metaspace:

Usage:
  Non-class:     59.93 MB used.
      Class:      6.89 MB used.
       Both:     66.82 MB used.

Virtual space:
  Non-class space:       64.00 MB reserved,      60.81 MB ( 95%) committed,  1 nodes.
      Class space:        1.00 GB reserved,       7.56 MB ( <1%) committed,  1 nodes.
             Both:        1.06 GB reserved,      68.38 MB (  6%) committed. 

Chunk freelists:
   Non-Class:  3.23 MB
       Class:  8.25 MB
        Both:  11.48 MB

MaxMetaspaceSize: unlimited
CompressedClassSpaceSize: 1.00 GB
Initial GC threshold: 21.00 MB
Current GC threshold: 97.31 MB
CDS: on
 - commit_granule_bytes: 65536.
 - commit_granule_words: 8192.
 - virtual_space_node_default_size: 8388608.
 - enlarge_chunks_in_place: 1.
 - use_allocation_guard: 0.


Internal statistics:

num_allocs_failed_limit: 11.
num_arena_births: 1282.
num_arena_deaths: 14.
num_vsnodes_births: 2.
num_vsnodes_deaths: 0.
num_space_committed: 1094.
num_space_uncommitted: 0.
num_chunks_returned_to_freelist: 25.
num_chunks_taken_from_freelist: 4653.
num_chunk_merges: 9.
num_chunk_splits: 2788.
num_chunks_enlarged: 1495.
num_inconsistent_stats: 0.

CodeHeap 'non-profiled nmethods': size=120000Kb used=7082Kb max_used=7082Kb free=112917Kb
 bounds [0x00000244d0310000, 0x00000244d0a00000, 0x00000244d7840000]
CodeHeap 'profiled nmethods': size=120000Kb used=27533Kb max_used=27533Kb free=92466Kb
 bounds [0x00000244c8840000, 0x00000244ca330000, 0x00000244cfd70000]
CodeHeap 'non-nmethods': size=5760Kb used=1448Kb max_used=1503Kb free=4311Kb
 bounds [0x00000244cfd70000, 0x00000244cffe0000, 0x00000244d0310000]
CodeCache: size=245760Kb, used=36063Kb, max_used=36118Kb, free=209694Kb
 total_blobs=12936, nmethods=12167, adapters=672, full_count=0
Compilation: enabled, stopped_count=0, restarted_count=0

Compilation events (20 events):
Event: 73.780 Thread 0x00000244dc08f290 12843       2       org.eclipse.jdt.internal.compiler.lookup.InferenceContext18::getParameter (37 bytes)
Event: 73.780 Thread 0x00000244dc08f290 nmethod 12843 0x00000244ca2e6110 code [0x00000244ca2e62e0, 0x00000244ca2e64f0]
Event: 73.780 Thread 0x00000244dc08f290 12844       2       org.eclipse.jdt.internal.compiler.ast.MessageSend::findMethodBinding (144 bytes)
Event: 73.781 Thread 0x00000244dc08f290 nmethod 12844 0x00000244ca2e6690 code [0x00000244ca2e68a0, 0x00000244ca2e6dc8]
Event: 73.781 Thread 0x00000244dc08f290 12839       2       lombok.eclipse.agent.PatchExtensionMethod::getTypeNode (47 bytes)
Event: 73.782 Thread 0x00000244dc08f290 nmethod 12839 0x00000244ca2e7010 code [0x00000244ca2e7200, 0x00000244ca2e74c0]
Event: 73.782 Thread 0x00000244dc08f290 12842   !   2       lombok.core.FieldAugment$MapFieldAugment::clear (38 bytes)
Event: 73.783 Thread 0x00000244dc08f290 nmethod 12842 0x00000244ca2e7710 code [0x00000244ca2e78e0, 0x00000244ca2e7c48]
Event: 73.783 Thread 0x00000244dc08f290 12841       2       java.lang.invoke.LambdaForm$MH/0x00000244817b9c00::invoke (42 bytes)
Event: 73.783 Thread 0x00000244dc08f290 nmethod 12841 0x00000244ca2e7e90 code [0x00000244ca2e8060, 0x00000244ca2e8340]
Event: 73.783 Thread 0x00000244dc08f290 12838       2       org.eclipse.jdt.internal.compiler.lookup.Scope::findMethod (100 bytes)
Event: 73.784 Thread 0x00000244dc08f290 nmethod 12838 0x00000244ca2e8590 code [0x00000244ca2e87a0, 0x00000244ca2e8bb8]
Event: 73.784 Thread 0x00000244dc08f290 12848   !   2       lombok.eclipse.agent.PatchExtensionMethod::resolveType (870 bytes)
Event: 73.796 Thread 0x00000244dc08f290 nmethod 12848 0x00000244ca2e8e10 code [0x00000244ca2e9500, 0x00000244ca2ec2e8]
Event: 73.796 Thread 0x00000244dc08f290 12837       1       org.eclipse.jdt.internal.compiler.lookup.NestedTypeBinding::enclosingType (5 bytes)
Event: 73.796 Thread 0x00000244dc08f290 nmethod 12837 0x00000244d09f9890 code [0x00000244d09f9a20, 0x00000244d09f9af0]
Event: 73.796 Thread 0x00000244dc08f290 12847       1       org.eclipse.jdt.internal.compiler.ast.Expression::isPolyExpression (2 bytes)
Event: 73.796 Thread 0x00000244dc08f290 nmethod 12847 0x00000244d09f9b90 code [0x00000244d09f9d20, 0x00000244d09f9de8]
Event: 73.798 Thread 0x00000244dc08f290 12849       2       org.eclipse.jdt.internal.compiler.lookup.LocalVariableBinding::merge (66 bytes)
Event: 73.798 Thread 0x00000244dc08f290 nmethod 12849 0x00000244ca2ee790 code [0x00000244ca2ee960, 0x00000244ca2eecb8]

GC Heap History (20 events):
Event: 69.720 GC heap before
{Heap before GC invocations=216 (full 3):
 PSYoungGen      total 10240K, used 10157K [0x00000000d5580000, 0x00000000d6300000, 0x0000000100000000)
  eden space 9728K, 99% used [0x00000000d5580000,0x00000000d5eee2d0,0x00000000d5f00000)
  from space 512K, 97% used [0x00000000d6280000,0x00000000d62fd438,0x00000000d6300000)
  to   space 1024K, 0% used [0x00000000d6100000,0x00000000d6100000,0x00000000d6200000)
 ParOldGen       total 125952K, used 125614K [0x0000000080000000, 0x0000000087b00000, 0x00000000d5580000)
  object space 125952K, 99% used [0x0000000080000000,0x0000000087aabb60,0x0000000087b00000)
 Metaspace       used 67425K, committed 68992K, reserved 1114112K
  class space    used 7026K, committed 7744K, reserved 1048576K
}
Event: 69.775 GC heap after
{Heap after GC invocations=216 (full 3):
 PSYoungGen      total 10752K, used 995K [0x00000000d5580000, 0x00000000d6300000, 0x0000000100000000)
  eden space 9728K, 0% used [0x00000000d5580000,0x00000000d5580000,0x00000000d5f00000)
  from space 1024K, 97% used [0x00000000d6100000,0x00000000d61f8f50,0x00000000d6200000)
  to   space 1024K, 0% used [0x00000000d6200000,0x00000000d6200000,0x00000000d6300000)
 ParOldGen       total 126464K, used 126304K [0x0000000080000000, 0x0000000087b80000, 0x00000000d5580000)
  object space 126464K, 99% used [0x0000000080000000,0x0000000087b583f0,0x0000000087b80000)
 Metaspace       used 67425K, committed 68992K, reserved 1114112K
  class space    used 7026K, committed 7744K, reserved 1048576K
}
Event: 70.343 GC heap before
{Heap before GC invocations=217 (full 3):
 PSYoungGen      total 10752K, used 10705K [0x00000000d5580000, 0x00000000d6300000, 0x0000000100000000)
  eden space 9728K, 99% used [0x00000000d5580000,0x00000000d5efb780,0x00000000d5f00000)
  from space 1024K, 97% used [0x00000000d6100000,0x00000000d61f8f50,0x00000000d6200000)
  to   space 1024K, 0% used [0x00000000d6200000,0x00000000d6200000,0x00000000d6300000)
 ParOldGen       total 126464K, used 126304K [0x0000000080000000, 0x0000000087b80000, 0x00000000d5580000)
  object space 126464K, 99% used [0x0000000080000000,0x0000000087b583f0,0x0000000087b80000)
 Metaspace       used 67448K, committed 69056K, reserved 1114112K
  class space    used 7027K, committed 7744K, reserved 1048576K
}
Event: 70.353 GC heap after
{Heap after GC invocations=217 (full 3):
 PSYoungGen      total 10752K, used 576K [0x00000000d5580000, 0x00000000d6300000, 0x0000000100000000)
  eden space 9728K, 0% used [0x00000000d5580000,0x00000000d5580000,0x00000000d5f00000)
  from space 1024K, 56% used [0x00000000d6200000,0x00000000d6290000,0x00000000d6300000)
  to   space 1024K, 0% used [0x00000000d6100000,0x00000000d6100000,0x00000000d6200000)
 ParOldGen       total 127488K, used 127259K [0x0000000080000000, 0x0000000087c80000, 0x00000000d5580000)
  object space 127488K, 99% used [0x0000000080000000,0x0000000087c46f88,0x0000000087c80000)
 Metaspace       used 67448K, committed 69056K, reserved 1114112K
  class space    used 7027K, committed 7744K, reserved 1048576K
}
Event: 70.549 GC heap before
{Heap before GC invocations=218 (full 3):
 PSYoungGen      total 10752K, used 10304K [0x00000000d5580000, 0x00000000d6300000, 0x0000000100000000)
  eden space 9728K, 100% used [0x00000000d5580000,0x00000000d5f00000,0x00000000d5f00000)
  from space 1024K, 56% used [0x00000000d6200000,0x00000000d6290000,0x00000000d6300000)
  to   space 1024K, 0% used [0x00000000d6100000,0x00000000d6100000,0x00000000d6200000)
 ParOldGen       total 127488K, used 127259K [0x0000000080000000, 0x0000000087c80000, 0x00000000d5580000)
  object space 127488K, 99% used [0x0000000080000000,0x0000000087c46f88,0x0000000087c80000)
 Metaspace       used 67469K, committed 69056K, reserved 1114112K
  class space    used 7028K, committed 7744K, reserved 1048576K
}
Event: 70.553 GC heap after
{Heap after GC invocations=218 (full 3):
 PSYoungGen      total 10752K, used 224K [0x00000000d5580000, 0x00000000d6280000, 0x0000000100000000)
  eden space 9728K, 0% used [0x00000000d5580000,0x00000000d5580000,0x00000000d5f00000)
  from space 1024K, 21% used [0x00000000d6100000,0x00000000d6138000,0x00000000d6200000)
  to   space 512K, 0% used [0x00000000d6200000,0x00000000d6200000,0x00000000d6280000)
 ParOldGen       total 128000K, used 127774K [0x0000000080000000, 0x0000000087d00000, 0x00000000d5580000)
  object space 128000K, 99% used [0x0000000080000000,0x0000000087cc7860,0x0000000087d00000)
 Metaspace       used 67469K, committed 69056K, reserved 1114112K
  class space    used 7028K, committed 7744K, reserved 1048576K
}
Event: 70.892 GC heap before
{Heap before GC invocations=219 (full 3):
 PSYoungGen      total 10752K, used 9952K [0x00000000d5580000, 0x00000000d6280000, 0x0000000100000000)
  eden space 9728K, 100% used [0x00000000d5580000,0x00000000d5f00000,0x00000000d5f00000)
  from space 1024K, 21% used [0x00000000d6100000,0x00000000d6138000,0x00000000d6200000)
  to   space 512K, 0% used [0x00000000d6200000,0x00000000d6200000,0x00000000d6280000)
 ParOldGen       total 128000K, used 127774K [0x0000000080000000, 0x0000000087d00000, 0x00000000d5580000)
  object space 128000K, 99% used [0x0000000080000000,0x0000000087cc7860,0x0000000087d00000)
 Metaspace       used 67501K, committed 69056K, reserved 1114112K
  class space    used 7028K, committed 7744K, reserved 1048576K
}
Event: 70.894 GC heap after
{Heap after GC invocations=219 (full 3):
 PSYoungGen      total 10240K, used 504K [0x00000000d5580000, 0x00000000d6280000, 0x0000000100000000)
  eden space 9728K, 0% used [0x00000000d5580000,0x00000000d5580000,0x00000000d5f00000)
  from space 512K, 98% used [0x00000000d6200000,0x00000000d627e268,0x00000000d6280000)
  to   space 1536K, 0% used [0x00000000d5f80000,0x00000000d5f80000,0x00000000d6100000)
 ParOldGen       total 128512K, used 128173K [0x0000000080000000, 0x0000000087d80000, 0x00000000d5580000)
  object space 128512K, 99% used [0x0000000080000000,0x0000000087d2b530,0x0000000087d80000)
 Metaspace       used 67501K, committed 69056K, reserved 1114112K
  class space    used 7028K, committed 7744K, reserved 1048576K
}
Event: 71.178 GC heap before
{Heap before GC invocations=220 (full 3):
 PSYoungGen      total 10240K, used 10232K [0x00000000d5580000, 0x00000000d6280000, 0x0000000100000000)
  eden space 9728K, 100% used [0x00000000d5580000,0x00000000d5f00000,0x00000000d5f00000)
  from space 512K, 98% used [0x00000000d6200000,0x00000000d627e268,0x00000000d6280000)
  to   space 1536K, 0% used [0x00000000d5f80000,0x00000000d5f80000,0x00000000d6100000)
 ParOldGen       total 128512K, used 128173K [0x0000000080000000, 0x0000000087d80000, 0x00000000d5580000)
  object space 128512K, 99% used [0x0000000080000000,0x0000000087d2b530,0x0000000087d80000)
 Metaspace       used 67531K, committed 69120K, reserved 1114112K
  class space    used 7028K, committed 7744K, reserved 1048576K
}
Event: 71.183 GC heap after
{Heap after GC invocations=220 (full 3):
 PSYoungGen      total 11264K, used 672K [0x00000000d5580000, 0x00000000d6280000, 0x0000000100000000)
  eden space 9728K, 0% used [0x00000000d5580000,0x00000000d5580000,0x00000000d5f00000)
  from space 1536K, 43% used [0x00000000d5f80000,0x00000000d6028020,0x00000000d6100000)
  to   space 1024K, 0% used [0x00000000d6180000,0x00000000d6180000,0x00000000d6280000)
 ParOldGen       total 129024K, used 128683K [0x0000000080000000, 0x0000000087e00000, 0x00000000d5580000)
  object space 129024K, 99% used [0x0000000080000000,0x0000000087daac48,0x0000000087e00000)
 Metaspace       used 67531K, committed 69120K, reserved 1114112K
  class space    used 7028K, committed 7744K, reserved 1048576K
}
Event: 72.076 GC heap before
{Heap before GC invocations=221 (full 3):
 PSYoungGen      total 11264K, used 10400K [0x00000000d5580000, 0x00000000d6280000, 0x0000000100000000)
  eden space 9728K, 100% used [0x00000000d5580000,0x00000000d5f00000,0x00000000d5f00000)
  from space 1536K, 43% used [0x00000000d5f80000,0x00000000d6028020,0x00000000d6100000)
  to   space 1024K, 0% used [0x00000000d6180000,0x00000000d6180000,0x00000000d6280000)
 ParOldGen       total 129024K, used 128683K [0x0000000080000000, 0x0000000087e00000, 0x00000000d5580000)
  object space 129024K, 99% used [0x0000000080000000,0x0000000087daac48,0x0000000087e00000)
 Metaspace       used 67733K, committed 69248K, reserved 1114112K
  class space    used 7031K, committed 7744K, reserved 1048576K
}
Event: 72.086 GC heap after
{Heap after GC invocations=221 (full 3):
 PSYoungGen      total 10240K, used 1012K [0x00000000d5580000, 0x00000000d6500000, 0x0000000100000000)
  eden space 9216K, 0% used [0x00000000d5580000,0x00000000d5580000,0x00000000d5e80000)
  from space 1024K, 98% used [0x00000000d6180000,0x00000000d627d050,0x00000000d6280000)
  to   space 3072K, 0% used [0x00000000d5e80000,0x00000000d5e80000,0x00000000d6180000)
 ParOldGen       total 130560K, used 130281K [0x0000000080000000, 0x0000000087f80000, 0x00000000d5580000)
  object space 130560K, 99% used [0x0000000080000000,0x0000000087f3a778,0x0000000087f80000)
 Metaspace       used 67733K, committed 69248K, reserved 1114112K
  class space    used 7031K, committed 7744K, reserved 1048576K
}
Event: 72.800 GC heap before
{Heap before GC invocations=222 (full 3):
 PSYoungGen      total 10240K, used 10228K [0x00000000d5580000, 0x00000000d6500000, 0x0000000100000000)
  eden space 9216K, 100% used [0x00000000d5580000,0x00000000d5e80000,0x00000000d5e80000)
  from space 1024K, 98% used [0x00000000d6180000,0x00000000d627d050,0x00000000d6280000)
  to   space 3072K, 0% used [0x00000000d5e80000,0x00000000d5e80000,0x00000000d6180000)
 ParOldGen       total 130560K, used 130281K [0x0000000080000000, 0x0000000087f80000, 0x00000000d5580000)
  object space 130560K, 99% used [0x0000000080000000,0x0000000087f3a778,0x0000000087f80000)
 Metaspace       used 67995K, committed 69568K, reserved 1114112K
  class space    used 7035K, committed 7744K, reserved 1048576K
}
Event: 72.805 GC heap after
{Heap after GC invocations=222 (full 3):
 PSYoungGen      total 12288K, used 3019K [0x00000000d5580000, 0x00000000d6580000, 0x0000000100000000)
  eden space 9216K, 0% used [0x00000000d5580000,0x00000000d5580000,0x00000000d5e80000)
  from space 3072K, 98% used [0x00000000d5e80000,0x00000000d6172c68,0x00000000d6180000)
  to   space 3584K, 0% used [0x00000000d6200000,0x00000000d6200000,0x00000000d6580000)
 ParOldGen       total 131584K, used 131426K [0x0000000080000000, 0x0000000088080000, 0x00000000d5580000)
  object space 131584K, 99% used [0x0000000080000000,0x0000000088058b08,0x0000000088080000)
 Metaspace       used 67995K, committed 69568K, reserved 1114112K
  class space    used 7035K, committed 7744K, reserved 1048576K
}
Event: 73.106 GC heap before
{Heap before GC invocations=223 (full 3):
 PSYoungGen      total 12288K, used 12235K [0x00000000d5580000, 0x00000000d6580000, 0x0000000100000000)
  eden space 9216K, 100% used [0x00000000d5580000,0x00000000d5e80000,0x00000000d5e80000)
  from space 3072K, 98% used [0x00000000d5e80000,0x00000000d6172c68,0x00000000d6180000)
  to   space 3584K, 0% used [0x00000000d6200000,0x00000000d6200000,0x00000000d6580000)
 ParOldGen       total 131584K, used 131426K [0x0000000080000000, 0x0000000088080000, 0x00000000d5580000)
  object space 131584K, 99% used [0x0000000080000000,0x0000000088058b08,0x0000000088080000)
 Metaspace       used 68020K, committed 69568K, reserved 1114112K
  class space    used 7035K, committed 7744K, reserved 1048576K
}
Event: 73.112 GC heap after
{Heap after GC invocations=223 (full 3):
 PSYoungGen      total 11264K, used 1963K [0x00000000d5580000, 0x00000000d6400000, 0x0000000100000000)
  eden space 9216K, 0% used [0x00000000d5580000,0x00000000d5580000,0x00000000d5e80000)
  from space 2048K, 95% used [0x00000000d6200000,0x00000000d63eacc0,0x00000000d6400000)
  to   space 2560K, 0% used [0x00000000d5f00000,0x00000000d5f00000,0x00000000d6180000)
 ParOldGen       total 134656K, used 134397K [0x0000000080000000, 0x0000000088380000, 0x00000000d5580000)
  object space 134656K, 99% used [0x0000000080000000,0x000000008833f578,0x0000000088380000)
 Metaspace       used 68020K, committed 69568K, reserved 1114112K
  class space    used 7035K, committed 7744K, reserved 1048576K
}
Event: 73.373 GC heap before
{Heap before GC invocations=224 (full 3):
 PSYoungGen      total 11264K, used 11179K [0x00000000d5580000, 0x00000000d6400000, 0x0000000100000000)
  eden space 9216K, 100% used [0x00000000d5580000,0x00000000d5e80000,0x00000000d5e80000)
  from space 2048K, 95% used [0x00000000d6200000,0x00000000d63eacc0,0x00000000d6400000)
  to   space 2560K, 0% used [0x00000000d5f00000,0x00000000d5f00000,0x00000000d6180000)
 ParOldGen       total 134656K, used 134397K [0x0000000080000000, 0x0000000088380000, 0x00000000d5580000)
  object space 134656K, 99% used [0x0000000080000000,0x000000008833f578,0x0000000088380000)
 Metaspace       used 68050K, committed 69568K, reserved 1114112K
  class space    used 7038K, committed 7744K, reserved 1048576K
}
Event: 73.381 GC heap after
{Heap after GC invocations=224 (full 3):
 PSYoungGen      total 10752K, used 1493K [0x00000000d5580000, 0x00000000d6280000, 0x0000000100000000)
  eden space 9216K, 0% used [0x00000000d5580000,0x00000000d5580000,0x00000000d5e80000)
  from space 1536K, 97% used [0x00000000d5f00000,0x00000000d6075480,0x00000000d6080000)
  to   space 2048K, 0% used [0x00000000d6080000,0x00000000d6080000,0x00000000d6280000)
 ParOldGen       total 136704K, used 136262K [0x0000000080000000, 0x0000000088580000, 0x00000000d5580000)
  object space 136704K, 99% used [0x0000000080000000,0x0000000088511860,0x0000000088580000)
 Metaspace       used 68050K, committed 69568K, reserved 1114112K
  class space    used 7038K, committed 7744K, reserved 1048576K
}
Event: 73.722 GC heap before
{Heap before GC invocations=225 (full 3):
 PSYoungGen      total 10752K, used 10709K [0x00000000d5580000, 0x00000000d6280000, 0x0000000100000000)
  eden space 9216K, 100% used [0x00000000d5580000,0x00000000d5e80000,0x00000000d5e80000)
  from space 1536K, 97% used [0x00000000d5f00000,0x00000000d6075480,0x00000000d6080000)
  to   space 2048K, 0% used [0x00000000d6080000,0x00000000d6080000,0x00000000d6280000)
 ParOldGen       total 136704K, used 136262K [0x0000000080000000, 0x0000000088580000, 0x00000000d5580000)
  object space 136704K, 99% used [0x0000000080000000,0x0000000088511860,0x0000000088580000)
 Metaspace       used 68255K, committed 69760K, reserved 1114112K
  class space    used 7056K, committed 7744K, reserved 1048576K
}
Event: 73.729 GC heap after
{Heap after GC invocations=225 (full 3):
 PSYoungGen      total 10752K, used 1469K [0x00000000d5580000, 0x00000000d6200000, 0x0000000100000000)
  eden space 9216K, 0% used [0x00000000d5580000,0x00000000d5580000,0x00000000d5e80000)
  from space 1536K, 95% used [0x00000000d6080000,0x00000000d61ef560,0x00000000d6200000)
  to   space 1536K, 0% used [0x00000000d5f00000,0x00000000d5f00000,0x00000000d6080000)
 ParOldGen       total 137728K, used 137695K [0x0000000080000000, 0x0000000088680000, 0x00000000d5580000)
  object space 137728K, 99% used [0x0000000080000000,0x0000000088677cf0,0x0000000088680000)
 Metaspace       used 68255K, committed 69760K, reserved 1114112K
  class space    used 7056K, committed 7744K, reserved 1048576K
}

Dll operation events (10 events):
Event: 0.165 Loaded shared library c:\Users\NAGARAJ\.vscode\extensions\redhat.java-1.54.0-win32-x64\jre\21.0.10-win32-x86_64\bin\java.dll
Event: 0.676 Loaded shared library c:\Users\NAGARAJ\.vscode\extensions\redhat.java-1.54.0-win32-x64\jre\21.0.10-win32-x86_64\bin\zip.dll
Event: 0.771 Loaded shared library C:\Users\NAGARAJ\.vscode\extensions\redhat.java-1.54.0-win32-x64\jre\21.0.10-win32-x86_64\bin\instrument.dll
Event: 0.790 Loaded shared library C:\Users\NAGARAJ\.vscode\extensions\redhat.java-1.54.0-win32-x64\jre\21.0.10-win32-x86_64\bin\net.dll
Event: 0.798 Loaded shared library C:\Users\NAGARAJ\.vscode\extensions\redhat.java-1.54.0-win32-x64\jre\21.0.10-win32-x86_64\bin\nio.dll
Event: 0.844 Loaded shared library C:\Users\NAGARAJ\.vscode\extensions\redhat.java-1.54.0-win32-x64\jre\21.0.10-win32-x86_64\bin\zip.dll
Event: 0.936 Loaded shared library C:\Users\NAGARAJ\.vscode\extensions\redhat.java-1.54.0-win32-x64\jre\21.0.10-win32-x86_64\bin\jimage.dll
Event: 1.331 Loaded shared library c:\Users\NAGARAJ\.vscode\extensions\redhat.java-1.54.0-win32-x64\jre\21.0.10-win32-x86_64\bin\verify.dll
Event: 5.494 Loaded shared library C:\Users\NAGARAJ\AppData\Roaming\Code\User\globalStorage\redhat.java\1.54.0\config_win\org.eclipse.equinox.launcher\org.eclipse.equinox.launcher.win32.win32.x86_64_1.3.0.v20260203-2149\eclipse_11919.dll
Event: 12.005 Loaded shared library C:\Temp\jna--1860674802\jna5057729777550425403.dll

Deoptimization events (20 events):
Event: 72.500 Thread 0x00000244e46076d0 Uncommon trap: trap_request=0xffffff45 fr.pc=0x00000244d08e8790 relative=0x0000000000000070
Event: 72.500 Thread 0x00000244e46076d0 Uncommon trap: reason=unstable_if action=reinterpret pc=0x00000244d08e8790 method=org.eclipse.jdt.internal.compiler.lookup.BinaryTypeBinding.isPrototype()Z @ 5 c2
Event: 72.500 Thread 0x00000244e46076d0 DEOPT PACKING pc=0x00000244d08e8790 sp=0x00000065354fd8b0
Event: 72.500 Thread 0x00000244e46076d0 DEOPT UNPACKING pc=0x00000244cfdc3aa2 sp=0x00000065354fd848 mode 2
Event: 72.500 Thread 0x00000244e46076d0 Uncommon trap: trap_request=0xffffff45 fr.pc=0x00000244d09dba80 relative=0x0000000000000560
Event: 72.500 Thread 0x00000244e46076d0 Uncommon trap: reason=unstable_if action=reinterpret pc=0x00000244d09dba80 method=org.eclipse.jdt.internal.compiler.lookup.TypeBinding.hasTypeAnnotations()Z @ 10 c2
Event: 72.500 Thread 0x00000244e46076d0 DEOPT PACKING pc=0x00000244d09dba80 sp=0x00000065354fda00
Event: 72.500 Thread 0x00000244e46076d0 DEOPT UNPACKING pc=0x00000244cfdc3aa2 sp=0x00000065354fd950 mode 2
Event: 72.821 Thread 0x00000244e46076d0 Uncommon trap: trap_request=0xffffff45 fr.pc=0x00000244d0961f90 relative=0x0000000000006e10
Event: 72.821 Thread 0x00000244e46076d0 Uncommon trap: reason=unstable_if action=reinterpret pc=0x00000244d0961f90 method=org.eclipse.jdt.internal.compiler.classfmt.ClassFileReader.<init>([B[CZ)V @ 91 c2
Event: 72.821 Thread 0x00000244e46076d0 DEOPT PACKING pc=0x00000244d0961f90 sp=0x00000065354fd4e0
Event: 72.821 Thread 0x00000244e46076d0 DEOPT UNPACKING pc=0x00000244cfdc3aa2 sp=0x00000065354fd470 mode 2
Event: 72.848 Thread 0x00000244e46076d0 Uncommon trap: trap_request=0xffffff45 fr.pc=0x00000244d0909758 relative=0x0000000000006cf8
Event: 72.848 Thread 0x00000244e46076d0 Uncommon trap: reason=unstable_if action=reinterpret pc=0x00000244d0909758 method=org.eclipse.jdt.internal.compiler.classfmt.ClassFileReader.<init>([B[CZ)V @ 91 c2
Event: 72.848 Thread 0x00000244e46076d0 DEOPT PACKING pc=0x00000244d0909758 sp=0x00000065354fd280
Event: 72.848 Thread 0x00000244e46076d0 DEOPT UNPACKING pc=0x00000244cfdc3aa2 sp=0x00000065354fd230 mode 2
Event: 72.943 Thread 0x00000244e46076d0 DEOPT PACKING pc=0x00000244ca14b148 sp=0x00000065354fd090
Event: 72.944 Thread 0x00000244e46076d0 DEOPT UNPACKING pc=0x00000244cfdc4242 sp=0x00000065354fc4f0 mode 0
Event: 73.364 Thread 0x00000244e46076d0 DEOPT PACKING pc=0x00000244c9e874f8 sp=0x00000065354fcdc0
Event: 73.364 Thread 0x00000244e46076d0 DEOPT UNPACKING pc=0x00000244cfdc4242 sp=0x00000065354fc248 mode 0

Classes loaded (20 events):
Event: 55.723 Loading class sun/nio/cs/ISO_8859_1$Decoder
Event: 55.760 Loading class sun/nio/cs/ISO_8859_1$Decoder done
Event: 60.654 Loading class java/util/stream/ReduceOps$4
Event: 60.655 Loading class java/util/stream/ReduceOps$4 done
Event: 60.655 Loading class java/util/stream/ReduceOps$4ReducingSink
Event: 60.656 Loading class java/util/stream/ReduceOps$4ReducingSink done
Event: 61.736 Loading class java/lang/invoke/MethodHandleImpl$CountingWrapper$1
Event: 61.737 Loading class java/lang/invoke/MethodHandleImpl$CountingWrapper$1 done
Event: 63.285 Loading class java/util/stream/ReferencePipeline$4
Event: 63.285 Loading class java/util/stream/ReferencePipeline$4 done
Event: 63.287 Loading class java/util/stream/Nodes$IntFixedNodeBuilder
Event: 63.288 Loading class java/util/stream/Node$Builder$OfInt
Event: 63.290 Loading class java/util/stream/Node$Builder$OfInt done
Event: 63.290 Loading class java/util/stream/Nodes$IntArrayNode
Event: 63.290 Loading class java/util/stream/Nodes$IntArrayNode done
Event: 63.291 Loading class java/util/stream/Nodes$IntFixedNodeBuilder done
Event: 63.291 Loading class java/util/stream/ReferencePipeline$4$1
Event: 63.291 Loading class java/util/stream/ReferencePipeline$4$1 done
Event: 64.073 Loading class jdk/internal/ref/CleanerImpl$InnocuousThreadFactory
Event: 64.079 Loading class jdk/internal/ref/CleanerImpl$InnocuousThreadFactory done

Classes unloaded (7 events):
Event: 15.367 Thread 0x00000244c56efbf0 Unloading class 0x00000244811a4c00 'java/lang/invoke/LambdaForm$MH+0x00000244811a4c00'
Event: 15.367 Thread 0x00000244c56efbf0 Unloading class 0x00000244811a4800 'java/lang/invoke/LambdaForm$MH+0x00000244811a4800'
Event: 15.367 Thread 0x00000244c56efbf0 Unloading class 0x00000244811a4400 'java/lang/invoke/LambdaForm$MH+0x00000244811a4400'
Event: 15.367 Thread 0x00000244c56efbf0 Unloading class 0x00000244811a4000 'java/lang/invoke/LambdaForm$MH+0x00000244811a4000'
Event: 15.367 Thread 0x00000244c56efbf0 Unloading class 0x00000244811a3c00 'java/lang/invoke/LambdaForm$BMH+0x00000244811a3c00'
Event: 15.367 Thread 0x00000244c56efbf0 Unloading class 0x00000244811a3800 'java/lang/invoke/LambdaForm$DMH+0x00000244811a3800'
Event: 15.367 Thread 0x00000244c56efbf0 Unloading class 0x00000244811a2400 'java/lang/invoke/LambdaForm$DMH+0x00000244811a2400'

Classes redefined (0 events):
No events

Internal exceptions (20 events):
Event: 61.873 Thread 0x00000244e1ce01d0 Exception <a 'java/lang/NoSuchMethodError'{0x00000000d5d09818}: 'java.lang.Object java.lang.invoke.DirectMethodHandle$Holder.invokeSpecial(java.lang.Object, java.lang.Object, java.lang.Object, int, int)'> (0x00000000d5d09818) 
thrown [s\src\hotspot\share\interpreter\linkResolver.cpp, line 773]
Event: 61.874 Thread 0x00000244e46076d0 Exception <a 'java/lang/NoSuchMethodError'{0x00000000d5cfe568}: 'java.lang.Object java.lang.invoke.DirectMethodHandle$Holder.invokeSpecial(java.lang.Object, java.lang.Object, java.lang.Object, int, int)'> (0x00000000d5cfe568) 
thrown [s\src\hotspot\share\interpreter\linkResolver.cpp, line 773]
Event: 62.145 Thread 0x00000244e46076d0 Implicit null exception at 0x00000244d0391962 to 0x00000244d0392638
Event: 62.518 Thread 0x00000244e46076d0 Exception <a 'java/lang/LinkageError'{0x00000000d58d7cb8}: loader lombok.launch.ShadowClassLoader @2da145a5 attempted duplicate class definition for lombok.launch.PatchFixesHider$ExtensionMethod. (lombok.launch.PatchFixesHider$ExtensionMethod is in unnamed module of loader lombok.launch.ShadowClassLoader @2da145a5, parent loader org.eclipse.osgi.internal.loader.EquinoxClassLoader @70bf18e5)> (0x00000000d58d7cb8) 
thrown [s\src\hotspot\share\classfile\systemDictionary.cpp, line 1672]
Event: 62.601 Thread 0x00000244e46076d0 Exception <a 'java/lang/NoSuchMethodError'{0x00000000d5b2d748}: 'java.lang.Object java.lang.invoke.DirectMethodHandle$Holder.invokeStatic(java.lang.Object, java.lang.Object, int, java.lang.Object, java.lang.Object)'> (0x00000000d5b2d748) 
thrown [s\src\hotspot\share\interpreter\linkResolver.cpp, line 773]
Event: 62.603 Thread 0x00000244e1ce01d0 Exception <a 'java/lang/NoSuchMethodError'{0x00000000d5b18df8}: 'java.lang.Object java.lang.invoke.DirectMethodHandle$Holder.invokeStatic(java.lang.Object, java.lang.Object, int, java.lang.Object, java.lang.Object)'> (0x00000000d5b18df8) 
thrown [s\src\hotspot\share\interpreter\linkResolver.cpp, line 773]
Event: 62.964 Thread 0x00000244e1ce01d0 Exception <a 'java/io/FileNotFoundException'{0x00000000d58b20b0}> (0x00000000d58b20b0) 
thrown [s\src\hotspot\share\prims\jni.cpp, line 520]
Event: 62.965 Thread 0x00000244e1ce01d0 Exception <a 'java/io/FileNotFoundException'{0x00000000d58b31a0}> (0x00000000d58b31a0) 
thrown [s\src\hotspot\share\prims\jni.cpp, line 520]
Event: 62.966 Thread 0x00000244e1ce01d0 Exception <a 'java/io/FileNotFoundException'{0x00000000d58b3f18}> (0x00000000d58b3f18) 
thrown [s\src\hotspot\share\prims\jni.cpp, line 520]
Event: 63.352 Thread 0x00000244e1cdfb40 Exception <a 'java/lang/NoSuchMethodError'{0x00000000d5b56fc0}: 'java.lang.Object java.lang.invoke.DirectMethodHandle$Holder.invokeStatic(java.lang.Object, java.lang.Object, int, java.lang.Object)'> (0x00000000d5b56fc0) 
thrown [s\src\hotspot\share\interpreter\linkResolver.cpp, line 773]
Event: 63.354 Thread 0x00000244e1cdfb40 Exception <a 'java/lang/NoSuchMethodError'{0x00000000d5b60b78}: 'java.lang.Object java.lang.invoke.DirectMethodHandle$Holder.newInvokeSpecial(java.lang.Object, java.lang.Object, int)'> (0x00000000d5b60b78) 
thrown [s\src\hotspot\share\interpreter\linkResolver.cpp, line 773]
Event: 67.266 Thread 0x00000244e4607d60 Exception <a 'sun/nio/fs/WindowsException'{0x00000000d575e520}> (0x00000000d575e520) 
thrown [s\src\hotspot\share\prims\jni.cpp, line 520]
Event: 67.267 Thread 0x00000244e4607d60 Exception <a 'sun/nio/fs/WindowsException'{0x00000000d575ee00}> (0x00000000d575ee00) 
thrown [s\src\hotspot\share\prims\jni.cpp, line 520]
Event: 67.269 Thread 0x00000244e4607d60 Exception <a 'sun/nio/fs/WindowsException'{0x00000000d575fb48}> (0x00000000d575fb48) 
thrown [s\src\hotspot\share\prims\jni.cpp, line 520]
Event: 67.269 Thread 0x00000244e4607d60 Exception <a 'sun/nio/fs/WindowsException'{0x00000000d5760428}> (0x00000000d5760428) 
thrown [s\src\hotspot\share\prims\jni.cpp, line 520]
Event: 67.378 Thread 0x00000244e4607d60 Exception <a 'sun/nio/fs/WindowsException'{0x00000000d5761c20}> (0x00000000d5761c20) 
thrown [s\src\hotspot\share\prims\jni.cpp, line 520]
Event: 67.378 Thread 0x00000244e4607d60 Exception <a 'sun/nio/fs/WindowsException'{0x00000000d5762500}> (0x00000000d5762500) 
thrown [s\src\hotspot\share\prims\jni.cpp, line 520]
Event: 67.788 Thread 0x00000244e4607d60 Exception <a 'sun/nio/fs/WindowsException'{0x00000000d5a3c9c0}> (0x00000000d5a3c9c0) 
thrown [s\src\hotspot\share\prims\jni.cpp, line 520]
Event: 67.788 Thread 0x00000244e4607d60 Exception <a 'sun/nio/fs/WindowsException'{0x00000000d5a3d2a0}> (0x00000000d5a3d2a0) 
thrown [s\src\hotspot\share\prims\jni.cpp, line 520]
Event: 71.113 Thread 0x00000244e46076d0 Implicit null exception at 0x00000244d0870328 to 0x00000244d08706b8

ZGC Phase Switch (0 events):
No events

VM Operations (20 events):
Event: 71.178 Executing safepoint VM operation: ParallelGCFailedAllocation (Allocation Failure)
Event: 71.183 Executing safepoint VM operation: ParallelGCFailedAllocation (Allocation Failure) done
Event: 71.551 Executing non-safepoint VM operation: HandshakeAllThreads (Deoptimize)
Event: 71.552 Executing non-safepoint VM operation: HandshakeAllThreads (Deoptimize) done
Event: 72.068 Executing safepoint VM operation: ParallelGCFailedAllocation (Allocation Failure)
Event: 72.086 Executing safepoint VM operation: ParallelGCFailedAllocation (Allocation Failure) done
Event: 72.468 Executing non-safepoint VM operation: HandshakeAllThreads (Deoptimize)
Event: 72.480 Executing non-safepoint VM operation: HandshakeAllThreads (Deoptimize) done
Event: 72.799 Executing safepoint VM operation: ParallelGCFailedAllocation (Allocation Failure)
Event: 72.805 Executing safepoint VM operation: ParallelGCFailedAllocation (Allocation Failure) done
Event: 73.106 Executing safepoint VM operation: ParallelGCFailedAllocation (Allocation Failure)
Event: 73.112 Executing safepoint VM operation: ParallelGCFailedAllocation (Allocation Failure) done
Event: 73.305 Executing non-safepoint VM operation: HandshakeAllThreads (Deoptimize)
Event: 73.305 Executing non-safepoint VM operation: HandshakeAllThreads (Deoptimize) done
Event: 73.373 Executing safepoint VM operation: ParallelGCFailedAllocation (Allocation Failure)
Event: 73.381 Executing safepoint VM operation: ParallelGCFailedAllocation (Allocation Failure) done
Event: 73.661 Executing non-safepoint VM operation: HandshakeAllThreads (Deoptimize)
Event: 73.661 Executing non-safepoint VM operation: HandshakeAllThreads (Deoptimize) done
Event: 73.722 Executing safepoint VM operation: ParallelGCFailedAllocation (Allocation Failure)
Event: 73.729 Executing safepoint VM operation: ParallelGCFailedAllocation (Allocation Failure) done

Memory protections (0 events):
No events

Nmethod flushes (20 events):
Event: 41.867 Thread 0x00000244c56efbf0 flushing  nmethod 0x00000244c9179110
Event: 41.867 Thread 0x00000244c56efbf0 flushing  nmethod 0x00000244c917fa10
Event: 41.867 Thread 0x00000244c56efbf0 flushing  nmethod 0x00000244c9180f90
Event: 41.867 Thread 0x00000244c56efbf0 flushing  nmethod 0x00000244c9182710
Event: 41.867 Thread 0x00000244c56efbf0 flushing  nmethod 0x00000244c919b290
Event: 41.867 Thread 0x00000244c56efbf0 flushing osr nmethod 0x00000244c91a7710
Event: 41.867 Thread 0x00000244c56efbf0 flushing  nmethod 0x00000244c91d0f90
Event: 41.867 Thread 0x00000244c56efbf0 flushing  nmethod 0x00000244c91d1510
Event: 41.867 Thread 0x00000244c56efbf0 flushing  nmethod 0x00000244c91d1990
Event: 41.867 Thread 0x00000244c56efbf0 flushing  nmethod 0x00000244c91d4210
Event: 41.867 Thread 0x00000244c56efbf0 flushing  nmethod 0x00000244c91d4590
Event: 41.867 Thread 0x00000244c56efbf0 flushing  nmethod 0x00000244c91d5490
Event: 41.867 Thread 0x00000244c56efbf0 flushing  nmethod 0x00000244c91d6210
Event: 41.867 Thread 0x00000244c56efbf0 flushing  nmethod 0x00000244c91d7110
Event: 41.867 Thread 0x00000244c56efbf0 flushing  nmethod 0x00000244c91e9790
Event: 41.867 Thread 0x00000244c56efbf0 flushing  nmethod 0x00000244c91ea810
Event: 41.867 Thread 0x00000244c56efbf0 flushing  nmethod 0x00000244c91eae10
Event: 41.867 Thread 0x00000244c56efbf0 flushing  nmethod 0x00000244c91f3d90
Event: 41.867 Thread 0x00000244c56efbf0 flushing  nmethod 0x00000244c91f4810
Event: 41.867 Thread 0x00000244c56efbf0 flushing osr nmethod 0x00000244c91f5990

Events (20 events):
Event: 19.667 Thread 0x00000244c5631390 Thread added: 0x00000244e4609e30
Event: 19.773 Thread 0x00000244c5631390 Thread added: 0x00000244e4606320
Event: 20.905 Thread 0x00000244c5631390 Thread added: 0x00000244e460a4c0
Event: 20.906 Thread 0x00000244c5631390 Thread added: 0x00000244e460ab50
Event: 22.374 Thread 0x00000244e1ce0ef0 Thread added: 0x00000244e4609110
Event: 22.383 Thread 0x00000244e1ce0ef0 Thread added: 0x00000244e46076d0
Event: 22.386 Thread 0x00000244e4609110 Thread added: 0x00000244e4607d60
Event: 24.806 Thread 0x00000244e1ce1c10 Thread added: 0x00000244e460d940
Event: 28.619 Thread 0x00000244e460d940 Thread exited: 0x00000244e460d940
Event: 54.075 Thread 0x00000244e1cdfb40 Thread added: 0x00000244e460cc20
Event: 54.080 Thread 0x00000244e1cdfb40 Thread added: 0x00000244e460d940
Event: 54.085 Thread 0x00000244e1cdfb40 Thread added: 0x00000244e460bf00
Event: 54.087 Thread 0x00000244e1cdfb40 Thread added: 0x00000244e460d2b0
Event: 54.091 Thread 0x00000244e1cdfb40 Thread added: 0x00000244e30c2ef0
Event: 59.642 Thread 0x00000244e30c2ef0 Thread exited: 0x00000244e30c2ef0
Event: 59.644 Thread 0x00000244e460cc20 Thread exited: 0x00000244e460cc20
Event: 59.700 Thread 0x00000244e460d2b0 Thread exited: 0x00000244e460d2b0
Event: 59.711 Thread 0x00000244e460d940 Thread exited: 0x00000244e460d940
Event: 59.741 Thread 0x00000244e460bf00 Thread exited: 0x00000244e460bf00
Event: 64.108 Thread 0x00000244e4607d60 Thread added: 0x00000244e460cc20


Dynamic libraries:
0x00007ff6c2030000 - 0x00007ff6c203e000 	c:\Users\NAGARAJ\.vscode\extensions\redhat.java-1.54.0-win32-x64\jre\21.0.10-win32-x86_64\bin\java.exe
0x00007ff87c7b0000 - 0x00007ff87c9a8000 	C:\WINDOWS\SYSTEM32\ntdll.dll
0x00007ff87bc90000 - 0x00007ff87bd52000 	C:\WINDOWS\System32\KERNEL32.DLL
0x00007ff87a500000 - 0x00007ff87a7f6000 	C:\WINDOWS\System32\KERNELBASE.dll
0x00007ff87a240000 - 0x00007ff87a340000 	C:\WINDOWS\System32\ucrtbase.dll
0x00007ff865f30000 - 0x00007ff865f48000 	c:\Users\NAGARAJ\.vscode\extensions\redhat.java-1.54.0-win32-x64\jre\21.0.10-win32-x86_64\bin\jli.dll
0x00007ff87c4d0000 - 0x00007ff87c671000 	C:\WINDOWS\System32\USER32.dll
0x00007ff87a800000 - 0x00007ff87a822000 	C:\WINDOWS\System32\win32u.dll
0x00007ff87aa40000 - 0x00007ff87aa6b000 	C:\WINDOWS\System32\GDI32.dll
0x00007ff87a3e0000 - 0x00007ff87a4f9000 	C:\WINDOWS\System32\gdi32full.dll
0x00007ff87a340000 - 0x00007ff87a3dd000 	C:\WINDOWS\System32\msvcp_win.dll
0x00007ff85f1e0000 - 0x00007ff85f1fe000 	c:\Users\NAGARAJ\.vscode\extensions\redhat.java-1.54.0-win32-x64\jre\21.0.10-win32-x86_64\bin\VCRUNTIME140.dll
0x00007ff86a970000 - 0x00007ff86ac0b000 	C:\WINDOWS\WinSxS\amd64_microsoft.windows.common-controls_6595b64144ccf1df_6.0.19041.6456_none_60b8a6cb71f64256\COMCTL32.dll
0x00007ff87bbe0000 - 0x00007ff87bc7e000 	C:\WINDOWS\System32\msvcrt.dll
0x00007ff87ad90000 - 0x00007ff87adbf000 	C:\WINDOWS\System32\IMM32.DLL
0x00007ff86d120000 - 0x00007ff86d12c000 	c:\Users\NAGARAJ\.vscode\extensions\redhat.java-1.54.0-win32-x64\jre\21.0.10-win32-x86_64\bin\vcruntime140_1.dll
0x00007ff8474a0000 - 0x00007ff84752d000 	c:\Users\NAGARAJ\.vscode\extensions\redhat.java-1.54.0-win32-x64\jre\21.0.10-win32-x86_64\bin\msvcp140.dll
0x00007ffff84c0000 - 0x00007ffff9261000 	c:\Users\NAGARAJ\.vscode\extensions\redhat.java-1.54.0-win32-x64\jre\21.0.10-win32-x86_64\bin\server\jvm.dll
0x00007ff87ac20000 - 0x00007ff87acd1000 	C:\WINDOWS\System32\ADVAPI32.dll
0x00007ff87ba70000 - 0x00007ff87bb0f000 	C:\WINDOWS\System32\sechost.dll
0x00007ff87b820000 - 0x00007ff87b940000 	C:\WINDOWS\System32\RPCRT4.dll
0x00007ff87a190000 - 0x00007ff87a1b7000 	C:\WINDOWS\System32\bcrypt.dll
0x00007ff87adc0000 - 0x00007ff87ae2b000 	C:\WINDOWS\System32\WS2_32.dll
0x00007ff879480000 - 0x00007ff8794cb000 	C:\WINDOWS\SYSTEM32\POWRPROF.dll
0x00007ff873530000 - 0x00007ff873557000 	C:\WINDOWS\SYSTEM32\WINMM.dll
0x00007ff874ac0000 - 0x00007ff874aca000 	C:\WINDOWS\SYSTEM32\VERSION.dll
0x00007ff8792f0000 - 0x00007ff879302000 	C:\WINDOWS\SYSTEM32\UMPDC.dll
0x00007ff877c40000 - 0x00007ff877c52000 	C:\WINDOWS\SYSTEM32\kernel.appcore.dll
0x00007ff86cbd0000 - 0x00007ff86cbda000 	c:\Users\NAGARAJ\.vscode\extensions\redhat.java-1.54.0-win32-x64\jre\21.0.10-win32-x86_64\bin\jimage.dll
0x00007ff865a30000 - 0x00007ff865c31000 	C:\WINDOWS\SYSTEM32\DBGHELP.DLL
0x00007ff85a830000 - 0x00007ff85a864000 	C:\WINDOWS\SYSTEM32\dbgcore.DLL
0x00007ff87a830000 - 0x00007ff87a8b2000 	C:\WINDOWS\System32\bcryptPrimitives.dll
0x00007ff8690d0000 - 0x00007ff8690df000 	c:\Users\NAGARAJ\.vscode\extensions\redhat.java-1.54.0-win32-x64\jre\21.0.10-win32-x86_64\bin\instrument.dll
0x00007ff8545e0000 - 0x00007ff854600000 	c:\Users\NAGARAJ\.vscode\extensions\redhat.java-1.54.0-win32-x64\jre\21.0.10-win32-x86_64\bin\java.dll
0x00007ff87bd60000 - 0x00007ff87c4d0000 	C:\WINDOWS\System32\SHELL32.dll
0x00007ff877f20000 - 0x00007ff8786c5000 	C:\WINDOWS\SYSTEM32\windows.storage.dll
0x00007ff87b350000 - 0x00007ff87b6a4000 	C:\WINDOWS\System32\combase.dll
0x00007ff879880000 - 0x00007ff8798ab000 	C:\WINDOWS\SYSTEM32\Wldp.dll
0x00007ff87bb10000 - 0x00007ff87bbdd000 	C:\WINDOWS\System32\OLEAUT32.dll
0x00007ff87b2a0000 - 0x00007ff87b34d000 	C:\WINDOWS\System32\SHCORE.dll
0x00007ff87a8c0000 - 0x00007ff87a91b000 	C:\WINDOWS\System32\shlwapi.dll
0x00007ff879e60000 - 0x00007ff879e84000 	C:\WINDOWS\SYSTEM32\profapi.dll
0x00007ff854050000 - 0x00007ff854068000 	c:\Users\NAGARAJ\.vscode\extensions\redhat.java-1.54.0-win32-x64\jre\21.0.10-win32-x86_64\bin\zip.dll
0x00007ff868b50000 - 0x00007ff868b60000 	C:\Users\NAGARAJ\.vscode\extensions\redhat.java-1.54.0-win32-x64\jre\21.0.10-win32-x86_64\bin\net.dll
0x00007ff873080000 - 0x00007ff87318a000 	C:\WINDOWS\SYSTEM32\WINHTTP.dll
0x00007ff879660000 - 0x00007ff8796ca000 	C:\WINDOWS\system32\mswsock.dll
0x00007ff850fd0000 - 0x00007ff850fe6000 	C:\Users\NAGARAJ\.vscode\extensions\redhat.java-1.54.0-win32-x64\jre\21.0.10-win32-x86_64\bin\nio.dll
0x00007ff8687a0000 - 0x00007ff8687b0000 	c:\Users\NAGARAJ\.vscode\extensions\redhat.java-1.54.0-win32-x64\jre\21.0.10-win32-x86_64\bin\verify.dll
0x00007ff85e4f0000 - 0x00007ff85e535000 	C:\Users\NAGARAJ\AppData\Roaming\Code\User\globalStorage\redhat.java\1.54.0\config_win\org.eclipse.equinox.launcher\org.eclipse.equinox.launcher.win32.win32.x86_64_1.3.0.v20260203-2149\eclipse_11919.dll
0x00007ff87b940000 - 0x00007ff87ba6b000 	C:\WINDOWS\System32\ole32.dll
0x00007ff8798c0000 - 0x00007ff8798d8000 	C:\WINDOWS\SYSTEM32\CRYPTSP.dll
0x00007ff878f30000 - 0x00007ff878f68000 	C:\WINDOWS\system32\rsaenh.dll
0x00007ff879e20000 - 0x00007ff879e4e000 	C:\WINDOWS\SYSTEM32\USERENV.dll
0x00007ff8797f0000 - 0x00007ff8797fc000 	C:\WINDOWS\SYSTEM32\CRYPTBASE.dll
0x00007ff879310000 - 0x00007ff87934b000 	C:\WINDOWS\SYSTEM32\IPHLPAPI.DLL
0x00007ff87bc80000 - 0x00007ff87bc88000 	C:\WINDOWS\System32\NSI.dll
0x00007ff84f080000 - 0x00007ff84f0c9000 	C:\Temp\jna--1860674802\jna5057729777550425403.dll
0x00007ff87b7b0000 - 0x00007ff87b7b8000 	C:\WINDOWS\System32\PSAPI.DLL
0x00007ff873fc0000 - 0x00007ff873fd7000 	C:\WINDOWS\SYSTEM32\dhcpcsvc6.DLL
0x00007ff873f60000 - 0x00007ff873f7d000 	C:\WINDOWS\SYSTEM32\dhcpcsvc.DLL

JVMTI agents:
c:\Users\NAGARAJ\.vscode\extensions\redhat.java-1.54.0-win32-x64\lombok\lombok-1.18.39-4050.jar path:c:\Users\NAGARAJ\.vscode\extensions\redhat.java-1.54.0-win32-x64\jre\21.0.10-win32-x86_64\bin\instrument.dll, loaded, initialized, instrumentlib options:none

dbghelp: loaded successfully - version: 4.0.5 - missing functions: none
symbol engine: initialized successfully - sym options: 0x614 - pdb path: .;c:\Users\NAGARAJ\.vscode\extensions\redhat.java-1.54.0-win32-x64\jre\21.0.10-win32-x86_64\bin;C:\WINDOWS\SYSTEM32;C:\WINDOWS\WinSxS\amd64_microsoft.windows.common-controls_6595b64144ccf1df_6.0.19041.6456_none_60b8a6cb71f64256;c:\Users\NAGARAJ\.vscode\extensions\redhat.java-1.54.0-win32-x64\jre\21.0.10-win32-x86_64\bin\server;C:\Users\NAGARAJ\AppData\Roaming\Code\User\globalStorage\redhat.java\1.54.0\config_win\org.eclipse.equinox.launcher\org.eclipse.equinox.launcher.win32.win32.x86_64_1.3.0.v20260203-2149;C:\Temp\jna--1860674802

VM Arguments:
jvm_args: --add-modules=ALL-SYSTEM --add-opens=java.base/java.util=ALL-UNNAMED --add-opens=java.base/java.lang=ALL-UNNAMED --add-opens=java.base/sun.nio.fs=ALL-UNNAMED -Declipse.application=org.eclipse.jdt.ls.core.id1 -Dosgi.bundles.defaultStartLevel=4 -Declipse.product=org.eclipse.jdt.ls.core.product -Djava.import.generatesMetadataFilesAtProjectRoot=false -DDetectVMInstallationsJob.disabled=true -Dfile.encoding=utf8 -XX:+UseParallelGC -XX:GCTimeRatio=4 -XX:AdaptiveSizePolicyWeight=90 -Dsun.zip.disableMemoryMapping=true -Xmx2G -Xms100m -Xlog:disable -javaagent:c:\Users\NAGARAJ\.vscode\extensions\redhat.java-1.54.0-win32-x64\lombok\lombok-1.18.39-4050.jar -XX:+HeapDumpOnOutOfMemoryError -XX:HeapDumpPath=c:\Users\NAGARAJ\AppData\Roaming\Code\User\workspaceStorage\71ab786f3efb653311a4c375c0ec5e39\redhat.java -Daether.dependencyCollector.impl=bf 
java_command: c:\Users\NAGARAJ\.vscode\extensions\redhat.java-1.54.0-win32-x64\server\plugins\org.eclipse.equinox.launcher_1.7.100.v20251111-0406.jar -configuration c:\Users\NAGARAJ\AppData\Roaming\Code\User\globalStorage\redhat.java\1.54.0\config_win -data c:\Users\NAGARAJ\AppData\Roaming\Code\User\workspaceStorage\71ab786f3efb653311a4c375c0ec5e39\redhat.java\jdt_ws --pipe=\\.\pipe\lsp-b22879eedb6660153eff0fbbd3342fbb-sock
java_class_path (initial): c:\Users\NAGARAJ\.vscode\extensions\redhat.java-1.54.0-win32-x64\server\plugins\org.eclipse.equinox.launcher_1.7.100.v20251111-0406.jar
Launcher Type: SUN_STANDARD

[Global flags]
    uintx AdaptiveSizePolicyWeight                 = 90                                        {product} {command line}
     intx CICompilerCount                          = 3                                         {product} {ergonomic}
    uintx GCTimeRatio                              = 4                                         {product} {command line}
     bool HeapDumpOnOutOfMemoryError               = true                                   {manageable} {command line}
    ccstr HeapDumpPath                             = c:\Users\NAGARAJ\AppData\Roaming\Code\User\workspaceStorage\71ab786f3efb653311a4c375c0ec5e39\redhat.java         {manageable} {command line}
   size_t InitialHeapSize                          = 104857600                                 {product} {command line}
   size_t MaxHeapSize                              = 2147483648                                {product} {command line}
   size_t MaxNewSize                               = 715653120                                 {product} {ergonomic}
   size_t MinHeapDeltaBytes                        = 524288                                    {product} {ergonomic}
   size_t MinHeapSize                              = 104857600                                 {product} {command line}
   size_t NewSize                                  = 34603008                                  {product} {ergonomic}
    uintx NonNMethodCodeHeapSize                   = 5832780                                {pd product} {ergonomic}
    uintx NonProfiledCodeHeapSize                  = 122912730                              {pd product} {ergonomic}
   size_t OldSize                                  = 70254592                                  {product} {ergonomic}
    uintx ProfiledCodeHeapSize                     = 122912730                              {pd product} {ergonomic}
    uintx ReservedCodeCacheSize                    = 251658240                              {pd product} {ergonomic}
     bool SegmentedCodeCache                       = true                                      {product} {ergonomic}
   size_t SoftMaxHeapSize                          = 2147483648                             {manageable} {ergonomic}
     bool UseCompressedOops                        = true                           {product lp64_product} {ergonomic}
     bool UseLargePagesIndividualAllocation        = false                                  {pd product} {ergonomic}
     bool UseParallelGC                            = true                                      {product} {command line}

Logging:
Log output configuration:
 #0: stdout all=off uptime,level,tags foldmultilines=false
 #1: stderr all=off uptime,level,tags foldmultilines=false

Release file:
JAVA_VERSION="21.0.10" 
MODULES="java.base java.compiler java.datatransfer java.xml java.prefs java.desktop java.instrument java.logging java.management java.security.sasl java.naming java.rmi java.management.rmi java.net.http java.scripting java.security.jgss java.transaction.xa java.sql java.sql.rowset java.xml.crypto java.se java.smartcardio jdk.accessibility jdk.internal.jvmstat jdk.attach jdk.charsets jdk.internal.opt jdk.zipfs jdk.compiler jdk.crypto.ec jdk.crypto.cryptoki jdk.crypto.mscapi jdk.dynalink jdk.internal.ed jdk.editpad jdk.hotspot.agent jdk.httpserver jdk.internal.le jdk.internal.vm.ci jdk.internal.vm.compiler jdk.internal.vm.compiler.management jdk.jartool jdk.javadoc jdk.jcmd jdk.management jdk.management.agent jdk.jconsole jdk.jdeps jdk.jdwp.agent jdk.jdi jdk.jfr jdk.jshell jdk.jsobject jdk.jstatd jdk.localedata jdk.management.jfr jdk.naming.dns jdk.naming.rmi jdk.net jdk.nio.mapmode jdk.random jdk.sctp jdk.security.auth jdk.security.jgss jdk.unsupported jdk.unsupported.desktop jdk.xml.dom" 

Environment Variables:
PATH=C:\Users\NAGARAJ\AppData\Local\Programs\Microsoft VS Code;C:\Program Files\Common Files\Oracle\Java\javapath;C:\WINDOWS\system32;C:\WINDOWS;C:\WINDOWS\System32\Wbem;C:\WINDOWS\System32\WindowsPowerShell\v1.0\;C:\Program Files\Git\cmd;C:\WINDOWS\System32\OpenSSH\;C:\Program Files (x86)\apache-maven-3.9.9-bin (2)\apache-maven-3.9.9\bin;C:\Program Files\gradle\gradle-8.14.1\bin;C:\Program Files\nodejs\;C:\Program Files\Docker\Docker\resources\bin;C:\Program Files\MySQL\MySQL Shell 8.0\bin\;C:\Users\NAGARAJ\AppData\Local\Microsoft\WindowsApps;C:\Program Files\JetBrains\IntelliJ IDEA Community Edition 2024.3.3\bin;;C:\Users\NAGARAJ\AppData\Local\Programs\Microsoft VS Code\bin;search-ms:displayname=Search%20Results%20in%20apache-maven-3.9.9&crumb=location:C%3A%5Cdevops%20lab%5Capache-maven-3.9.9;C:\Users\NAGARAJ\AppData\Local\Google\Cloud SDK\google-cloud-sdk\bin;C:\Users\NAGARAJ\AppData\Roaming\npm
USERNAME=NAGARAJ
OS=Windows_NT
PROCESSOR_IDENTIFIER=Intel64 Family 6 Model 58 Stepping 9, GenuineIntel
TMP=C:\Temp
TEMP=C:\Temp




Periodic native trim disabled

---------------  S Y S T E M  ---------------

OS:
 Windows 10 , 64 bit Build 19041 (10.0.19041.5915)
OS uptime: 3 days 1:56 hours
Hyper-V role detected

CPU: total 4 (initial active 4) (2 cores per cpu, 2 threads per core) family 6 model 58 stepping 9 microcode 0x21, cx8, cmov, fxsr, ht, mmx, sse, sse2, sse3, ssse3, sse4.1, sse4.2, popcnt, tsc, tscinvbit, avx, aes, erms, clmul, vzeroupper, clflush, hv, rdtscp, f16c
Processor Information for the first 4 processors :
  Max Mhz: 2601, Current Mhz: 2601, Mhz Limit: 2601

Memory: 4k page, system-wide physical 3915M (145M free)
TotalPageFile size 15691M (AvailPageFile size 0M)
current process WorkingSet (physical memory assigned to process): 217M, peak: 243M
current process commit charge ("private bytes"): 432M, peak: 434M

vm_info: OpenJDK 64-Bit Server VM (21.0.10+7-LTS) for windows-amd64 JRE (21.0.10+7-LTS), built on 2026-01-20T00:00:00Z by "admin" with MS VC++ 17.12 (VS2022)

END.
