#
# There is insufficient memory for the Java Runtime Environment to continue.
# Native memory allocation (malloc) failed to allocate 538096 bytes. Error detail: Chunk::new
# Possible reasons:
#   The system is out of physical RAM or swap space
#   This process is running with CompressedOops enabled, and the Java Heap may be blocking the growth of the native heap
# Possible solutions:
#   Reduce memory load on the system
#   Increase physical memory or swap space
#   Check if swap backing store is full
#   Decrease Java heap size (-Xmx/-Xms)
#   Decrease number of Java threads
#   Decrease Java thread stack sizes (-Xss)
#   Set larger code cache with -XX:ReservedCodeCacheSize=
#   JVM is running with Unscaled Compressed Oops mode in which the Java heap is
#     placed in the first 4GB address space. The Java Heap base address is the
#     maximum limit for the native heap growth. Please use -XX:HeapBaseMinAddress
#     to set the Java Heap base and to place the Java Heap above 4GB virtual address.
# This output file may be truncated or incomplete.
#
#  Out of Memory Error (arena.cpp:168), pid=18760, tid=472
#
# JRE version: OpenJDK Runtime Environment Temurin-21.0.10+7 (21.0.10+7) (build 21.0.10+7-LTS)
# Java VM: OpenJDK 64-Bit Server VM Temurin-21.0.10+7 (21.0.10+7-LTS, mixed mode, sharing, tiered, compressed oops, compressed class ptrs, parallel gc, windows-amd64)
# No core dump will be written. Minidumps are not enabled by default on client versions of Windows
#

---------------  S U M M A R Y ------------

Command Line: --add-modules=ALL-SYSTEM --add-opens=java.base/java.util=ALL-UNNAMED --add-opens=java.base/java.lang=ALL-UNNAMED --add-opens=java.base/sun.nio.fs=ALL-UNNAMED -Declipse.application=org.eclipse.jdt.ls.core.id1 -Dosgi.bundles.defaultStartLevel=4 -Declipse.product=org.eclipse.jdt.ls.core.product -Djava.import.generatesMetadataFilesAtProjectRoot=false -DDetectVMInstallationsJob.disabled=true -Dfile.encoding=utf8 -XX:+UseParallelGC -XX:GCTimeRatio=4 -XX:AdaptiveSizePolicyWeight=90 -Dsun.zip.disableMemoryMapping=true -Xmx2G -Xms100m -Xlog:disable -javaagent:c:\Users\NAGARAJ\.vscode\extensions\redhat.java-1.54.0-win32-x64\lombok\lombok-1.18.39-4050.jar -XX:+HeapDumpOnOutOfMemoryError -XX:HeapDumpPath=c:\Users\NAGARAJ\AppData\Roaming\Code\User\workspaceStorage\71ab786f3efb653311a4c375c0ec5e39\redhat.java -Daether.dependencyCollector.impl=bf c:\Users\NAGARAJ\.vscode\extensions\redhat.java-1.54.0-win32-x64\server\plugins\org.eclipse.equinox.launcher_1.7.100.v20251111-0406.jar -configuration c:\Users\NAGARAJ\AppData\Roaming\Code\User\globalStorage\redhat.java\1.54.0\config_win -data c:\Users\NAGARAJ\AppData\Roaming\Code\User\workspaceStorage\71ab786f3efb653311a4c375c0ec5e39\redhat.java\jdt_ws --pipe=\\.\pipe\lsp-87e69ac4dae48c0f5069ff8e43de29a0-sock

Host: Intel(R) Core(TM) i5-3320M CPU @ 2.60GHz, 4 cores, 3G,  Windows 10 , 64 bit Build 19041 (10.0.19041.5915)
Time: Thu May  7 22:49:52 2026 India Standard Time elapsed time: 31.258279 seconds (0d 0h 0m 31s)

---------------  T H R E A D  ---------------

Current thread (0x00000283bf7990c0):  JavaThread "C2 CompilerThread0" daemon [_thread_in_native, id=472, stack(0x000000a517000000,0x000000a517100000) (1024K)]


Current CompileTask:
C2:31258 4190       4       org.lombokweb.asm.ClassReader::readMethod (1070 bytes)

Stack: [0x000000a517000000,0x000000a517100000]
Native frames: (J=compiled Java code, j=interpreted, Vv=VM code, C=native code)
V  [jvm.dll+0x6d7a39]
V  [jvm.dll+0x8b4b26]
V  [jvm.dll+0x8b70de]
V  [jvm.dll+0x8b77c3]
V  [jvm.dll+0x284346]
V  [jvm.dll+0xc66ed]
V  [jvm.dll+0xc6c31]
V  [jvm.dll+0x2fb29e]
V  [jvm.dll+0x5fe884]
V  [jvm.dll+0x255b17]
V  [jvm.dll+0x24e12a]
V  [jvm.dll+0x24ba42]
V  [jvm.dll+0x1cb34e]
V  [jvm.dll+0x25b85d]
V  [jvm.dll+0x259dea]
V  [jvm.dll+0x3f857e]
V  [jvm.dll+0x85f59d]
V  [jvm.dll+0x6d626d]
C  [ucrtbase.dll+0x21bb2]
C  [KERNEL32.DLL+0x17374]
C  [ntdll.dll+0x4cc91]


---------------  P R O C E S S  ---------------

Threads class SMR info:
_java_thread_list=0x000002841cd98150, length=21, elements={
0x00000283bf89fd70, 0x00000283bf78b1e0, 0x00000283bf78caf0, 0x00000283bf78e400,
0x00000283bf78f320, 0x00000283bf792b40, 0x00000283bf797760, 0x00000283bf7990c0,
0x00000283bf7bedb0, 0x000002841c1a2330, 0x000002841c281900, 0x000002841c3e7fc0,
0x000002841c5df400, 0x000002841c4da890, 0x00000283bf843a20, 0x000002841c922ed0,
0x000002841c93d560, 0x000002841c064b50, 0x000002841c065870, 0x000002841c065f00,
0x000002841c0651e0
}

Java Threads: ( => current thread )
  0x00000283bf89fd70 JavaThread "main"                              [_thread_blocked, id=22384, stack(0x000000a516600000,0x000000a516700000) (1024K)]
  0x00000283bf78b1e0 JavaThread "Reference Handler"          daemon [_thread_blocked, id=10928, stack(0x000000a516a00000,0x000000a516b00000) (1024K)]
  0x00000283bf78caf0 JavaThread "Finalizer"                  daemon [_thread_blocked, id=1152, stack(0x000000a516b00000,0x000000a516c00000) (1024K)]
  0x00000283bf78e400 JavaThread "Signal Dispatcher"          daemon [_thread_blocked, id=10292, stack(0x000000a516c00000,0x000000a516d00000) (1024K)]
  0x00000283bf78f320 JavaThread "Attach Listener"            daemon [_thread_blocked, id=9204, stack(0x000000a516d00000,0x000000a516e00000) (1024K)]
  0x00000283bf792b40 JavaThread "Service Thread"             daemon [_thread_blocked, id=20196, stack(0x000000a516e00000,0x000000a516f00000) (1024K)]
  0x00000283bf797760 JavaThread "Monitor Deflation Thread"   daemon [_thread_blocked, id=12324, stack(0x000000a516f00000,0x000000a517000000) (1024K)]
=>0x00000283bf7990c0 JavaThread "C2 CompilerThread0"         daemon [_thread_in_native, id=472, stack(0x000000a517000000,0x000000a517100000) (1024K)]
  0x00000283bf7bedb0 JavaThread "C1 CompilerThread0"         daemon [_thread_in_vm, id=14744, stack(0x000000a517100000,0x000000a517200000) (1024K)]
  0x000002841c1a2330 JavaThread "Common-Cleaner"             daemon [_thread_blocked, id=17400, stack(0x000000a517200000,0x000000a517300000) (1024K)]
  0x000002841c281900 JavaThread "Notification Thread"        daemon [_thread_blocked, id=21020, stack(0x000000a517300000,0x000000a517400000) (1024K)]
  0x000002841c3e7fc0 JavaThread "Active Thread: Equinox Container: ddc2ac7d-fb7f-40df-a54c-79199465fab9"        [_thread_blocked, id=12004, stack(0x000000a517700000,0x000000a517800000) (1024K)]
  0x000002841c5df400 JavaThread "Refresh Thread: Equinox Container: ddc2ac7d-fb7f-40df-a54c-79199465fab9" daemon [_thread_blocked, id=20708, stack(0x000000a517800000,0x000000a517900000) (1024K)]
  0x000002841c4da890 JavaThread "Framework Event Dispatcher: Equinox Container: ddc2ac7d-fb7f-40df-a54c-79199465fab9" daemon [_thread_in_vm, id=12364, stack(0x000000a517900000,0x000000a517a00000) (1024K)]
  0x00000283bf843a20 JavaThread "Start Level: Equinox Container: ddc2ac7d-fb7f-40df-a54c-79199465fab9" daemon [_thread_in_vm, id=15116, stack(0x000000a517a00000,0x000000a517b00000) (1024K)]
  0x000002841c922ed0 JavaThread "Bundle File Closer"         daemon [_thread_blocked, id=16144, stack(0x000000a517b00000,0x000000a517c00000) (1024K)]
  0x000002841c93d560 JavaThread "SCR Component Actor"        daemon [_thread_blocked, id=11060, stack(0x000000a517c00000,0x000000a517d00000) (1024K)]
  0x000002841c064b50 JavaThread "Worker-JM"                         [_thread_blocked, id=20688, stack(0x000000a517d00000,0x000000a517e00000) (1024K)]
  0x000002841c065870 JavaThread "JNA Cleaner"                daemon [_thread_blocked, id=18444, stack(0x000000a517e00000,0x000000a517f00000) (1024K)]
  0x000002841c065f00 JavaThread "Worker-0"                          [_thread_blocked, id=20836, stack(0x000000a517f00000,0x000000a518000000) (1024K)]
  0x000002841c0651e0 JavaThread "Worker-1: Repository registry initialization"        [_thread_in_vm, id=3632, stack(0x000000a518000000,0x000000a518100000) (1024K)]
Total: 21

Other Threads:
  0x00000283bf960410 VMThread "VM Thread"                           [id=4872, stack(0x000000a516900000,0x000000a516a00000) (1024K)]
  0x00000283bf90a600 WatcherThread "VM Periodic Task Thread"        [id=20992, stack(0x000000a516800000,0x000000a516900000) (1024K)]
  0x00000283bf8bd570 WorkerThread "GC Thread#0"                     [id=18992, stack(0x000000a516700000,0x000000a516800000) (1024K)]
  0x000002841c3f8440 WorkerThread "GC Thread#1"                     [id=3540, stack(0x000000a517400000,0x000000a517500000) (1024K)]
  0x000002841c533eb0 WorkerThread "GC Thread#2"                     [id=13500, stack(0x000000a517500000,0x000000a517600000) (1024K)]
  0x000002841c534260 WorkerThread "GC Thread#3"                     [id=6420, stack(0x000000a517600000,0x000000a517700000) (1024K)]
Total: 6

Threads with active compile tasks:
C2 CompilerThread0  31333 4190       4       org.lombokweb.asm.ClassReader::readMethod (1070 bytes)
C1 CompilerThread0  31333 4224       3       org.eclipse.core.internal.registry.ConfigurationElementHandle::getConfigurationElement (18 bytes)
Total: 2

VM state: not at safepoint (normal execution)

VM Mutex/Monitor currently owned by a thread:  ([mutex/lock_event])
[0x00007ffff917c4e0] Metaspace_lock - owner thread: 0x000002841c0651e0

OutOfMemory and StackOverflow Exception counts:
OutOfMemoryError java_heap_errors=2
LinkageErrors=84

Heap address: 0x0000000080000000, size: 2048 MB, Compressed Oops mode: 32-bit

CDS archive(s) mapped at: [0x00000283d7000000-0x00000283d7ba0000-0x00000283d7ba0000), size 12189696, SharedBaseAddress: 0x00000283d7000000, ArchiveRelocationMode: 1.
Compressed class space mapped at: 0x00000283d8000000-0x0000028418000000, reserved size: 1073741824
Narrow klass base: 0x00000283d7000000, Narrow klass shift: 0, Narrow klass range: 0x100000000

GC Precious Log:
 CardTable entry size: 512
 CPUs: 4 total, 4 available
 Memory: 3915M
 Large Page Support: Disabled
 NUMA Support: Disabled
 Compressed Oops: Enabled (32-bit)
 Alignments: Space 512K, Generation 512K, Heap 2M
 Heap Min Capacity: 100M
 Heap Initial Capacity: 100M
 Heap Max Capacity: 2G
 Pre-touch: Disabled
 Parallel Workers: 4

Heap:
 PSYoungGen      total 27136K, used 25873K [0x00000000d5580000, 0x00000000d7500000, 0x0000000100000000)
  eden space 24064K, 94% used [0x00000000d5580000,0x00000000d6bd1d78,0x00000000d6d00000)
  from space 3072K, 98% used [0x00000000d7200000,0x00000000d74f2798,0x00000000d7500000)
  to   space 3584K, 0% used [0x00000000d6e00000,0x00000000d6e00000,0x00000000d7180000)
 ParOldGen       total 68608K, used 13298K [0x0000000080000000, 0x0000000084300000, 0x00000000d5580000)
  object space 68608K, 19% used [0x0000000080000000,0x0000000080cfc998,0x0000000084300000)
 Metaspace       used 26027K, committed 26944K, reserved 1114112K
  class space    used 2633K, committed 3072K, reserved 1048576K

Card table byte_map: [0x00000283bf250000,0x00000283bf660000] _byte_map_base: 0x00000283bee50000

Marking Bits: (ParMarkBitMap*) 0x00007ffff9183450
 Begin Bits: [0x00000283d1d60000, 0x00000283d3d60000)
 End Bits:   [0x00000283d3d60000, 0x00000283d5d60000)

Polling page: 0x00000283bd760000

Metaspace:

Usage:
  Non-class:     22.85 MB used.
      Class:      2.57 MB used.
       Both:     25.42 MB used.

Virtual space:
  Non-class space:       64.00 MB reserved,      23.31 MB ( 36%) committed,  1 nodes.
      Class space:        1.00 GB reserved,       3.00 MB ( <1%) committed,  1 nodes.
             Both:        1.06 GB reserved,      26.31 MB (  2%) committed. 

Chunk freelists:
   Non-Class:  8.37 MB
       Class:  13.05 MB
        Both:  21.42 MB

MaxMetaspaceSize: unlimited
CompressedClassSpaceSize: 1.00 GB
Initial GC threshold: 21.00 MB
Current GC threshold: 35.00 MB
CDS: on
 - commit_granule_bytes: 65536.
 - commit_granule_words: 8192.
 - virtual_space_node_default_size: 8388608.
 - enlarge_chunks_in_place: 1.
 - use_allocation_guard: 0.


Internal statistics:

num_allocs_failed_limit: 3.
num_arena_births: 832.
num_arena_deaths: 14.
num_vsnodes_births: 2.
num_vsnodes_deaths: 0.
num_space_committed: 421.
num_space_uncommitted: 0.
num_chunks_returned_to_freelist: 17.
num_chunks_taken_from_freelist: 1916.
num_chunk_merges: 5.
num_chunk_splits: 1220.
num_chunks_enlarged: 711.
num_inconsistent_stats: 0.

CodeHeap 'non-profiled nmethods': size=120000Kb used=1864Kb max_used=1864Kb free=118135Kb
 bounds [0x00000283ca580000, 0x00000283ca7f0000, 0x00000283d1ab0000]
CodeHeap 'profiled nmethods': size=120000Kb used=8944Kb max_used=8944Kb free=111055Kb
 bounds [0x00000283c2ab0000, 0x00000283c3370000, 0x00000283c9fe0000]
CodeHeap 'non-nmethods': size=5760Kb used=1331Kb max_used=1331Kb free=4428Kb
 bounds [0x00000283c9fe0000, 0x00000283ca250000, 0x00000283ca580000]
CodeCache: size=245760Kb, used=12139Kb, max_used=12139Kb, free=233618Kb
 total_blobs=4837, nmethods=4215, adapters=528, full_count=0
Compilation: enabled, stopped_count=0, restarted_count=0

Compilation events (20 events):
Event: 31.178 Thread 0x00000283bf7bedb0 4207       3       org.lombokweb.asm.Label::addForwardReference (102 bytes)
Event: 31.178 Thread 0x00000283bf7bedb0 nmethod 4207 0x00000283c3357f90 code [0x00000283c3358160, 0x00000283c33585c0]
Event: 31.178 Thread 0x00000283bf7bedb0 4208       1       lombok.patcher.MethodLogistics::getReturnOpcode (5 bytes)
Event: 31.179 Thread 0x00000283bf7bedb0 nmethod 4208 0x00000283ca751d90 code [0x00000283ca751f20, 0x00000283ca751fe8]
Event: 31.179 Thread 0x00000283bf7bedb0 4209       3       java.lang.Enum::hashCode (21 bytes)
Event: 31.179 Thread 0x00000283bf7bedb0 nmethod 4209 0x00000283c3358790 code [0x00000283c3358940, 0x00000283c3358ac8]
Event: 31.179 Thread 0x00000283bf7bedb0 4211       3       org.codehaus.plexus.util.xml.pull.MXParser::isNameChar (56 bytes)
Event: 31.179 Thread 0x00000283bf7bedb0 nmethod 4211 0x00000283c3358b90 code [0x00000283c3358d40, 0x00000283c3358fc0]
Event: 31.179 Thread 0x00000283bf7bedb0 4206   !   3       java.util.regex.Pattern::matcher (44 bytes)
Event: 31.179 Thread 0x00000283bf7bedb0 nmethod 4206 0x00000283c3359090 code [0x00000283c3359260, 0x00000283c33595c8]
Event: 31.180 Thread 0x00000283bf7bedb0 4212       3       org.codehaus.plexus.util.xml.pull.MXParser::nextImpl (1208 bytes)
Event: 31.186 Thread 0x00000283bf7bedb0 nmethod 4212 0x00000283c3359710 code [0x00000283c3359da0, 0x00000283c335cbe0]
Event: 31.187 Thread 0x00000283bf7bedb0 4213       3       org.codehaus.plexus.util.xml.pull.MXParser::next (10 bytes)
Event: 31.187 Thread 0x00000283bf7bedb0 nmethod 4213 0x00000283c335da90 code [0x00000283c335dc40, 0x00000283c335dd80]
Event: 31.199 Thread 0x00000283bf7bedb0 4215       3       jdk.internal.org.objectweb.asm.MethodVisitor::visitVarInsn (17 bytes)
Event: 31.200 Thread 0x00000283bf7bedb0 nmethod 4215 0x00000283c335de10 code [0x00000283c335dfc0, 0x00000283c335e1c8]
Event: 31.200 Thread 0x00000283bf7bedb0 4216       3       java.lang.Module::isStaticallyExportedOrOpen (70 bytes)
Event: 31.201 Thread 0x00000283bf7bedb0 nmethod 4216 0x00000283c335e290 code [0x00000283c335e4a0, 0x00000283c335eb50]
Event: 31.208 Thread 0x00000283bf7bedb0 4217       3       java.lang.invoke.DirectMethodHandle::getFunction (53 bytes)
Event: 31.209 Thread 0x00000283bf7bedb0 nmethod 4217 0x00000283c335ed10 code [0x00000283c335eee0, 0x00000283c335f1e8]

GC Heap History (18 events):
Event: 6.938 GC heap before
{Heap before GC invocations=1 (full 0):
 PSYoungGen      total 29696K, used 25600K [0x00000000d5580000, 0x00000000d7680000, 0x0000000100000000)
  eden space 25600K, 100% used [0x00000000d5580000,0x00000000d6e80000,0x00000000d6e80000)
  from space 4096K, 0% used [0x00000000d7280000,0x00000000d7280000,0x00000000d7680000)
  to   space 4096K, 0% used [0x00000000d6e80000,0x00000000d6e80000,0x00000000d7280000)
 ParOldGen       total 68608K, used 0K [0x0000000080000000, 0x0000000084300000, 0x00000000d5580000)
  object space 68608K, 0% used [0x0000000080000000,0x0000000080000000,0x0000000084300000)
 Metaspace       used 4370K, committed 4608K, reserved 1114112K
  class space    used 474K, committed 576K, reserved 1048576K
}
Event: 6.977 GC heap after
{Heap after GC invocations=1 (full 0):
 PSYoungGen      total 29696K, used 3312K [0x00000000d5580000, 0x00000000d7680000, 0x0000000100000000)
  eden space 25600K, 0% used [0x00000000d5580000,0x00000000d5580000,0x00000000d6e80000)
  from space 4096K, 80% used [0x00000000d6e80000,0x00000000d71bc148,0x00000000d7280000)
  to   space 4096K, 0% used [0x00000000d7280000,0x00000000d7280000,0x00000000d7680000)
 ParOldGen       total 68608K, used 16K [0x0000000080000000, 0x0000000084300000, 0x00000000d5580000)
  object space 68608K, 0% used [0x0000000080000000,0x0000000080004000,0x0000000084300000)
 Metaspace       used 4370K, committed 4608K, reserved 1114112K
  class space    used 474K, committed 576K, reserved 1048576K
}
Event: 11.359 GC heap before
{Heap before GC invocations=2 (full 0):
 PSYoungGen      total 29696K, used 28912K [0x00000000d5580000, 0x00000000d7680000, 0x0000000100000000)
  eden space 25600K, 100% used [0x00000000d5580000,0x00000000d6e80000,0x00000000d6e80000)
  from space 4096K, 80% used [0x00000000d6e80000,0x00000000d71bc148,0x00000000d7280000)
  to   space 4096K, 0% used [0x00000000d7280000,0x00000000d7280000,0x00000000d7680000)
 ParOldGen       total 68608K, used 16K [0x0000000080000000, 0x0000000084300000, 0x00000000d5580000)
  object space 68608K, 0% used [0x0000000080000000,0x0000000080004000,0x0000000084300000)
 Metaspace       used 8001K, committed 8256K, reserved 1114112K
  class space    used 829K, committed 960K, reserved 1048576K
}
Event: 11.377 GC heap after
{Heap after GC invocations=2 (full 0):
 PSYoungGen      total 29696K, used 4071K [0x00000000d5580000, 0x00000000d7680000, 0x0000000100000000)
  eden space 25600K, 0% used [0x00000000d5580000,0x00000000d5580000,0x00000000d6e80000)
  from space 4096K, 99% used [0x00000000d7280000,0x00000000d7679e98,0x00000000d7680000)
  to   space 4096K, 0% used [0x00000000d6e80000,0x00000000d6e80000,0x00000000d7280000)
 ParOldGen       total 68608K, used 2112K [0x0000000080000000, 0x0000000084300000, 0x00000000d5580000)
  object space 68608K, 3% used [0x0000000080000000,0x0000000080210020,0x0000000084300000)
 Metaspace       used 8001K, committed 8256K, reserved 1114112K
  class space    used 829K, committed 960K, reserved 1048576K
}
Event: 13.710 GC heap before
{Heap before GC invocations=3 (full 0):
 PSYoungGen      total 29696K, used 29580K [0x00000000d5580000, 0x00000000d7680000, 0x0000000100000000)
  eden space 25600K, 99% used [0x00000000d5580000,0x00000000d6e69388,0x00000000d6e80000)
  from space 4096K, 99% used [0x00000000d7280000,0x00000000d7679e98,0x00000000d7680000)
  to   space 4096K, 0% used [0x00000000d6e80000,0x00000000d6e80000,0x00000000d7280000)
 ParOldGen       total 68608K, used 2112K [0x0000000080000000, 0x0000000084300000, 0x00000000d5580000)
  object space 68608K, 3% used [0x0000000080000000,0x0000000080210020,0x0000000084300000)
 Metaspace       used 9447K, committed 9728K, reserved 1114112K
  class space    used 1004K, committed 1152K, reserved 1048576K
}
Event: 13.731 GC heap after
{Heap after GC invocations=3 (full 0):
 PSYoungGen      total 29696K, used 4088K [0x00000000d5580000, 0x00000000d7680000, 0x0000000100000000)
  eden space 25600K, 0% used [0x00000000d5580000,0x00000000d5580000,0x00000000d6e80000)
  from space 4096K, 99% used [0x00000000d6e80000,0x00000000d727e320,0x00000000d7280000)
  to   space 4096K, 0% used [0x00000000d7280000,0x00000000d7280000,0x00000000d7680000)
 ParOldGen       total 68608K, used 4999K [0x0000000080000000, 0x0000000084300000, 0x00000000d5580000)
  object space 68608K, 7% used [0x0000000080000000,0x00000000804e1e88,0x0000000084300000)
 Metaspace       used 9447K, committed 9728K, reserved 1114112K
  class space    used 1004K, committed 1152K, reserved 1048576K
}
Event: 17.953 GC heap before
{Heap before GC invocations=4 (full 0):
 PSYoungGen      total 29696K, used 29688K [0x00000000d5580000, 0x00000000d7680000, 0x0000000100000000)
  eden space 25600K, 100% used [0x00000000d5580000,0x00000000d6e80000,0x00000000d6e80000)
  from space 4096K, 99% used [0x00000000d6e80000,0x00000000d727e320,0x00000000d7280000)
  to   space 4096K, 0% used [0x00000000d7280000,0x00000000d7280000,0x00000000d7680000)
 ParOldGen       total 68608K, used 4999K [0x0000000080000000, 0x0000000084300000, 0x00000000d5580000)
  object space 68608K, 7% used [0x0000000080000000,0x00000000804e1e88,0x0000000084300000)
 Metaspace       used 11588K, committed 11968K, reserved 1114112K
  class space    used 1220K, committed 1408K, reserved 1048576K
}
Event: 17.963 GC heap after
{Heap after GC invocations=4 (full 0):
 PSYoungGen      total 29696K, used 4086K [0x00000000d5580000, 0x00000000d7680000, 0x0000000100000000)
  eden space 25600K, 0% used [0x00000000d5580000,0x00000000d5580000,0x00000000d6e80000)
  from space 4096K, 99% used [0x00000000d7280000,0x00000000d767dab8,0x00000000d7680000)
  to   space 4096K, 0% used [0x00000000d6e80000,0x00000000d6e80000,0x00000000d7280000)
 ParOldGen       total 68608K, used 6534K [0x0000000080000000, 0x0000000084300000, 0x00000000d5580000)
  object space 68608K, 9% used [0x0000000080000000,0x0000000080661be8,0x0000000084300000)
 Metaspace       used 11588K, committed 11968K, reserved 1114112K
  class space    used 1220K, committed 1408K, reserved 1048576K
}
Event: 20.501 GC heap before
{Heap before GC invocations=5 (full 0):
 PSYoungGen      total 29696K, used 29686K [0x00000000d5580000, 0x00000000d7680000, 0x0000000100000000)
  eden space 25600K, 100% used [0x00000000d5580000,0x00000000d6e80000,0x00000000d6e80000)
  from space 4096K, 99% used [0x00000000d7280000,0x00000000d767dab8,0x00000000d7680000)
  to   space 4096K, 0% used [0x00000000d6e80000,0x00000000d6e80000,0x00000000d7280000)
 ParOldGen       total 68608K, used 6534K [0x0000000080000000, 0x0000000084300000, 0x00000000d5580000)
  object space 68608K, 9% used [0x0000000080000000,0x0000000080661be8,0x0000000084300000)
 Metaspace       used 15540K, committed 16000K, reserved 1114112K
  class space    used 1611K, committed 1792K, reserved 1048576K
}
Event: 20.515 GC heap after
{Heap after GC invocations=5 (full 0):
 PSYoungGen      total 29184K, used 4077K [0x00000000d5580000, 0x00000000d7900000, 0x0000000100000000)
  eden space 25088K, 0% used [0x00000000d5580000,0x00000000d5580000,0x00000000d6e00000)
  from space 4096K, 99% used [0x00000000d6e80000,0x00000000d727b548,0x00000000d7280000)
  to   space 5632K, 0% used [0x00000000d7380000,0x00000000d7380000,0x00000000d7900000)
 ParOldGen       total 68608K, used 7962K [0x0000000080000000, 0x0000000084300000, 0x00000000d5580000)
  object space 68608K, 11% used [0x0000000080000000,0x00000000807c6b28,0x0000000084300000)
 Metaspace       used 15540K, committed 16000K, reserved 1114112K
  class space    used 1611K, committed 1792K, reserved 1048576K
}
Event: 27.605 GC heap before
{Heap before GC invocations=6 (full 0):
 PSYoungGen      total 29184K, used 29144K [0x00000000d5580000, 0x00000000d7900000, 0x0000000100000000)
  eden space 25088K, 99% used [0x00000000d5580000,0x00000000d6dfacc0,0x00000000d6e00000)
  from space 4096K, 99% used [0x00000000d6e80000,0x00000000d727b548,0x00000000d7280000)
  to   space 5632K, 0% used [0x00000000d7380000,0x00000000d7380000,0x00000000d7900000)
 ParOldGen       total 68608K, used 7962K [0x0000000080000000, 0x0000000084300000, 0x00000000d5580000)
  object space 68608K, 11% used [0x0000000080000000,0x00000000807c6b28,0x0000000084300000)
 Metaspace       used 18647K, committed 19392K, reserved 1114112K
  class space    used 1957K, committed 2240K, reserved 1048576K
}
Event: 27.615 GC heap after
{Heap after GC invocations=6 (full 0):
 PSYoungGen      total 29696K, used 4929K [0x00000000d5580000, 0x00000000d7880000, 0x0000000100000000)
  eden space 24576K, 0% used [0x00000000d5580000,0x00000000d5580000,0x00000000d6d80000)
  from space 5120K, 96% used [0x00000000d7380000,0x00000000d7850540,0x00000000d7880000)
  to   space 5632K, 0% used [0x00000000d6d80000,0x00000000d6d80000,0x00000000d7300000)
 ParOldGen       total 68608K, used 7970K [0x0000000080000000, 0x0000000084300000, 0x00000000d5580000)
  object space 68608K, 11% used [0x0000000080000000,0x00000000807c8b28,0x0000000084300000)
 Metaspace       used 18647K, committed 19392K, reserved 1114112K
  class space    used 1957K, committed 2240K, reserved 1048576K
}
Event: 29.347 GC heap before
{Heap before GC invocations=7 (full 0):
 PSYoungGen      total 29696K, used 24449K [0x00000000d5580000, 0x00000000d7880000, 0x0000000100000000)
  eden space 24576K, 79% used [0x00000000d5580000,0x00000000d688ff00,0x00000000d6d80000)
  from space 5120K, 96% used [0x00000000d7380000,0x00000000d7850540,0x00000000d7880000)
  to   space 5632K, 0% used [0x00000000d6d80000,0x00000000d6d80000,0x00000000d7300000)
 ParOldGen       total 68608K, used 7970K [0x0000000080000000, 0x0000000084300000, 0x00000000d5580000)
  object space 68608K, 11% used [0x0000000080000000,0x00000000807c8b28,0x0000000084300000)
 Metaspace       used 20636K, committed 21504K, reserved 1114112K
  class space    used 2192K, committed 2560K, reserved 1048576K
}
Event: 29.359 GC heap after
{Heap after GC invocations=7 (full 0):
 PSYoungGen      total 29184K, used 4136K [0x00000000d5580000, 0x00000000d7680000, 0x0000000100000000)
  eden space 24576K, 0% used [0x00000000d5580000,0x00000000d5580000,0x00000000d6d80000)
  from space 4608K, 89% used [0x00000000d6d80000,0x00000000d718a1c0,0x00000000d7200000)
  to   space 4608K, 0% used [0x00000000d7200000,0x00000000d7200000,0x00000000d7680000)
 ParOldGen       total 68608K, used 9662K [0x0000000080000000, 0x0000000084300000, 0x00000000d5580000)
  object space 68608K, 14% used [0x0000000080000000,0x000000008096fb30,0x0000000084300000)
 Metaspace       used 20636K, committed 21504K, reserved 1114112K
  class space    used 2192K, committed 2560K, reserved 1048576K
}
Event: 29.359 GC heap before
{Heap before GC invocations=8 (full 1):
 PSYoungGen      total 29184K, used 4136K [0x00000000d5580000, 0x00000000d7680000, 0x0000000100000000)
  eden space 24576K, 0% used [0x00000000d5580000,0x00000000d5580000,0x00000000d6d80000)
  from space 4608K, 89% used [0x00000000d6d80000,0x00000000d718a1c0,0x00000000d7200000)
  to   space 4608K, 0% used [0x00000000d7200000,0x00000000d7200000,0x00000000d7680000)
 ParOldGen       total 68608K, used 9662K [0x0000000080000000, 0x0000000084300000, 0x00000000d5580000)
  object space 68608K, 14% used [0x0000000080000000,0x000000008096fb30,0x0000000084300000)
 Metaspace       used 20636K, committed 21504K, reserved 1114112K
  class space    used 2192K, committed 2560K, reserved 1048576K
}
Event: 29.426 GC heap after
{Heap after GC invocations=8 (full 1):
 PSYoungGen      total 29184K, used 0K [0x00000000d5580000, 0x00000000d7680000, 0x0000000100000000)
  eden space 24576K, 0% used [0x00000000d5580000,0x00000000d5580000,0x00000000d6d80000)
  from space 4608K, 0% used [0x00000000d6d80000,0x00000000d6d80000,0x00000000d7200000)
  to   space 4608K, 0% used [0x00000000d7200000,0x00000000d7200000,0x00000000d7680000)
 ParOldGen       total 68608K, used 13290K [0x0000000080000000, 0x0000000084300000, 0x00000000d5580000)
  object space 68608K, 19% used [0x0000000080000000,0x0000000080cfa998,0x0000000084300000)
 Metaspace       used 20623K, committed 21504K, reserved 1114112K
  class space    used 2189K, committed 2560K, reserved 1048576K
}
Event: 30.617 GC heap before
{Heap before GC invocations=9 (full 1):
 PSYoungGen      total 29184K, used 24576K [0x00000000d5580000, 0x00000000d7680000, 0x0000000100000000)
  eden space 24576K, 100% used [0x00000000d5580000,0x00000000d6d80000,0x00000000d6d80000)
  from space 4608K, 0% used [0x00000000d6d80000,0x00000000d6d80000,0x00000000d7200000)
  to   space 4608K, 0% used [0x00000000d7200000,0x00000000d7200000,0x00000000d7680000)
 ParOldGen       total 68608K, used 13290K [0x0000000080000000, 0x0000000084300000, 0x00000000d5580000)
  object space 68608K, 19% used [0x0000000080000000,0x0000000080cfa998,0x0000000084300000)
 Metaspace       used 22429K, committed 23424K, reserved 1114112K
  class space    used 2354K, committed 2752K, reserved 1048576K
}
Event: 30.622 GC heap after
{Heap after GC invocations=9 (full 1):
 PSYoungGen      total 27136K, used 3017K [0x00000000d5580000, 0x00000000d7500000, 0x0000000100000000)
  eden space 24064K, 0% used [0x00000000d5580000,0x00000000d5580000,0x00000000d6d00000)
  from space 3072K, 98% used [0x00000000d7200000,0x00000000d74f2798,0x00000000d7500000)
  to   space 3584K, 0% used [0x00000000d6e00000,0x00000000d6e00000,0x00000000d7180000)
 ParOldGen       total 68608K, used 13298K [0x0000000080000000, 0x0000000084300000, 0x00000000d5580000)
  object space 68608K, 19% used [0x0000000080000000,0x0000000080cfc998,0x0000000084300000)
 Metaspace       used 22429K, committed 23424K, reserved 1114112K
  class space    used 2354K, committed 2752K, reserved 1048576K
}

Dll operation events (10 events):
Event: 0.497 Loaded shared library c:\Users\NAGARAJ\.vscode\extensions\redhat.java-1.54.0-win32-x64\jre\21.0.10-win32-x86_64\bin\java.dll
Event: 1.876 Loaded shared library c:\Users\NAGARAJ\.vscode\extensions\redhat.java-1.54.0-win32-x64\jre\21.0.10-win32-x86_64\bin\zip.dll
Event: 2.076 Loaded shared library C:\Users\NAGARAJ\.vscode\extensions\redhat.java-1.54.0-win32-x64\jre\21.0.10-win32-x86_64\bin\instrument.dll
Event: 2.130 Loaded shared library C:\Users\NAGARAJ\.vscode\extensions\redhat.java-1.54.0-win32-x64\jre\21.0.10-win32-x86_64\bin\net.dll
Event: 2.143 Loaded shared library C:\Users\NAGARAJ\.vscode\extensions\redhat.java-1.54.0-win32-x64\jre\21.0.10-win32-x86_64\bin\nio.dll
Event: 2.153 Loaded shared library C:\Users\NAGARAJ\.vscode\extensions\redhat.java-1.54.0-win32-x64\jre\21.0.10-win32-x86_64\bin\zip.dll
Event: 2.247 Loaded shared library C:\Users\NAGARAJ\.vscode\extensions\redhat.java-1.54.0-win32-x64\jre\21.0.10-win32-x86_64\bin\jimage.dll
Event: 2.799 Loaded shared library c:\Users\NAGARAJ\.vscode\extensions\redhat.java-1.54.0-win32-x64\jre\21.0.10-win32-x86_64\bin\verify.dll
Event: 11.736 Loaded shared library C:\Users\NAGARAJ\AppData\Roaming\Code\User\globalStorage\redhat.java\1.54.0\config_win\org.eclipse.equinox.launcher\org.eclipse.equinox.launcher.win32.win32.x86_64_1.3.0.v20260203-2149\eclipse_11919.dll
Event: 22.310 Loaded shared library C:\Temp\jna--1860674802\jna1065639983754159615.dll

Deoptimization events (20 events):
Event: 31.144 Thread 0x000002841c0651e0 Uncommon trap: trap_request=0xffffffde fr.pc=0x00000283ca750738 relative=0x00000000000000f8
Event: 31.144 Thread 0x000002841c0651e0 Uncommon trap: reason=class_check action=maybe_recompile pc=0x00000283ca750738 method=java.lang.Character.codePointAt(Ljava/lang/CharSequence;I)I @ 2 c2
Event: 31.144 Thread 0x000002841c0651e0 DEOPT PACKING pc=0x00000283ca750738 sp=0x000000a5180feab0
Event: 31.144 Thread 0x000002841c0651e0 DEOPT UNPACKING pc=0x00000283ca033aa2 sp=0x000000a5180fea38 mode 2
Event: 31.145 Thread 0x000002841c0651e0 Uncommon trap: trap_request=0xffffff76 fr.pc=0x00000283ca713400 relative=0x0000000000000380
Event: 31.145 Thread 0x000002841c0651e0 Uncommon trap: reason=predicate action=maybe_recompile pc=0x00000283ca713400 method=java.util.regex.Pattern$BmpCharPropertyGreedy.match(Ljava/util/regex/Matcher;ILjava/lang/CharSequence;)Z @ 12 c2
Event: 31.145 Thread 0x000002841c0651e0 DEOPT PACKING pc=0x00000283ca713400 sp=0x000000a5180fe9f0
Event: 31.145 Thread 0x000002841c0651e0 DEOPT UNPACKING pc=0x00000283ca033aa2 sp=0x000000a5180fe998 mode 2
Event: 31.151 Thread 0x00000283bf843a20 DEOPT PACKING pc=0x00000283c2f8c6b4 sp=0x000000a517af5c10
Event: 31.151 Thread 0x00000283bf843a20 DEOPT UNPACKING pc=0x00000283ca034242 sp=0x000000a517af51a8 mode 0
Event: 31.152 Thread 0x00000283bf843a20 DEOPT PACKING pc=0x00000283c2f8c6b4 sp=0x000000a517af79c0
Event: 31.152 Thread 0x00000283bf843a20 DEOPT UNPACKING pc=0x00000283ca034242 sp=0x000000a517af6f58 mode 0
Event: 31.173 Thread 0x00000283bf843a20 Uncommon trap: trap_request=0xffffff45 fr.pc=0x00000283ca751bdc relative=0x000000000000013c
Event: 31.173 Thread 0x00000283bf843a20 Uncommon trap: reason=unstable_if action=reinterpret pc=0x00000283ca751bdc method=org.lombokweb.asm.ByteVector.putByteArray([BII)Lorg/lombokweb/asm/ByteVector; @ 20 c2
Event: 31.173 Thread 0x00000283bf843a20 DEOPT PACKING pc=0x00000283ca751bdc sp=0x000000a517aeeac0
Event: 31.173 Thread 0x00000283bf843a20 DEOPT UNPACKING pc=0x00000283ca033aa2 sp=0x000000a517aeea90 mode 2
Event: 31.183 Thread 0x000002841c0651e0 Uncommon trap: trap_request=0xffffffde fr.pc=0x00000283ca7357e8 relative=0x00000000000003e8
Event: 31.183 Thread 0x000002841c0651e0 Uncommon trap: reason=class_check action=maybe_recompile pc=0x00000283ca7357e8 method=java.io.BufferedInputStream.read1([BII)I @ 52 c2
Event: 31.183 Thread 0x000002841c0651e0 DEOPT PACKING pc=0x00000283ca7357e8 sp=0x000000a5180fe690
Event: 31.183 Thread 0x000002841c0651e0 DEOPT UNPACKING pc=0x00000283ca033aa2 sp=0x000000a5180fe628 mode 2

Classes loaded (20 events):
Event: 30.276 Loading class java/io/StringReader
Event: 30.277 Loading class java/io/StringReader done
Event: 30.345 Loading class java/net/SocketTimeoutException
Event: 30.346 Loading class java/io/InterruptedIOException
Event: 30.346 Loading class java/io/InterruptedIOException done
Event: 30.346 Loading class java/net/SocketTimeoutException done
Event: 30.346 Loading class java/net/SocketException
Event: 30.347 Loading class java/net/SocketException done
Event: 30.347 Loading class java/net/UnknownHostException
Event: 30.347 Loading class java/net/UnknownHostException done
Event: 30.347 Loading class java/net/ProtocolException
Event: 30.347 Loading class java/net/ProtocolException done
Event: 30.408 Loading class java/lang/ThreadLocal$SuppliedThreadLocal
Event: 30.409 Loading class java/lang/ThreadLocal$SuppliedThreadLocal done
Event: 30.435 Loading class java/io/FileWriter
Event: 30.436 Loading class java/io/FileWriter done
Event: 30.641 Loading class java/lang/NegativeArraySizeException
Event: 30.641 Loading class java/lang/NegativeArraySizeException done
Event: 31.143 Loading class java/io/FileReader
Event: 31.143 Loading class java/io/FileReader done

Classes unloaded (7 events):
Event: 29.369 Thread 0x00000283bf960410 Unloading class 0x00000283d81a5000 'java/lang/invoke/LambdaForm$MH+0x00000283d81a5000'
Event: 29.369 Thread 0x00000283bf960410 Unloading class 0x00000283d81a4c00 'java/lang/invoke/LambdaForm$MH+0x00000283d81a4c00'
Event: 29.369 Thread 0x00000283bf960410 Unloading class 0x00000283d81a4800 'java/lang/invoke/LambdaForm$MH+0x00000283d81a4800'
Event: 29.369 Thread 0x00000283bf960410 Unloading class 0x00000283d81a4400 'java/lang/invoke/LambdaForm$MH+0x00000283d81a4400'
Event: 29.369 Thread 0x00000283bf960410 Unloading class 0x00000283d81a4000 'java/lang/invoke/LambdaForm$BMH+0x00000283d81a4000'
Event: 29.369 Thread 0x00000283bf960410 Unloading class 0x00000283d81a3c00 'java/lang/invoke/LambdaForm$DMH+0x00000283d81a3c00'
Event: 29.369 Thread 0x00000283bf960410 Unloading class 0x00000283d81a2800 'java/lang/invoke/LambdaForm$DMH+0x00000283d81a2800'

Classes redefined (0 events):
No events

Internal exceptions (20 events):
Event: 29.107 Thread 0x00000283bf843a20 Exception <a 'java/lang/NoSuchMethodError'{0x00000000d6758bc8}: 'int java.lang.invoke.DirectMethodHandle$Holder.invokeStaticInit(java.lang.Object, int, int)'> (0x00000000d6758bc8) 
thrown [s\src\hotspot\share\interpreter\linkResolver.cpp, line 773]
Event: 29.112 Thread 0x00000283bf843a20 Exception <a 'java/lang/NoSuchMethodError'{0x00000000d6760f50}: 'int java.lang.invoke.DirectMethodHandle$Holder.invokeStaticInit(java.lang.Object, long, long)'> (0x00000000d6760f50) 
thrown [s\src\hotspot\share\interpreter\linkResolver.cpp, line 773]
Event: 29.161 Thread 0x00000283bf843a20 Exception <a 'java/lang/NoSuchMethodError'{0x00000000d6768908}: 'int java.lang.invoke.DirectMethodHandle$Holder.invokeStaticInit(java.lang.Object, float, float)'> (0x00000000d6768908) 
thrown [s\src\hotspot\share\interpreter\linkResolver.cpp, line 773]
Event: 29.163 Thread 0x00000283bf843a20 Exception <a 'java/lang/NoSuchMethodError'{0x00000000d67702b8}: 'int java.lang.invoke.DirectMethodHandle$Holder.invokeStaticInit(java.lang.Object, double, double)'> (0x00000000d67702b8) 
thrown [s\src\hotspot\share\interpreter\linkResolver.cpp, line 773]
Event: 29.164 Thread 0x00000283bf843a20 Exception <a 'java/lang/NoSuchMethodError'{0x00000000d67756d0}: 'int java.lang.invoke.DirectMethodHandle$Holder.invokeStatic(java.lang.Object, long)'> (0x00000000d67756d0) 
thrown [s\src\hotspot\share\interpreter\linkResolver.cpp, line 773]
Event: 29.170 Thread 0x00000283bf843a20 Exception <a 'java/lang/NoSuchMethodError'{0x00000000d6787268}: 'int java.lang.invoke.DirectMethodHandle$Holder.invokeSpecial(java.lang.Object, java.lang.Object, int, int)'> (0x00000000d6787268) 
thrown [s\src\hotspot\share\interpreter\linkResolver.cpp, line 773]
Event: 29.176 Thread 0x00000283bf843a20 Exception <a 'java/lang/NoSuchMethodError'{0x00000000d67959f8}: 'int java.lang.invoke.Invokers$Holder.linkToTargetMethod(java.lang.Object, java.lang.Object)'> (0x00000000d67959f8) 
thrown [s\src\hotspot\share\interpreter\linkResolver.cpp, line 773]
Event: 29.474 Thread 0x00000283bf843a20 Exception <a 'java/lang/NoSuchMethodError'{0x00000000d55d3870}: 'java.lang.Object java.lang.invoke.Invokers$Holder.invoke_MT(java.lang.Object, java.lang.Object, java.lang.Object, java.lang.Object, java.lang.Object, java.lang.Object, java.lang.Object, java.lang.Object, java.lang.Object, java.lang.Object, java.lang.Object)'> (0x00000000d55d3870) 
thrown [s\src\hotspot\share\interpreter\linkResolver.cpp, line 773]
Event: 29.552 Thread 0x00000283bf843a20 Exception <a 'java/lang/NoSuchMethodError'{0x00000000d5673698}: 'java.lang.Object java.lang.invoke.Invokers$Holder.invoke_MT(java.lang.Object, java.lang.Object, java.lang.Object, java.lang.Object, java.lang.Object, java.lang.Object, java.lang.Object, java.lang.Object, java.lang.Object, java.lang.Object)'> (0x00000000d5673698) 
thrown [s\src\hotspot\share\interpreter\linkResolver.cpp, line 773]
Event: 29.659 Thread 0x00000283bf843a20 Exception <a 'java/lang/NoSuchMethodError'{0x00000000d572c808}: 'java.lang.Object java.lang.invoke.DirectMethodHandle$Holder.newInvokeSpecial(java.lang.Object, java.lang.Object, java.lang.Object, java.lang.Object, java.lang.Object, java.lang.Object, java.lang.Object)'> (0x00000000d572c808) 
thrown [s\src\hotspot\share\interpreter\linkResolver.cpp, line 773]
Event: 29.700 Thread 0x00000283bf843a20 Exception <a 'java/lang/NoSuchMethodError'{0x00000000d57a40f8}: 'java.lang.Object java.lang.invoke.Invokers$Holder.invoker(java.lang.Object, java.lang.Object, java.lang.Object, java.lang.Object, java.lang.Object, java.lang.Object, java.lang.Object, java.lang.Object, java.lang.Object, java.lang.Object, java.lang.Object, java.lang.Object, java.lang.Object)'> (0x00000000d57a40f8) 
thrown [s\src\hotspot\share\interpreter\linkResolver.cpp, line 773]
Event: 29.701 Thread 0x00000283bf843a20 Exception <a 'java/lang/NoSuchMethodError'{0x00000000d57ae590}: 'java.lang.Object java.lang.invoke.DelegatingMethodHandle$Holder.delegate(java.lang.Object, java.lang.Object, java.lang.Object, java.lang.Object, java.lang.Object, java.lang.Object, java.lang.Object, java.lang.Object, java.lang.Object, java.lang.Object, java.lang.Object, java.lang.Object, java.lang.Object)'> (0x00000000d57ae590) 
thrown [s\src\hotspot\share\interpreter\linkResolver.cpp, line 773]
Event: 29.804 Thread 0x00000283bf843a20 Exception <a 'java/lang/NoSuchMethodError'{0x00000000d581a100}: static Lorg/eclipse/m2e/core/internal/lifecyclemapping/model/PluginExecutionMetadata;.<clinit>()V> (0x00000000d581a100) 
thrown [s\src\hotspot\share\prims\jni.cpp, line 1111]
Event: 29.805 Thread 0x00000283bf843a20 Implicit null exception at 0x00000283ca6dfea0 to 0x00000283ca6e085c
Event: 29.819 Thread 0x00000283bf843a20 Exception <a 'java/lang/NoSuchMethodError'{0x00000000d587a2e8}: static Lorg/eclipse/m2e/core/internal/lifecyclemapping/model/PluginExecutionFilter;.<clinit>()V> (0x00000000d587a2e8) 
thrown [s\src\hotspot\share\prims\jni.cpp, line 1111]
Event: 29.911 Thread 0x00000283bf843a20 Exception <a 'java/lang/NoSuchMethodError'{0x00000000d58a9ec0}: static Lorg/eclipse/m2e/core/internal/project/registry/MavenProjectFacade$MavenProjectConfiguration;.<clinit>()V> (0x00000000d58a9ec0) 
thrown [s\src\hotspot\share\prims\jni.cpp, line 1111]
Event: 30.180 Thread 0x00000283bf843a20 Exception <a 'java/lang/NoSuchMethodError'{0x00000000d5d23a50}: 'double java.lang.invoke.DirectMethodHandle$Holder.invokeStatic(java.lang.Object, java.lang.Object)'> (0x00000000d5d23a50) 
thrown [s\src\hotspot\share\interpreter\linkResolver.cpp, line 773]
Event: 30.181 Thread 0x00000283bf843a20 Exception <a 'java/lang/NoSuchMethodError'{0x00000000d5d27110}: 'double java.lang.invoke.DirectMethodHandle$Holder.invokeStaticInit(java.lang.Object, java.lang.Object)'> (0x00000000d5d27110) 
thrown [s\src\hotspot\share\interpreter\linkResolver.cpp, line 773]
Event: 31.173 Thread 0x00000283bf843a20 Implicit null exception at 0x00000283ca751af5 to 0x00000283ca751bc4
Event: 31.209 Thread 0x000002841c0651e0 Exception <a 'java/lang/NoSuchMethodError'{0x00000000d6877f20}: 'java.lang.Object java.lang.invoke.DirectMethodHandle$Holder.invokeSpecialIFC(java.lang.Object, java.lang.Object, java.lang.Object, java.lang.Object)'> (0x00000000d6877f20) 
thrown [s\src\hotspot\share\interpreter\linkResolver.cpp, line 773]

ZGC Phase Switch (0 events):
No events

VM Operations (20 events):
Event: 25.875 Executing non-safepoint VM operation: HandshakeAllThreads (Deoptimize)
Event: 25.875 Executing non-safepoint VM operation: HandshakeAllThreads (Deoptimize) done
Event: 26.614 Executing non-safepoint VM operation: HandshakeAllThreads (Deoptimize)
Event: 26.614 Executing non-safepoint VM operation: HandshakeAllThreads (Deoptimize) done
Event: 26.630 Executing non-safepoint VM operation: HandshakeAllThreads (Deoptimize)
Event: 26.630 Executing non-safepoint VM operation: HandshakeAllThreads (Deoptimize) done
Event: 27.605 Executing safepoint VM operation: ParallelGCFailedAllocation (Allocation Failure)
Event: 27.615 Executing safepoint VM operation: ParallelGCFailedAllocation (Allocation Failure) done
Event: 28.620 Executing safepoint VM operation: Cleanup
Event: 28.620 Executing safepoint VM operation: Cleanup done
Event: 29.016 Executing non-safepoint VM operation: HandshakeAllThreads (Deoptimize)
Event: 29.016 Executing non-safepoint VM operation: HandshakeAllThreads (Deoptimize) done
Event: 29.346 Executing safepoint VM operation: CollectForMetadataAllocation (Metadata GC Threshold)
Event: 29.427 Executing safepoint VM operation: CollectForMetadataAllocation (Metadata GC Threshold) done
Event: 30.436 Executing safepoint VM operation: Cleanup
Event: 30.436 Executing safepoint VM operation: Cleanup done
Event: 30.617 Executing safepoint VM operation: ParallelGCFailedAllocation (Allocation Failure)
Event: 30.623 Executing safepoint VM operation: ParallelGCFailedAllocation (Allocation Failure) done
Event: 31.126 Executing non-safepoint VM operation: HandshakeAllThreads (Deoptimize)
Event: 31.126 Executing non-safepoint VM operation: HandshakeAllThreads (Deoptimize) done

Memory protections (0 events):
No events

Nmethod flushes (0 events):
No events

Events (20 events):
Event: 1.556 Thread 0x00000283bf89fd70 Thread added: 0x00000283bf78b1e0
Event: 1.557 Thread 0x00000283bf89fd70 Thread added: 0x00000283bf78caf0
Event: 1.559 Thread 0x00000283bf89fd70 Thread added: 0x00000283bf78e400
Event: 1.562 Thread 0x00000283bf89fd70 Thread added: 0x00000283bf78f320
Event: 1.562 Thread 0x00000283bf89fd70 Thread added: 0x00000283bf792b40
Event: 1.564 Thread 0x00000283bf89fd70 Thread added: 0x00000283bf797760
Event: 1.571 Thread 0x00000283bf89fd70 Thread added: 0x00000283bf7990c0
Event: 1.572 Thread 0x00000283bf89fd70 Thread added: 0x00000283bf7bedb0
Event: 2.111 Thread 0x00000283bf89fd70 Thread added: 0x000002841c1a2330
Event: 3.344 Thread 0x00000283bf89fd70 Thread added: 0x000002841c281900
Event: 10.080 Thread 0x00000283bf89fd70 Thread added: 0x000002841c3e7fc0
Event: 11.699 Thread 0x00000283bf89fd70 Thread added: 0x000002841c5df400
Event: 11.919 Thread 0x000002841c5df400 Thread added: 0x000002841c4da890
Event: 11.932 Thread 0x00000283bf89fd70 Thread added: 0x00000283bf843a20
Event: 14.483 Thread 0x00000283bf843a20 Thread added: 0x000002841c922ed0
Event: 17.868 Thread 0x00000283bf843a20 Thread added: 0x000002841c93d560
Event: 19.431 Thread 0x00000283bf843a20 Thread added: 0x000002841c064b50
Event: 22.715 Thread 0x00000283bf843a20 Thread added: 0x000002841c065870
Event: 23.258 Thread 0x00000283bf843a20 Thread added: 0x000002841c065f00
Event: 23.697 Thread 0x00000283bf843a20 Thread added: 0x000002841c0651e0


Dynamic libraries:
0x00007ff6c2030000 - 0x00007ff6c203e000 	c:\Users\NAGARAJ\.vscode\extensions\redhat.java-1.54.0-win32-x64\jre\21.0.10-win32-x86_64\bin\java.exe
0x00007ff87c7b0000 - 0x00007ff87c9a8000 	C:\WINDOWS\SYSTEM32\ntdll.dll
0x00007ff87bc90000 - 0x00007ff87bd52000 	C:\WINDOWS\System32\KERNEL32.DLL
0x00007ff87a500000 - 0x00007ff87a7f6000 	C:\WINDOWS\System32\KERNELBASE.dll
0x00007ff87a240000 - 0x00007ff87a340000 	C:\WINDOWS\System32\ucrtbase.dll
0x00007ff865f30000 - 0x00007ff865f48000 	c:\Users\NAGARAJ\.vscode\extensions\redhat.java-1.54.0-win32-x64\jre\21.0.10-win32-x86_64\bin\jli.dll
0x00007ff85f1e0000 - 0x00007ff85f1fe000 	c:\Users\NAGARAJ\.vscode\extensions\redhat.java-1.54.0-win32-x64\jre\21.0.10-win32-x86_64\bin\VCRUNTIME140.dll
0x00007ff87c4d0000 - 0x00007ff87c671000 	C:\WINDOWS\System32\USER32.dll
0x00007ff87a800000 - 0x00007ff87a822000 	C:\WINDOWS\System32\win32u.dll
0x00007ff87aa40000 - 0x00007ff87aa6b000 	C:\WINDOWS\System32\GDI32.dll
0x00007ff87a3e0000 - 0x00007ff87a4f9000 	C:\WINDOWS\System32\gdi32full.dll
0x00007ff87a340000 - 0x00007ff87a3dd000 	C:\WINDOWS\System32\msvcp_win.dll
0x00007ff86a970000 - 0x00007ff86ac0b000 	C:\WINDOWS\WinSxS\amd64_microsoft.windows.common-controls_6595b64144ccf1df_6.0.19041.6456_none_60b8a6cb71f64256\COMCTL32.dll
0x00007ff87bbe0000 - 0x00007ff87bc7e000 	C:\WINDOWS\System32\msvcrt.dll
0x00007ff87ad90000 - 0x00007ff87adbf000 	C:\WINDOWS\System32\IMM32.DLL
0x00007ff86d120000 - 0x00007ff86d12c000 	c:\Users\NAGARAJ\.vscode\extensions\redhat.java-1.54.0-win32-x64\jre\21.0.10-win32-x86_64\bin\vcruntime140_1.dll
0x00007ff8474a0000 - 0x00007ff84752d000 	c:\Users\NAGARAJ\.vscode\extensions\redhat.java-1.54.0-win32-x64\jre\21.0.10-win32-x86_64\bin\msvcp140.dll
0x00007ffff84c0000 - 0x00007ffff9261000 	c:\Users\NAGARAJ\.vscode\extensions\redhat.java-1.54.0-win32-x64\jre\21.0.10-win32-x86_64\bin\server\jvm.dll
0x00007ff87ac20000 - 0x00007ff87acd1000 	C:\WINDOWS\System32\ADVAPI32.dll
0x00007ff87ba70000 - 0x00007ff87bb0f000 	C:\WINDOWS\System32\sechost.dll
0x00007ff87b820000 - 0x00007ff87b940000 	C:\WINDOWS\System32\RPCRT4.dll
0x00007ff87a190000 - 0x00007ff87a1b7000 	C:\WINDOWS\System32\bcrypt.dll
0x00007ff87adc0000 - 0x00007ff87ae2b000 	C:\WINDOWS\System32\WS2_32.dll
0x00007ff879480000 - 0x00007ff8794cb000 	C:\WINDOWS\SYSTEM32\POWRPROF.dll
0x00007ff873530000 - 0x00007ff873557000 	C:\WINDOWS\SYSTEM32\WINMM.dll
0x00007ff874ac0000 - 0x00007ff874aca000 	C:\WINDOWS\SYSTEM32\VERSION.dll
0x00007ff8792f0000 - 0x00007ff879302000 	C:\WINDOWS\SYSTEM32\UMPDC.dll
0x00007ff877c40000 - 0x00007ff877c52000 	C:\WINDOWS\SYSTEM32\kernel.appcore.dll
0x00007ff86cbd0000 - 0x00007ff86cbda000 	c:\Users\NAGARAJ\.vscode\extensions\redhat.java-1.54.0-win32-x64\jre\21.0.10-win32-x86_64\bin\jimage.dll
0x00007ff865a30000 - 0x00007ff865c31000 	C:\WINDOWS\SYSTEM32\DBGHELP.DLL
0x00007ff85a830000 - 0x00007ff85a864000 	C:\WINDOWS\SYSTEM32\dbgcore.DLL
0x00007ff87a830000 - 0x00007ff87a8b2000 	C:\WINDOWS\System32\bcryptPrimitives.dll
0x00007ff8690d0000 - 0x00007ff8690df000 	c:\Users\NAGARAJ\.vscode\extensions\redhat.java-1.54.0-win32-x64\jre\21.0.10-win32-x86_64\bin\instrument.dll
0x00007ff8545e0000 - 0x00007ff854600000 	c:\Users\NAGARAJ\.vscode\extensions\redhat.java-1.54.0-win32-x64\jre\21.0.10-win32-x86_64\bin\java.dll
0x00007ff87bd60000 - 0x00007ff87c4d0000 	C:\WINDOWS\System32\SHELL32.dll
0x00007ff877f20000 - 0x00007ff8786c5000 	C:\WINDOWS\SYSTEM32\windows.storage.dll
0x00007ff87b350000 - 0x00007ff87b6a4000 	C:\WINDOWS\System32\combase.dll
0x00007ff879880000 - 0x00007ff8798ab000 	C:\WINDOWS\SYSTEM32\Wldp.dll
0x00007ff87bb10000 - 0x00007ff87bbdd000 	C:\WINDOWS\System32\OLEAUT32.dll
0x00007ff87b2a0000 - 0x00007ff87b34d000 	C:\WINDOWS\System32\SHCORE.dll
0x00007ff87a8c0000 - 0x00007ff87a91b000 	C:\WINDOWS\System32\shlwapi.dll
0x00007ff879e60000 - 0x00007ff879e84000 	C:\WINDOWS\SYSTEM32\profapi.dll
0x00007ff854050000 - 0x00007ff854068000 	c:\Users\NAGARAJ\.vscode\extensions\redhat.java-1.54.0-win32-x64\jre\21.0.10-win32-x86_64\bin\zip.dll
0x00007ff868b50000 - 0x00007ff868b60000 	C:\Users\NAGARAJ\.vscode\extensions\redhat.java-1.54.0-win32-x64\jre\21.0.10-win32-x86_64\bin\net.dll
0x00007ff873080000 - 0x00007ff87318a000 	C:\WINDOWS\SYSTEM32\WINHTTP.dll
0x00007ff879660000 - 0x00007ff8796ca000 	C:\WINDOWS\system32\mswsock.dll
0x00007ff850fd0000 - 0x00007ff850fe6000 	C:\Users\NAGARAJ\.vscode\extensions\redhat.java-1.54.0-win32-x64\jre\21.0.10-win32-x86_64\bin\nio.dll
0x00007ff8687a0000 - 0x00007ff8687b0000 	c:\Users\NAGARAJ\.vscode\extensions\redhat.java-1.54.0-win32-x64\jre\21.0.10-win32-x86_64\bin\verify.dll
0x00007ff85e4f0000 - 0x00007ff85e535000 	C:\Users\NAGARAJ\AppData\Roaming\Code\User\globalStorage\redhat.java\1.54.0\config_win\org.eclipse.equinox.launcher\org.eclipse.equinox.launcher.win32.win32.x86_64_1.3.0.v20260203-2149\eclipse_11919.dll
0x00007ff87b940000 - 0x00007ff87ba6b000 	C:\WINDOWS\System32\ole32.dll
0x00007ff8798c0000 - 0x00007ff8798d8000 	C:\WINDOWS\SYSTEM32\CRYPTSP.dll
0x00007ff878f30000 - 0x00007ff878f68000 	C:\WINDOWS\system32\rsaenh.dll
0x00007ff879e20000 - 0x00007ff879e4e000 	C:\WINDOWS\SYSTEM32\USERENV.dll
0x00007ff8797f0000 - 0x00007ff8797fc000 	C:\WINDOWS\SYSTEM32\CRYPTBASE.dll
0x00007ff879310000 - 0x00007ff87934b000 	C:\WINDOWS\SYSTEM32\IPHLPAPI.DLL
0x00007ff87bc80000 - 0x00007ff87bc88000 	C:\WINDOWS\System32\NSI.dll
0x00007ff84d000000 - 0x00007ff84d049000 	C:\Temp\jna--1860674802\jna1065639983754159615.dll
0x00007ff87b7b0000 - 0x00007ff87b7b8000 	C:\WINDOWS\System32\PSAPI.DLL

JVMTI agents:
c:\Users\NAGARAJ\.vscode\extensions\redhat.java-1.54.0-win32-x64\lombok\lombok-1.18.39-4050.jar path:c:\Users\NAGARAJ\.vscode\extensions\redhat.java-1.54.0-win32-x64\jre\21.0.10-win32-x86_64\bin\instrument.dll, loaded, initialized, instrumentlib options:none

dbghelp: loaded successfully - version: 4.0.5 - missing functions: none
symbol engine: initialized successfully - sym options: 0x614 - pdb path: .;c:\Users\NAGARAJ\.vscode\extensions\redhat.java-1.54.0-win32-x64\jre\21.0.10-win32-x86_64\bin;C:\WINDOWS\SYSTEM32;C:\WINDOWS\WinSxS\amd64_microsoft.windows.common-controls_6595b64144ccf1df_6.0.19041.6456_none_60b8a6cb71f64256;c:\Users\NAGARAJ\.vscode\extensions\redhat.java-1.54.0-win32-x64\jre\21.0.10-win32-x86_64\bin\server;C:\Users\NAGARAJ\AppData\Roaming\Code\User\globalStorage\redhat.java\1.54.0\config_win\org.eclipse.equinox.launcher\org.eclipse.equinox.launcher.win32.win32.x86_64_1.3.0.v20260203-2149;C:\Temp\jna--1860674802

VM Arguments:
jvm_args: --add-modules=ALL-SYSTEM --add-opens=java.base/java.util=ALL-UNNAMED --add-opens=java.base/java.lang=ALL-UNNAMED --add-opens=java.base/sun.nio.fs=ALL-UNNAMED -Declipse.application=org.eclipse.jdt.ls.core.id1 -Dosgi.bundles.defaultStartLevel=4 -Declipse.product=org.eclipse.jdt.ls.core.product -Djava.import.generatesMetadataFilesAtProjectRoot=false -DDetectVMInstallationsJob.disabled=true -Dfile.encoding=utf8 -XX:+UseParallelGC -XX:GCTimeRatio=4 -XX:AdaptiveSizePolicyWeight=90 -Dsun.zip.disableMemoryMapping=true -Xmx2G -Xms100m -Xlog:disable -javaagent:c:\Users\NAGARAJ\.vscode\extensions\redhat.java-1.54.0-win32-x64\lombok\lombok-1.18.39-4050.jar -XX:+HeapDumpOnOutOfMemoryError -XX:HeapDumpPath=c:\Users\NAGARAJ\AppData\Roaming\Code\User\workspaceStorage\71ab786f3efb653311a4c375c0ec5e39\redhat.java -Daether.dependencyCollector.impl=bf 
java_command: c:\Users\NAGARAJ\.vscode\extensions\redhat.java-1.54.0-win32-x64\server\plugins\org.eclipse.equinox.launcher_1.7.100.v20251111-0406.jar -configuration c:\Users\NAGARAJ\AppData\Roaming\Code\User\globalStorage\redhat.java\1.54.0\config_win -data c:\Users\NAGARAJ\AppData\Roaming\Code\User\workspaceStorage\71ab786f3efb653311a4c375c0ec5e39\redhat.java\jdt_ws --pipe=\\.\pipe\lsp-87e69ac4dae48c0f5069ff8e43de29a0-sock
java_class_path (initial): c:\Users\NAGARAJ\.vscode\extensions\redhat.java-1.54.0-win32-x64\server\plugins\org.eclipse.equinox.launcher_1.7.100.v20251111-0406.jar
Launcher Type: SUN_STANDARD

[Global flags]
    uintx AdaptiveSizePolicyWeight                 = 90                                        {product} {command line}
     intx CICompilerCount                          = 3                                         {product} {ergonomic}
    uintx GCTimeRatio                              = 4                                         {product} {command line}
     bool HeapDumpOnOutOfMemoryError               = true                                   {manageable} {command line}
    ccstr HeapDumpPath                             = c:\Users\NAGARAJ\AppData\Roaming\Code\User\workspaceStorage\71ab786f3efb653311a4c375c0ec5e39\redhat.java         {manageable} {command line}
   size_t InitialHeapSize                          = 104857600                                 {product} {command line}
   size_t MaxHeapSize                              = 2147483648                                {product} {command line}
   size_t MaxNewSize                               = 715653120                                 {product} {ergonomic}
   size_t MinHeapDeltaBytes                        = 524288                                    {product} {ergonomic}
   size_t MinHeapSize                              = 104857600                                 {product} {command line}
   size_t NewSize                                  = 34603008                                  {product} {ergonomic}
    uintx NonNMethodCodeHeapSize                   = 5832780                                {pd product} {ergonomic}
    uintx NonProfiledCodeHeapSize                  = 122912730                              {pd product} {ergonomic}
   size_t OldSize                                  = 70254592                                  {product} {ergonomic}
    uintx ProfiledCodeHeapSize                     = 122912730                              {pd product} {ergonomic}
    uintx ReservedCodeCacheSize                    = 251658240                              {pd product} {ergonomic}
     bool SegmentedCodeCache                       = true                                      {product} {ergonomic}
   size_t SoftMaxHeapSize                          = 2147483648                             {manageable} {ergonomic}
     bool UseCompressedOops                        = true                           {product lp64_product} {ergonomic}
     bool UseLargePagesIndividualAllocation        = false                                  {pd product} {ergonomic}
     bool UseParallelGC                            = true                                      {product} {command line}

Logging:
Log output configuration:
 #0: stdout all=off uptime,level,tags foldmultilines=false
 #1: stderr all=off uptime,level,tags foldmultilines=false

Release file:
JAVA_VERSION="21.0.10" 
MODULES="java.base java.compiler java.datatransfer java.xml java.prefs java.desktop java.instrument java.logging java.management java.security.sasl java.naming java.rmi java.management.rmi java.net.http java.scripting java.security.jgss java.transaction.xa java.sql java.sql.rowset java.xml.crypto java.se java.smartcardio jdk.accessibility jdk.internal.jvmstat jdk.attach jdk.charsets jdk.internal.opt jdk.zipfs jdk.compiler jdk.crypto.ec jdk.crypto.cryptoki jdk.crypto.mscapi jdk.dynalink jdk.internal.ed jdk.editpad jdk.hotspot.agent jdk.httpserver jdk.internal.le jdk.internal.vm.ci jdk.internal.vm.compiler jdk.internal.vm.compiler.management jdk.jartool jdk.javadoc jdk.jcmd jdk.management jdk.management.agent jdk.jconsole jdk.jdeps jdk.jdwp.agent jdk.jdi jdk.jfr jdk.jshell jdk.jsobject jdk.jstatd jdk.localedata jdk.management.jfr jdk.naming.dns jdk.naming.rmi jdk.net jdk.nio.mapmode jdk.random jdk.sctp jdk.security.auth jdk.security.jgss jdk.unsupported jdk.unsupported.desktop jdk.xml.dom" 

Environment Variables:
PATH=C:\Users\NAGARAJ\AppData\Local\Programs\Microsoft VS Code;C:\Program Files\Common Files\Oracle\Java\javapath;C:\WINDOWS\system32;C:\WINDOWS;C:\WINDOWS\System32\Wbem;C:\WINDOWS\System32\WindowsPowerShell\v1.0\;C:\Program Files\Git\cmd;C:\WINDOWS\System32\OpenSSH\;C:\Program Files (x86)\apache-maven-3.9.9-bin (2)\apache-maven-3.9.9\bin;C:\Program Files\gradle\gradle-8.14.1\bin;C:\Program Files\nodejs\;C:\Program Files\Docker\Docker\resources\bin;C:\Program Files\MySQL\MySQL Shell 8.0\bin\;C:\Users\NAGARAJ\AppData\Local\Microsoft\WindowsApps;C:\Program Files\JetBrains\IntelliJ IDEA Community Edition 2024.3.3\bin;;C:\Users\NAGARAJ\AppData\Local\Programs\Microsoft VS Code\bin;search-ms:displayname=Search%20Results%20in%20apache-maven-3.9.9&crumb=location:C%3A%5Cdevops%20lab%5Capache-maven-3.9.9;C:\Users\NAGARAJ\AppData\Local\Google\Cloud SDK\google-cloud-sdk\bin;C:\Users\NAGARAJ\AppData\Roaming\npm
USERNAME=NAGARAJ
OS=Windows_NT
PROCESSOR_IDENTIFIER=Intel64 Family 6 Model 58 Stepping 9, GenuineIntel
TMP=C:\Temp
TEMP=C:\Temp




Periodic native trim disabled

---------------  S Y S T E M  ---------------

OS:
 Windows 10 , 64 bit Build 19041 (10.0.19041.5915)
OS uptime: 3 days 1:03 hours
Hyper-V role detected

CPU: total 4 (initial active 4) (2 cores per cpu, 2 threads per core) family 6 model 58 stepping 9 microcode 0x21, cx8, cmov, fxsr, ht, mmx, sse, sse2, sse3, ssse3, sse4.1, sse4.2, popcnt, tsc, tscinvbit, avx, aes, erms, clmul, vzeroupper, clflush, hv, rdtscp, f16c
Processor Information for the first 4 processors :
  Max Mhz: 2601, Current Mhz: 2601, Mhz Limit: 2601

Memory: 4k page, system-wide physical 3915M (53M free)
TotalPageFile size 15691M (AvailPageFile size 0M)
current process WorkingSet (physical memory assigned to process): 146M, peak: 146M
current process commit charge ("private bytes"): 266M, peak: 266M

vm_info: OpenJDK 64-Bit Server VM (21.0.10+7-LTS) for windows-amd64 JRE (21.0.10+7-LTS), built on 2026-01-20T00:00:00Z by "admin" with MS VC++ 17.12 (VS2022)

END.
