#
# There is insufficient memory for the Java Runtime Environment to continue.
# Native memory allocation (malloc) failed to allocate 1339552 bytes. Error detail: Chunk::new
# Possible reasons:
#   The system is out of physical RAM or swap space
#   This process is running with CompressedOops enabled, and the Java Heap may be blocking the growth of the native heap
# Possible solutions:
#   Reduce memory load on the system
#   Increase physical memory or swap space
#   Check if swap backing store is full
#   Decrease Java heap size (-Xmx/-Xms)
#   Decrease number of Java threads
#   Decrease Java thread stack sizes (-Xss)
#   Set larger code cache with -XX:ReservedCodeCacheSize=
#   JVM is running with Unscaled Compressed Oops mode in which the Java heap is
#     placed in the first 4GB address space. The Java Heap base address is the
#     maximum limit for the native heap growth. Please use -XX:HeapBaseMinAddress
#     to set the Java Heap base and to place the Java Heap above 4GB virtual address.
# This output file may be truncated or incomplete.
#
#  Out of Memory Error (arena.cpp:168), pid=1884, tid=18516
#
# JRE version: OpenJDK Runtime Environment Temurin-21.0.10+7 (21.0.10+7) (build 21.0.10+7-LTS)
# Java VM: OpenJDK 64-Bit Server VM Temurin-21.0.10+7 (21.0.10+7-LTS, mixed mode, sharing, tiered, compressed oops, compressed class ptrs, parallel gc, windows-amd64)
# No core dump will be written. Minidumps are not enabled by default on client versions of Windows
#

---------------  S U M M A R Y ------------

Command Line: --add-modules=ALL-SYSTEM --add-opens=java.base/java.util=ALL-UNNAMED --add-opens=java.base/java.lang=ALL-UNNAMED --add-opens=java.base/sun.nio.fs=ALL-UNNAMED -Declipse.application=org.eclipse.jdt.ls.core.id1 -Dosgi.bundles.defaultStartLevel=4 -Declipse.product=org.eclipse.jdt.ls.core.product -Djava.import.generatesMetadataFilesAtProjectRoot=false -DDetectVMInstallationsJob.disabled=true -Dfile.encoding=utf8 -XX:+UseParallelGC -XX:GCTimeRatio=4 -XX:AdaptiveSizePolicyWeight=90 -Dsun.zip.disableMemoryMapping=true -Xmx2G -Xms100m -Xlog:disable -javaagent:c:\Users\NAGARAJ\.vscode\extensions\redhat.java-1.54.0-win32-x64\lombok\lombok-1.18.39-4050.jar -XX:+HeapDumpOnOutOfMemoryError -XX:HeapDumpPath=c:\Users\NAGARAJ\AppData\Roaming\Code\User\workspaceStorage\71ab786f3efb653311a4c375c0ec5e39\redhat.java -Daether.dependencyCollector.impl=bf c:\Users\NAGARAJ\.vscode\extensions\redhat.java-1.54.0-win32-x64\server\plugins\org.eclipse.equinox.launcher_1.7.100.v20251111-0406.jar -configuration c:\Users\NAGARAJ\AppData\Roaming\Code\User\globalStorage\redhat.java\1.54.0\config_win -data c:\Users\NAGARAJ\AppData\Roaming\Code\User\workspaceStorage\71ab786f3efb653311a4c375c0ec5e39\redhat.java\jdt_ws --pipe=\\.\pipe\lsp-3589ae90a953f0e53b796a4c6ff1d3cc-sock

Host: Intel(R) Core(TM) i5-3320M CPU @ 2.60GHz, 4 cores, 3G,  Windows 10 , 64 bit Build 19041 (10.0.19041.5915)
Time: Thu May  7 23:41:43 2026 India Standard Time elapsed time: 69.927250 seconds (0d 0h 1m 9s)

---------------  T H R E A D  ---------------

Current thread (0x000001751768b800):  JavaThread "C2 CompilerThread0" daemon [_thread_in_native, id=18516, stack(0x00000011c1700000,0x00000011c1800000) (1024K)]


Current CompileTask:
C2:69927 13592       4       org.eclipse.jdt.internal.compiler.parser.Parser::consumeRule (7843 bytes)

Stack: [0x00000011c1700000,0x00000011c1800000]
Native frames: (J=compiled Java code, j=interpreted, Vv=VM code, C=native code)
V  [jvm.dll+0x6d7a39]
V  [jvm.dll+0x8b4b26]
V  [jvm.dll+0x8b70de]
V  [jvm.dll+0x8b77c3]
V  [jvm.dll+0x284346]
V  [jvm.dll+0xc66ed]
V  [jvm.dll+0xc6c31]
V  [jvm.dll+0x3bec3b]
V  [jvm.dll+0x38b162]
V  [jvm.dll+0x38a5aa]
V  [jvm.dll+0x24c560]
V  [jvm.dll+0x24bb40]
V  [jvm.dll+0x1cb34e]
V  [jvm.dll+0x25b85d]
V  [jvm.dll+0x259dea]
V  [jvm.dll+0x3f857e]
V  [jvm.dll+0x85f59d]
V  [jvm.dll+0x6d626d]
C  [ucrtbase.dll+0x21bb2]
C  [KERNEL32.DLL+0x17374]
C  [ntdll.dll+0x4cc91]


---------------  P R O C E S S  ---------------

Threads class SMR info:
_java_thread_list=0x00000175613a2080, length=37, elements={
0x000001757f7a09d0, 0x000001751767bb20, 0x000001751767d430, 0x000001751767efc0,
0x000001751767fee0, 0x0000017517683700, 0x0000017517689060, 0x000001751768b800,
0x00000175176f0510, 0x00000175595c7030, 0x0000017559795cd0, 0x000001755e46c570,
0x000001755e1666e0, 0x000001755e2dd7b0, 0x000001755e1686d0, 0x000001755e3b8200,
0x000001755ee2f7e0, 0x00000175176e04b0, 0x00000175176dea70, 0x00000175176e0b40,
0x00000175176df100, 0x00000175176de3e0, 0x00000175176df790, 0x00000175176dfe20,
0x0000017560d6c7d0, 0x0000017560d6ce60, 0x0000017560d723b0, 0x0000017560d6d4f0,
0x0000017560d6e210, 0x0000017560d6db80, 0x0000017560d6ef30, 0x0000017560d6e8a0,
0x0000017560d6fc50, 0x0000017560d6f5c0, 0x0000017560d702e0, 0x0000017560d70970,
0x0000017560d71000
}

Java Threads: ( => current thread )
  0x000001757f7a09d0 JavaThread "main"                              [_thread_blocked, id=9436, stack(0x00000011c0d00000,0x00000011c0e00000) (1024K)]
  0x000001751767bb20 JavaThread "Reference Handler"          daemon [_thread_blocked, id=18312, stack(0x00000011c1100000,0x00000011c1200000) (1024K)]
  0x000001751767d430 JavaThread "Finalizer"                  daemon [_thread_blocked, id=11576, stack(0x00000011c1200000,0x00000011c1300000) (1024K)]
  0x000001751767efc0 JavaThread "Signal Dispatcher"          daemon [_thread_blocked, id=2228, stack(0x00000011c1300000,0x00000011c1400000) (1024K)]
  0x000001751767fee0 JavaThread "Attach Listener"            daemon [_thread_blocked, id=5764, stack(0x00000011c1400000,0x00000011c1500000) (1024K)]
  0x0000017517683700 JavaThread "Service Thread"             daemon [_thread_blocked, id=11608, stack(0x00000011c1500000,0x00000011c1600000) (1024K)]
  0x0000017517689060 JavaThread "Monitor Deflation Thread"   daemon [_thread_blocked, id=5308, stack(0x00000011c1600000,0x00000011c1700000) (1024K)]
=>0x000001751768b800 JavaThread "C2 CompilerThread0"         daemon [_thread_in_native, id=18516, stack(0x00000011c1700000,0x00000011c1800000) (1024K)]
  0x00000175176f0510 JavaThread "C1 CompilerThread0"         daemon [_thread_blocked, id=2456, stack(0x00000011c1800000,0x00000011c1900000) (1024K)]
  0x00000175595c7030 JavaThread "Common-Cleaner"             daemon [_thread_blocked, id=19320, stack(0x00000011c1900000,0x00000011c1a00000) (1024K)]
  0x0000017559795cd0 JavaThread "Notification Thread"        daemon [_thread_blocked, id=23232, stack(0x00000011c1a00000,0x00000011c1b00000) (1024K)]
  0x000001755e46c570 JavaThread "Active Thread: Equinox Container: 51a52f86-2f9e-4862-9267-3e9fcbe2603f"        [_thread_blocked, id=19996, stack(0x00000011c1e00000,0x00000011c1f00000) (1024K)]
  0x000001755e1666e0 JavaThread "Refresh Thread: Equinox Container: 51a52f86-2f9e-4862-9267-3e9fcbe2603f" daemon [_thread_blocked, id=22268, stack(0x00000011c1f00000,0x00000011c2000000) (1024K)]
  0x000001755e2dd7b0 JavaThread "Framework Event Dispatcher: Equinox Container: 51a52f86-2f9e-4862-9267-3e9fcbe2603f" daemon [_thread_blocked, id=8752, stack(0x00000011c2000000,0x00000011c2100000) (1024K)]
  0x000001755e1686d0 JavaThread "Start Level: Equinox Container: 51a52f86-2f9e-4862-9267-3e9fcbe2603f" daemon [_thread_blocked, id=13156, stack(0x00000011c2100000,0x00000011c2200000) (1024K)]
  0x000001755e3b8200 JavaThread "Bundle File Closer"         daemon [_thread_blocked, id=11040, stack(0x00000011c2200000,0x00000011c2300000) (1024K)]
  0x000001755ee2f7e0 JavaThread "SCR Component Actor"        daemon [_thread_blocked, id=12852, stack(0x00000011c2300000,0x00000011c2400000) (1024K)]
  0x00000175176e04b0 JavaThread "Worker-JM"                         [_thread_blocked, id=23092, stack(0x00000011c2400000,0x00000011c2500000) (1024K)]
  0x00000175176dea70 JavaThread "JNA Cleaner"                daemon [_thread_blocked, id=6472, stack(0x00000011c2500000,0x00000011c2600000) (1024K)]
  0x00000175176e0b40 JavaThread "Worker-0"                          [_thread_blocked, id=21972, stack(0x00000011c2600000,0x00000011c2700000) (1024K)]
  0x00000175176df100 JavaThread "Worker-1"                          [_thread_blocked, id=12748, stack(0x00000011c2700000,0x00000011c2800000) (1024K)]
  0x00000175176de3e0 JavaThread "Worker-2"                          [_thread_blocked, id=7712, stack(0x00000011c2800000,0x00000011c2900000) (1024K)]
  0x00000175176df790 JavaThread "Java indexing"              daemon [_thread_blocked, id=19308, stack(0x00000011c2900000,0x00000011c2a00000) (1024K)]
  0x00000175176dfe20 JavaThread "Worker-3"                          [_thread_blocked, id=13272, stack(0x00000011c2c00000,0x00000011c2d00000) (1024K)]
  0x0000017560d6c7d0 JavaThread "Worker-4"                          [_thread_blocked, id=17640, stack(0x00000011c2d00000,0x00000011c2e00000) (1024K)]
  0x0000017560d6ce60 JavaThread "Thread-1"                   daemon [_thread_in_native, id=10180, stack(0x00000011c2e00000,0x00000011c2f00000) (1024K)]
  0x0000017560d723b0 JavaThread "Thread-2"                   daemon [_thread_in_native, id=10324, stack(0x00000011c2f00000,0x00000011c3000000) (1024K)]
  0x0000017560d6d4f0 JavaThread "Thread-3"                   daemon [_thread_in_native, id=3796, stack(0x00000011c3000000,0x00000011c3100000) (1024K)]
  0x0000017560d6e210 JavaThread "Thread-4"                   daemon [_thread_in_native, id=1100, stack(0x00000011c3100000,0x00000011c3200000) (1024K)]
  0x0000017560d6db80 JavaThread "Thread-5"                   daemon [_thread_in_native, id=13592, stack(0x00000011c3200000,0x00000011c3300000) (1024K)]
  0x0000017560d6ef30 JavaThread "pool-2-thread-1"                   [_thread_blocked, id=15836, stack(0x00000011c3300000,0x00000011c3400000) (1024K)]
  0x0000017560d6e8a0 JavaThread "WorkspaceEventsHandler"            [_thread_blocked, id=6020, stack(0x00000011c3400000,0x00000011c3500000) (1024K)]
  0x0000017560d6fc50 JavaThread "pool-1-thread-1"                   [_thread_blocked, id=15664, stack(0x00000011c3500000,0x00000011c3600000) (1024K)]
  0x0000017560d6f5c0 JavaThread "ForkJoinPool.commonPool-worker-1" daemon [_thread_blocked, id=11896, stack(0x00000011c3600000,0x00000011c3700000) (1024K)]
  0x0000017560d702e0 JavaThread "ForkJoinPool.commonPool-worker-2" daemon [_thread_blocked, id=15892, stack(0x00000011c3700000,0x00000011c3800000) (1024K)]
  0x0000017560d70970 JavaThread "ForkJoinPool.commonPool-worker-3" daemon [_thread_blocked, id=14356, stack(0x00000011c3800000,0x00000011c3900000) (1024K)]
  0x0000017560d71000 JavaThread "Cleaner-0"                  daemon [_thread_blocked, id=5204, stack(0x00000011c0a00000,0x00000011c0b00000) (1024K)]
Total: 37

Other Threads:
  0x000001751765ebe0 VMThread "VM Thread"                           [id=16516, stack(0x00000011c1000000,0x00000011c1100000) (1024K)]
  0x000001757f865e40 WatcherThread "VM Periodic Task Thread"        [id=11620, stack(0x00000011c0f00000,0x00000011c1000000) (1024K)]
  0x000001757f7bdce0 WorkerThread "GC Thread#0"                     [id=10644, stack(0x00000011c0e00000,0x00000011c0f00000) (1024K)]
  0x000001755e1af000 WorkerThread "GC Thread#1"                     [id=18972, stack(0x00000011c1b00000,0x00000011c1c00000) (1024K)]
  0x000001755e0599d0 WorkerThread "GC Thread#2"                     [id=8916, stack(0x00000011c1c00000,0x00000011c1d00000) (1024K)]
  0x000001755e059d80 WorkerThread "GC Thread#3"                     [id=22088, stack(0x00000011c1d00000,0x00000011c1e00000) (1024K)]
Total: 6

Threads with active compile tasks:
C2 CompilerThread0  72823 13592       4       org.eclipse.jdt.internal.compiler.parser.Parser::consumeRule (7843 bytes)
C1 CompilerThread0  72823 13654       3       java.util.stream.ReferencePipeline$Head::forEach (26 bytes)
Total: 2

VM state: at safepoint (normal execution)

VM Mutex/Monitor currently owned by a thread:  ([mutex/lock_event])
[0x00007ffff917e560] Threads_lock - owner thread: 0x000001751765ebe0
[0x00007ffff917e660] Heap_lock - owner thread: 0x0000017560d6f5c0

Heap address: 0x0000000080000000, size: 2048 MB, Compressed Oops mode: 32-bit

CDS archive(s) mapped at: [0x0000017518000000-0x0000017518ba0000-0x0000017518ba0000), size 12189696, SharedBaseAddress: 0x0000017518000000, ArchiveRelocationMode: 1.
Compressed class space mapped at: 0x0000017519000000-0x0000017559000000, reserved size: 1073741824
Narrow klass base: 0x0000017518000000, Narrow klass shift: 0, Narrow klass range: 0x100000000

GC Precious Log:
 CardTable entry size: 512
 CPUs: 4 total, 4 available
 Memory: 3915M
 Large Page Support: Disabled
 NUMA Support: Disabled
 Compressed Oops: Enabled (32-bit)
 Alignments: Space 512K, Generation 512K, Heap 2M
 Heap Min Capacity: 100M
 Heap Initial Capacity: 100M
 Heap Max Capacity: 2G
 Pre-touch: Disabled
 Parallel Workers: 4

Heap:
 PSYoungGen      total 5632K, used 5259K [0x00000000d5580000, 0x00000000d5e00000, 0x0000000100000000)
  eden space 4608K, 100% used [0x00000000d5580000,0x00000000d5a00000,0x00000000d5a00000)
  from space 1024K, 63% used [0x00000000d5d00000,0x00000000d5da2c98,0x00000000d5e00000)
  to   space 1536K, 99% used [0x00000000d5b00000,0x00000000d5c7ebe0,0x00000000d5c80000)
 ParOldGen       total 164864K, used 164857K [0x0000000080000000, 0x000000008a100000, 0x00000000d5580000)
  object space 164864K, 99% used [0x0000000080000000,0x000000008a0fe700,0x000000008a100000)
 Metaspace       used 69355K, committed 70848K, reserved 1114112K
  class space    used 7118K, committed 7744K, reserved 1048576K

Card table byte_map: [0x000001757f180000,0x000001757f590000] _byte_map_base: 0x000001757ed80000

Marking Bits: (ParMarkBitMap*) 0x00007ffff9183450
 Begin Bits: [0x0000017513550000, 0x0000017515550000)
 End Bits:   [0x0000017515550000, 0x0000017517550000)

Polling page: 0x000001757ef70000

Metaspace:

Usage:
  Non-class:     60.78 MB used.
      Class:      6.95 MB used.
       Both:     67.73 MB used.

Virtual space:
  Non-class space:       64.00 MB reserved,      61.62 MB ( 96%) committed,  1 nodes.
      Class space:        1.00 GB reserved,       7.56 MB ( <1%) committed,  1 nodes.
             Both:        1.06 GB reserved,      69.19 MB (  6%) committed. 

Chunk freelists:
   Non-Class:  1.61 MB
       Class:  8.27 MB
        Both:  9.87 MB

MaxMetaspaceSize: unlimited
CompressedClassSpaceSize: 1.00 GB
Initial GC threshold: 21.00 MB
Current GC threshold: 97.81 MB
CDS: on
 - commit_granule_bytes: 65536.
 - commit_granule_words: 8192.
 - virtual_space_node_default_size: 8388608.
 - enlarge_chunks_in_place: 1.
 - use_allocation_guard: 0.


Internal statistics:

num_allocs_failed_limit: 13.
num_arena_births: 1282.
num_arena_deaths: 14.
num_vsnodes_births: 2.
num_vsnodes_deaths: 0.
num_space_committed: 1107.
num_space_uncommitted: 0.
num_chunks_returned_to_freelist: 27.
num_chunks_taken_from_freelist: 4737.
num_chunk_merges: 16.
num_chunk_splits: 2839.
num_chunks_enlarged: 1482.
num_inconsistent_stats: 0.

CodeHeap 'non-profiled nmethods': size=120000Kb used=6834Kb max_used=6834Kb free=113165Kb
 bounds [0x000001750c020000, 0x000001750c6d0000, 0x0000017513550000]
CodeHeap 'profiled nmethods': size=120000Kb used=28728Kb max_used=28728Kb free=91271Kb
 bounds [0x0000017504550000, 0x0000017506160000, 0x000001750ba80000]
CodeHeap 'non-nmethods': size=5760Kb used=1452Kb max_used=1535Kb free=4307Kb
 bounds [0x000001750ba80000, 0x000001750bcf0000, 0x000001750c020000]
CodeCache: size=245760Kb, used=37014Kb, max_used=37097Kb, free=208743Kb
 total_blobs=13628, nmethods=12856, adapters=675, full_count=0
Compilation: enabled, stopped_count=0, restarted_count=0

Compilation events (20 events):
Event: 68.796 Thread 0x000001751768b800 nmethod 13308 0x000001750c6c6a10 code [0x000001750c6c6ba0, 0x000001750c6c6c28]
Event: 68.796 Thread 0x000001751768b800 13271       4       org.eclipse.jdt.internal.compiler.classfmt.ClassFileReader::getExternalAnnotationStatus (4 bytes)
Event: 68.796 Thread 0x000001751768b800 nmethod 13271 0x000001750c6c6d10 code [0x000001750c6c6ea0, 0x000001750c6c6f30]
Event: 68.796 Thread 0x000001751768b800 13234       4       lombok.eclipse.EclipseASTAdapter::visitLocal (1 bytes)
Event: 68.797 Thread 0x000001751768b800 nmethod 13234 0x000001750c6c7010 code [0x000001750c6c71a0, 0x000001750c6c7228]
Event: 68.797 Thread 0x000001751768b800 13388       4       org.eclipse.jdt.internal.compiler.env.ITypeAnnotationWalker$1::toSupertype (2 bytes)
Event: 68.797 Thread 0x000001751768b800 nmethod 13388 0x000001750c6c7310 code [0x000001750c6c74a0, 0x000001750c6c7528]
Event: 68.797 Thread 0x000001751768b800 13438       4       org.eclipse.jdt.internal.compiler.lookup.ReferenceBinding$2::compare (23 bytes)
Event: 68.798 Thread 0x000001751768b800 nmethod 13438 0x000001750c6c7610 code [0x000001750c6c77c0, 0x000001750c6c78d8]
Event: 68.798 Thread 0x000001751768b800 13332       4       org.eclipse.jdt.internal.core.JavaProject$ModuleLookup::recordRoot (16 bytes)
Event: 68.799 Thread 0x000001751768b800 nmethod 13332 0x000001750c6c7a10 code [0x000001750c6c7ba0, 0x000001750c6c7c70]
Event: 68.799 Thread 0x000001751768b800 13358       4       org.eclipse.jdt.internal.compiler.env.ITypeAnnotationWalker$1::toThrows (2 bytes)
Event: 68.799 Thread 0x000001751768b800 nmethod 13358 0x000001750c6c7d90 code [0x000001750c6c7f20, 0x000001750c6c7fa8]
Event: 68.799 Thread 0x000001751768b800 13212       4       java.lang.reflect.Field::getOverrideFieldAccessor (18 bytes)
Event: 68.800 Thread 0x000001751768b800 nmethod 13212 0x000001750c6c8090 code [0x000001750c6c8220, 0x000001750c6c82e0]
Event: 69.120 Thread 0x000001751768b800 13591   !   4       org.eclipse.jdt.internal.compiler.parser.Parser::$SWITCH_TABLE$org$eclipse$jdt$internal$compiler$parser$TerminalToken (2065 bytes)
Event: 69.123 Thread 0x000001751768b800 nmethod 13591 0x000001750c6c8390 code [0x000001750c6c8520, 0x000001750c6c85b8]
Event: 69.123 Thread 0x000001751768b800 13593   !   4       org.eclipse.jdt.internal.compiler.parser.Scanner::getNextToken0 (3068 bytes)
Event: 69.163 Thread 0x000001751768b800 nmethod 13593 0x000001750c6c8690 code [0x000001750c6c8f80, 0x000001750c6caf28]
Event: 69.164 Thread 0x000001751768b800 13592       4       org.eclipse.jdt.internal.compiler.parser.Parser::consumeRule (7843 bytes)

GC Heap History (20 events):
Event: 65.192 GC heap before
{Heap before GC invocations=294 (full 3):
 PSYoungGen      total 7168K, used 7040K [0x00000000d5580000, 0x00000000d5e00000, 0x0000000100000000)
  eden space 6656K, 100% used [0x00000000d5580000,0x00000000d5c00000,0x00000000d5c00000)
  from space 512K, 75% used [0x00000000d5d80000,0x00000000d5de0000,0x00000000d5e00000)
  to   space 512K, 0% used [0x00000000d5c00000,0x00000000d5c00000,0x00000000d5c80000)
 ParOldGen       total 150528K, used 150313K [0x0000000080000000, 0x0000000089300000, 0x00000000d5580000)
  object space 150528K, 99% used [0x0000000080000000,0x00000000892ca698,0x0000000089300000)
 Metaspace       used 68941K, committed 70400K, reserved 1114112K
  class space    used 7074K, committed 7680K, reserved 1048576K
}
Event: 65.202 GC heap after
{Heap after GC invocations=294 (full 3):
 PSYoungGen      total 7168K, used 480K [0x00000000d5580000, 0x00000000d5e00000, 0x0000000100000000)
  eden space 6656K, 0% used [0x00000000d5580000,0x00000000d5580000,0x00000000d5c00000)
  from space 512K, 93% used [0x00000000d5c00000,0x00000000d5c78020,0x00000000d5c80000)
  to   space 1024K, 0% used [0x00000000d5d00000,0x00000000d5d00000,0x00000000d5e00000)
 ParOldGen       total 151040K, used 150758K [0x0000000080000000, 0x0000000089380000, 0x00000000d5580000)
  object space 151040K, 99% used [0x0000000080000000,0x00000000893399a0,0x0000000089380000)
 Metaspace       used 68941K, committed 70400K, reserved 1114112K
  class space    used 7074K, committed 7680K, reserved 1048576K
}
Event: 65.703 GC heap before
{Heap before GC invocations=295 (full 3):
 PSYoungGen      total 7168K, used 7136K [0x00000000d5580000, 0x00000000d5e00000, 0x0000000100000000)
  eden space 6656K, 100% used [0x00000000d5580000,0x00000000d5c00000,0x00000000d5c00000)
  from space 512K, 93% used [0x00000000d5c00000,0x00000000d5c78020,0x00000000d5c80000)
  to   space 1024K, 0% used [0x00000000d5d00000,0x00000000d5d00000,0x00000000d5e00000)
 ParOldGen       total 151040K, used 150758K [0x0000000080000000, 0x0000000089380000, 0x00000000d5580000)
  object space 151040K, 99% used [0x0000000080000000,0x00000000893399a0,0x0000000089380000)
 Metaspace       used 68987K, committed 70528K, reserved 1114112K
  class space    used 7076K, committed 7744K, reserved 1048576K
}
Event: 65.718 GC heap after
{Heap after GC invocations=295 (full 3):
 PSYoungGen      total 7680K, used 608K [0x00000000d5580000, 0x00000000d5e00000, 0x0000000100000000)
  eden space 6656K, 0% used [0x00000000d5580000,0x00000000d5580000,0x00000000d5c00000)
  from space 1024K, 59% used [0x00000000d5d00000,0x00000000d5d98000,0x00000000d5e00000)
  to   space 1024K, 0% used [0x00000000d5c00000,0x00000000d5c00000,0x00000000d5d00000)
 ParOldGen       total 151552K, used 151262K [0x0000000080000000, 0x0000000089400000, 0x00000000d5580000)
  object space 151552K, 99% used [0x0000000080000000,0x00000000893b79c0,0x0000000089400000)
 Metaspace       used 68987K, committed 70528K, reserved 1114112K
  class space    used 7076K, committed 7744K, reserved 1048576K
}
Event: 65.981 GC heap before
{Heap before GC invocations=296 (full 3):
 PSYoungGen      total 7680K, used 7263K [0x00000000d5580000, 0x00000000d5e00000, 0x0000000100000000)
  eden space 6656K, 99% used [0x00000000d5580000,0x00000000d5bfffe8,0x00000000d5c00000)
  from space 1024K, 59% used [0x00000000d5d00000,0x00000000d5d98000,0x00000000d5e00000)
  to   space 1024K, 0% used [0x00000000d5c00000,0x00000000d5c00000,0x00000000d5d00000)
 ParOldGen       total 151552K, used 151262K [0x0000000080000000, 0x0000000089400000, 0x00000000d5580000)
  object space 151552K, 99% used [0x0000000080000000,0x00000000893b79c0,0x0000000089400000)
 Metaspace       used 68988K, committed 70528K, reserved 1114112K
  class space    used 7076K, committed 7744K, reserved 1048576K
}
Event: 65.987 GC heap after
{Heap after GC invocations=296 (full 3):
 PSYoungGen      total 7680K, used 1008K [0x00000000d5580000, 0x00000000d6100000, 0x0000000100000000)
  eden space 6656K, 0% used [0x00000000d5580000,0x00000000d5580000,0x00000000d5c00000)
  from space 1024K, 98% used [0x00000000d5c00000,0x00000000d5cfc010,0x00000000d5d00000)
  to   space 2560K, 0% used [0x00000000d5e80000,0x00000000d5e80000,0x00000000d6100000)
 ParOldGen       total 152576K, used 152097K [0x0000000080000000, 0x0000000089500000, 0x00000000d5580000)
  object space 152576K, 99% used [0x0000000080000000,0x0000000089488628,0x0000000089500000)
 Metaspace       used 68988K, committed 70528K, reserved 1114112K
  class space    used 7076K, committed 7744K, reserved 1048576K
}
Event: 66.348 GC heap before
{Heap before GC invocations=297 (full 3):
 PSYoungGen      total 7680K, used 7664K [0x00000000d5580000, 0x00000000d6100000, 0x0000000100000000)
  eden space 6656K, 100% used [0x00000000d5580000,0x00000000d5c00000,0x00000000d5c00000)
  from space 1024K, 98% used [0x00000000d5c00000,0x00000000d5cfc010,0x00000000d5d00000)
  to   space 2560K, 0% used [0x00000000d5e80000,0x00000000d5e80000,0x00000000d6100000)
 ParOldGen       total 152576K, used 152097K [0x0000000080000000, 0x0000000089500000, 0x00000000d5580000)
  object space 152576K, 99% used [0x0000000080000000,0x0000000089488628,0x0000000089500000)
 Metaspace       used 69032K, committed 70528K, reserved 1114112K
  class space    used 7076K, committed 7744K, reserved 1048576K
}
Event: 66.352 GC heap after
{Heap after GC invocations=297 (full 3):
 PSYoungGen      total 8192K, used 1248K [0x00000000d5580000, 0x00000000d6000000, 0x0000000100000000)
  eden space 6656K, 0% used [0x00000000d5580000,0x00000000d5580000,0x00000000d5c00000)
  from space 1536K, 81% used [0x00000000d5e80000,0x00000000d5fb8010,0x00000000d6000000)
  to   space 1536K, 0% used [0x00000000d5d00000,0x00000000d5d00000,0x00000000d5e80000)
 ParOldGen       total 153600K, used 153089K [0x0000000080000000, 0x0000000089600000, 0x00000000d5580000)
  object space 153600K, 99% used [0x0000000080000000,0x0000000089580628,0x0000000089600000)
 Metaspace       used 69032K, committed 70528K, reserved 1114112K
  class space    used 7076K, committed 7744K, reserved 1048576K
}
Event: 66.723 GC heap before
{Heap before GC invocations=298 (full 3):
 PSYoungGen      total 8192K, used 7903K [0x00000000d5580000, 0x00000000d6000000, 0x0000000100000000)
  eden space 6656K, 99% used [0x00000000d5580000,0x00000000d5bfffe8,0x00000000d5c00000)
  from space 1536K, 81% used [0x00000000d5e80000,0x00000000d5fb8010,0x00000000d6000000)
  to   space 1536K, 0% used [0x00000000d5d00000,0x00000000d5d00000,0x00000000d5e80000)
 ParOldGen       total 153600K, used 153089K [0x0000000080000000, 0x0000000089600000, 0x00000000d5580000)
  object space 153600K, 99% used [0x0000000080000000,0x0000000089580628,0x0000000089600000)
 Metaspace       used 69215K, committed 70720K, reserved 1114112K
  class space    used 7092K, committed 7744K, reserved 1048576K
}
Event: 66.731 GC heap after
{Heap after GC invocations=298 (full 3):
 PSYoungGen      total 8192K, used 1511K [0x00000000d5580000, 0x00000000d6200000, 0x0000000100000000)
  eden space 6656K, 0% used [0x00000000d5580000,0x00000000d5580000,0x00000000d5c00000)
  from space 1536K, 98% used [0x00000000d5d00000,0x00000000d5e79c58,0x00000000d5e80000)
  to   space 3072K, 0% used [0x00000000d5f00000,0x00000000d5f00000,0x00000000d6200000)
 ParOldGen       total 154624K, used 154223K [0x0000000080000000, 0x0000000089700000, 0x00000000d5580000)
  object space 154624K, 99% used [0x0000000080000000,0x000000008969bc08,0x0000000089700000)
 Metaspace       used 69215K, committed 70720K, reserved 1114112K
  class space    used 7092K, committed 7744K, reserved 1048576K
}
Event: 66.801 GC heap before
{Heap before GC invocations=299 (full 3):
 PSYoungGen      total 8192K, used 8167K [0x00000000d5580000, 0x00000000d6200000, 0x0000000100000000)
  eden space 6656K, 100% used [0x00000000d5580000,0x00000000d5c00000,0x00000000d5c00000)
  from space 1536K, 98% used [0x00000000d5d00000,0x00000000d5e79c58,0x00000000d5e80000)
  to   space 3072K, 0% used [0x00000000d5f00000,0x00000000d5f00000,0x00000000d6200000)
 ParOldGen       total 154624K, used 154223K [0x0000000080000000, 0x0000000089700000, 0x00000000d5580000)
  object space 154624K, 99% used [0x0000000080000000,0x000000008969bc08,0x0000000089700000)
 Metaspace       used 69215K, committed 70720K, reserved 1114112K
  class space    used 7092K, committed 7744K, reserved 1048576K
}
Event: 66.805 GC heap after
{Heap after GC invocations=299 (full 3):
 PSYoungGen      total 9216K, used 2110K [0x00000000d5580000, 0x00000000d6180000, 0x0000000100000000)
  eden space 6656K, 0% used [0x00000000d5580000,0x00000000d5580000,0x00000000d5c00000)
  from space 2560K, 82% used [0x00000000d5f00000,0x00000000d610fb58,0x00000000d6180000)
  to   space 2560K, 0% used [0x00000000d5c80000,0x00000000d5c80000,0x00000000d5f00000)
 ParOldGen       total 156160K, used 155741K [0x0000000080000000, 0x0000000089880000, 0x00000000d5580000)
  object space 156160K, 99% used [0x0000000080000000,0x00000000898174f8,0x0000000089880000)
 Metaspace       used 69215K, committed 70720K, reserved 1114112K
  class space    used 7092K, committed 7744K, reserved 1048576K
}
Event: 67.008 GC heap before
{Heap before GC invocations=300 (full 3):
 PSYoungGen      total 9216K, used 8766K [0x00000000d5580000, 0x00000000d6180000, 0x0000000100000000)
  eden space 6656K, 100% used [0x00000000d5580000,0x00000000d5c00000,0x00000000d5c00000)
  from space 2560K, 82% used [0x00000000d5f00000,0x00000000d610fb58,0x00000000d6180000)
  to   space 2560K, 0% used [0x00000000d5c80000,0x00000000d5c80000,0x00000000d5f00000)
 ParOldGen       total 156160K, used 155741K [0x0000000080000000, 0x0000000089880000, 0x00000000d5580000)
  object space 156160K, 99% used [0x0000000080000000,0x00000000898174f8,0x0000000089880000)
 Metaspace       used 69216K, committed 70720K, reserved 1114112K
  class space    used 7092K, committed 7744K, reserved 1048576K
}
Event: 67.449 GC heap after
{Heap after GC invocations=300 (full 3):
 PSYoungGen      total 9216K, used 2243K [0x00000000d5580000, 0x00000000d6100000, 0x0000000100000000)
  eden space 6656K, 0% used [0x00000000d5580000,0x00000000d5580000,0x00000000d5c00000)
  from space 2560K, 87% used [0x00000000d5c80000,0x00000000d5eb0f18,0x00000000d5f00000)
  to   space 2048K, 0% used [0x00000000d5f00000,0x00000000d5f00000,0x00000000d6100000)
 ParOldGen       total 158208K, used 157807K [0x0000000080000000, 0x0000000089a80000, 0x00000000d5580000)
  object space 158208K, 99% used [0x0000000080000000,0x0000000089a1bed0,0x0000000089a80000)
 Metaspace       used 69216K, committed 70720K, reserved 1114112K
  class space    used 7092K, committed 7744K, reserved 1048576K
}
Event: 68.630 GC heap before
{Heap before GC invocations=301 (full 3):
 PSYoungGen      total 9216K, used 8899K [0x00000000d5580000, 0x00000000d6100000, 0x0000000100000000)
  eden space 6656K, 100% used [0x00000000d5580000,0x00000000d5c00000,0x00000000d5c00000)
  from space 2560K, 87% used [0x00000000d5c80000,0x00000000d5eb0f18,0x00000000d5f00000)
  to   space 2048K, 0% used [0x00000000d5f00000,0x00000000d5f00000,0x00000000d6100000)
 ParOldGen       total 158208K, used 157807K [0x0000000080000000, 0x0000000089a80000, 0x00000000d5580000)
  object space 158208K, 99% used [0x0000000080000000,0x0000000089a1bed0,0x0000000089a80000)
 Metaspace       used 69218K, committed 70720K, reserved 1114112K
  class space    used 7092K, committed 7744K, reserved 1048576K
}
Event: 68.635 GC heap after
{Heap after GC invocations=301 (full 3):
 PSYoungGen      total 6656K, used 2037K [0x00000000d5580000, 0x00000000d6600000, 0x0000000100000000)
  eden space 4608K, 0% used [0x00000000d5580000,0x00000000d5580000,0x00000000d5a00000)
  from space 2048K, 99% used [0x00000000d5f00000,0x00000000d60fd400,0x00000000d6100000)
  to   space 5120K, 0% used [0x00000000d5a00000,0x00000000d5a00000,0x00000000d5f00000)
 ParOldGen       total 160256K, used 160153K [0x0000000080000000, 0x0000000089c80000, 0x00000000d5580000)
  object space 160256K, 99% used [0x0000000080000000,0x0000000089c665d0,0x0000000089c80000)
 Metaspace       used 69218K, committed 70720K, reserved 1114112K
  class space    used 7092K, committed 7744K, reserved 1048576K
}
Event: 68.654 GC heap before
{Heap before GC invocations=302 (full 3):
 PSYoungGen      total 6656K, used 6645K [0x00000000d5580000, 0x00000000d6600000, 0x0000000100000000)
  eden space 4608K, 100% used [0x00000000d5580000,0x00000000d5a00000,0x00000000d5a00000)
  from space 2048K, 99% used [0x00000000d5f00000,0x00000000d60fd400,0x00000000d6100000)
  to   space 5120K, 0% used [0x00000000d5a00000,0x00000000d5a00000,0x00000000d5f00000)
 ParOldGen       total 160256K, used 160153K [0x0000000080000000, 0x0000000089c80000, 0x00000000d5580000)
  object space 160256K, 99% used [0x0000000080000000,0x0000000089c665d0,0x0000000089c80000)
 Metaspace       used 69218K, committed 70720K, reserved 1114112K
  class space    used 7092K, committed 7744K, reserved 1048576K
}
Event: 68.658 GC heap after
{Heap after GC invocations=302 (full 3):
 PSYoungGen      total 7168K, used 2327K [0x00000000d5580000, 0x00000000d6000000, 0x0000000100000000)
  eden space 4608K, 0% used [0x00000000d5580000,0x00000000d5580000,0x00000000d5a00000)
  from space 2560K, 90% used [0x00000000d5a00000,0x00000000d5c45f88,0x00000000d5c80000)
  to   space 3072K, 0% used [0x00000000d5d00000,0x00000000d5d00000,0x00000000d6000000)
 ParOldGen       total 162304K, used 162167K [0x0000000080000000, 0x0000000089e80000, 0x00000000d5580000)
  object space 162304K, 99% used [0x0000000080000000,0x0000000089e5de38,0x0000000089e80000)
 Metaspace       used 69218K, committed 70720K, reserved 1114112K
  class space    used 7092K, committed 7744K, reserved 1048576K
}
Event: 68.686 GC heap before
{Heap before GC invocations=303 (full 3):
 PSYoungGen      total 7168K, used 6935K [0x00000000d5580000, 0x00000000d6000000, 0x0000000100000000)
  eden space 4608K, 99% used [0x00000000d5580000,0x00000000d59ffff8,0x00000000d5a00000)
  from space 2560K, 90% used [0x00000000d5a00000,0x00000000d5c45f88,0x00000000d5c80000)
  to   space 3072K, 0% used [0x00000000d5d00000,0x00000000d5d00000,0x00000000d6000000)
 ParOldGen       total 162304K, used 162167K [0x0000000080000000, 0x0000000089e80000, 0x00000000d5580000)
  object space 162304K, 99% used [0x0000000080000000,0x0000000089e5de38,0x0000000089e80000)
 Metaspace       used 69220K, committed 70720K, reserved 1114112K
  class space    used 7092K, committed 7744K, reserved 1048576K
}
Event: 68.690 GC heap after
{Heap after GC invocations=303 (full 3):
 PSYoungGen      total 5632K, used 651K [0x00000000d5580000, 0x00000000d5e00000, 0x0000000100000000)
  eden space 4608K, 0% used [0x00000000d5580000,0x00000000d5580000,0x00000000d5a00000)
  from space 1024K, 63% used [0x00000000d5d00000,0x00000000d5da2c98,0x00000000d5e00000)
  to   space 1536K, 0% used [0x00000000d5b00000,0x00000000d5b00000,0x00000000d5c80000)
 ParOldGen       total 164864K, used 164452K [0x0000000080000000, 0x000000008a100000, 0x00000000d5580000)
  object space 164864K, 99% used [0x0000000080000000,0x000000008a0991a8,0x000000008a100000)
 Metaspace       used 69220K, committed 70720K, reserved 1114112K
  class space    used 7092K, committed 7744K, reserved 1048576K
}

Dll operation events (10 events):
Event: 0.093 Loaded shared library c:\Users\NAGARAJ\.vscode\extensions\redhat.java-1.54.0-win32-x64\jre\21.0.10-win32-x86_64\bin\java.dll
Event: 0.545 Loaded shared library c:\Users\NAGARAJ\.vscode\extensions\redhat.java-1.54.0-win32-x64\jre\21.0.10-win32-x86_64\bin\zip.dll
Event: 0.665 Loaded shared library C:\Users\NAGARAJ\.vscode\extensions\redhat.java-1.54.0-win32-x64\jre\21.0.10-win32-x86_64\bin\instrument.dll
Event: 0.693 Loaded shared library C:\Users\NAGARAJ\.vscode\extensions\redhat.java-1.54.0-win32-x64\jre\21.0.10-win32-x86_64\bin\net.dll
Event: 0.712 Loaded shared library C:\Users\NAGARAJ\.vscode\extensions\redhat.java-1.54.0-win32-x64\jre\21.0.10-win32-x86_64\bin\nio.dll
Event: 0.722 Loaded shared library C:\Users\NAGARAJ\.vscode\extensions\redhat.java-1.54.0-win32-x64\jre\21.0.10-win32-x86_64\bin\zip.dll
Event: 0.809 Loaded shared library C:\Users\NAGARAJ\.vscode\extensions\redhat.java-1.54.0-win32-x64\jre\21.0.10-win32-x86_64\bin\jimage.dll
Event: 1.470 Loaded shared library c:\Users\NAGARAJ\.vscode\extensions\redhat.java-1.54.0-win32-x64\jre\21.0.10-win32-x86_64\bin\verify.dll
Event: 7.576 Loaded shared library C:\Users\NAGARAJ\AppData\Roaming\Code\User\globalStorage\redhat.java\1.54.0\config_win\org.eclipse.equinox.launcher\org.eclipse.equinox.launcher.win32.win32.x86_64_1.3.0.v20260203-2149\eclipse_11919.dll
Event: 15.096 Loaded shared library C:\Temp\jna--1860674802\jna15958511632526814683.dll

Deoptimization events (20 events):
Event: 65.896 Thread 0x0000017560d6f5c0 Uncommon trap: trap_request=0xffffffd6 fr.pc=0x000001750c66a690 relative=0x0000000000009510
Event: 65.897 Thread 0x0000017560d6f5c0 Uncommon trap: reason=array_check action=maybe_recompile pc=0x000001750c66a690 method=org.eclipse.jdt.internal.compiler.lookup.UnresolvedReferenceBinding.addWrapper(Lorg/eclipse/jdt/internal/compiler/lookup/HotSwappable;Lorg/eclipse/jdt/internal/compiler/
Event: 65.898 Thread 0x0000017560d6f5c0 DEOPT PACKING pc=0x000001750c66a690 sp=0x00000011c36fd2e0
Event: 65.898 Thread 0x0000017560d6f5c0 DEOPT UNPACKING pc=0x000001750bad3aa2 sp=0x00000011c36fd008 mode 2
Event: 65.898 Thread 0x0000017560d6f5c0 Uncommon trap: trap_request=0xffffffd6 fr.pc=0x000001750c66a690 relative=0x0000000000009510
Event: 65.898 Thread 0x0000017560d6f5c0 Uncommon trap: reason=array_check action=maybe_recompile pc=0x000001750c66a690 method=org.eclipse.jdt.internal.compiler.lookup.UnresolvedReferenceBinding.addWrapper(Lorg/eclipse/jdt/internal/compiler/lookup/HotSwappable;Lorg/eclipse/jdt/internal/compiler/
Event: 65.898 Thread 0x0000017560d6f5c0 DEOPT PACKING pc=0x000001750c66a690 sp=0x00000011c36fd2e0
Event: 65.899 Thread 0x0000017560d6f5c0 DEOPT UNPACKING pc=0x000001750bad3aa2 sp=0x00000011c36fd008 mode 2
Event: 65.899 Thread 0x0000017560d6f5c0 Uncommon trap: trap_request=0xffffffd6 fr.pc=0x000001750c66a690 relative=0x0000000000009510
Event: 65.899 Thread 0x0000017560d6f5c0 Uncommon trap: reason=array_check action=maybe_recompile pc=0x000001750c66a690 method=org.eclipse.jdt.internal.compiler.lookup.UnresolvedReferenceBinding.addWrapper(Lorg/eclipse/jdt/internal/compiler/lookup/HotSwappable;Lorg/eclipse/jdt/internal/compiler/
Event: 65.899 Thread 0x0000017560d6f5c0 DEOPT PACKING pc=0x000001750c66a690 sp=0x00000011c36fd2e0
Event: 65.899 Thread 0x0000017560d6f5c0 DEOPT UNPACKING pc=0x000001750bad3aa2 sp=0x00000011c36fd008 mode 2
Event: 65.899 Thread 0x0000017560d6f5c0 Uncommon trap: trap_request=0xffffffd6 fr.pc=0x000001750c66a690 relative=0x0000000000009510
Event: 65.899 Thread 0x0000017560d6f5c0 Uncommon trap: reason=array_check action=maybe_recompile pc=0x000001750c66a690 method=org.eclipse.jdt.internal.compiler.lookup.UnresolvedReferenceBinding.addWrapper(Lorg/eclipse/jdt/internal/compiler/lookup/HotSwappable;Lorg/eclipse/jdt/internal/compiler/
Event: 65.899 Thread 0x0000017560d6f5c0 DEOPT PACKING pc=0x000001750c66a690 sp=0x00000011c36fd2e0
Event: 65.899 Thread 0x0000017560d6f5c0 DEOPT UNPACKING pc=0x000001750bad3aa2 sp=0x00000011c36fd008 mode 2
Event: 65.977 Thread 0x0000017560d6f5c0 DEOPT PACKING pc=0x0000017505bcf378 sp=0x00000011c36fcb90
Event: 65.977 Thread 0x0000017560d6f5c0 DEOPT UNPACKING pc=0x000001750bad4242 sp=0x00000011c36fc018 mode 0
Event: 68.700 Thread 0x0000017560d6f5c0 DEOPT PACKING pc=0x0000017506133868 sp=0x00000011c36fdc70
Event: 68.700 Thread 0x0000017560d6f5c0 DEOPT UNPACKING pc=0x000001750bad4242 sp=0x00000011c36fd160 mode 0

Classes loaded (20 events):
Event: 52.605 Loading class sun/nio/cs/ISO_8859_1$Decoder
Event: 52.629 Loading class sun/nio/cs/ISO_8859_1$Decoder done
Event: 53.797 Loading class java/util/stream/ReduceOps$4
Event: 53.800 Loading class java/util/stream/ReduceOps$4 done
Event: 53.801 Loading class java/util/stream/ReduceOps$4ReducingSink
Event: 53.802 Loading class java/util/stream/ReduceOps$4ReducingSink done
Event: 55.286 Loading class java/lang/invoke/MethodHandleImpl$CountingWrapper$1
Event: 55.288 Loading class java/lang/invoke/MethodHandleImpl$CountingWrapper$1 done
Event: 56.768 Loading class java/util/stream/ReferencePipeline$4
Event: 56.770 Loading class java/util/stream/ReferencePipeline$4 done
Event: 56.772 Loading class java/util/stream/Nodes$IntFixedNodeBuilder
Event: 56.775 Loading class java/util/stream/Node$Builder$OfInt
Event: 56.789 Loading class java/util/stream/Node$Builder$OfInt done
Event: 56.789 Loading class java/util/stream/Nodes$IntArrayNode
Event: 56.790 Loading class java/util/stream/Nodes$IntArrayNode done
Event: 56.790 Loading class java/util/stream/Nodes$IntFixedNodeBuilder done
Event: 56.790 Loading class java/util/stream/ReferencePipeline$4$1
Event: 56.791 Loading class java/util/stream/ReferencePipeline$4$1 done
Event: 57.079 Loading class jdk/internal/ref/CleanerImpl$InnocuousThreadFactory
Event: 57.083 Loading class jdk/internal/ref/CleanerImpl$InnocuousThreadFactory done

Classes unloaded (7 events):
Event: 17.617 Thread 0x000001751765ebe0 Unloading class 0x00000175191a5400 'java/lang/invoke/LambdaForm$MH+0x00000175191a5400'
Event: 17.617 Thread 0x000001751765ebe0 Unloading class 0x00000175191a5000 'java/lang/invoke/LambdaForm$MH+0x00000175191a5000'
Event: 17.617 Thread 0x000001751765ebe0 Unloading class 0x00000175191a4c00 'java/lang/invoke/LambdaForm$MH+0x00000175191a4c00'
Event: 17.617 Thread 0x000001751765ebe0 Unloading class 0x00000175191a4800 'java/lang/invoke/LambdaForm$MH+0x00000175191a4800'
Event: 17.617 Thread 0x000001751765ebe0 Unloading class 0x00000175191a4400 'java/lang/invoke/LambdaForm$BMH+0x00000175191a4400'
Event: 17.617 Thread 0x000001751765ebe0 Unloading class 0x00000175191a4000 'java/lang/invoke/LambdaForm$DMH+0x00000175191a4000'
Event: 17.617 Thread 0x000001751765ebe0 Unloading class 0x00000175191a2c00 'java/lang/invoke/LambdaForm$DMH+0x00000175191a2c00'

Classes redefined (0 events):
No events

Internal exceptions (20 events):
Event: 54.699 Thread 0x00000175176df100 Exception <a 'sun/nio/fs/WindowsException'{0x00000000d58aa210}> (0x00000000d58aa210) 
thrown [s\src\hotspot\share\prims\jni.cpp, line 520]
Event: 54.718 Thread 0x0000017560d6f5c0 Exception <a 'java/lang/NoSuchMethodError'{0x00000000d59a58c0}: 'java.lang.Object java.lang.invoke.DirectMethodHandle$Holder.invokeStatic(java.lang.Object, java.lang.Object, int, int)'> (0x00000000d59a58c0) 
thrown [s\src\hotspot\share\interpreter\linkResolver.cpp, line 773]
Event: 54.719 Thread 0x0000017560d6f5c0 Exception <a 'java/lang/NoSuchMethodError'{0x00000000d59a9cc0}: 'java.lang.Object java.lang.invoke.DirectMethodHandle$Holder.invokeSpecial(java.lang.Object, java.lang.Object, java.lang.Object, int, int)'> (0x00000000d59a9cc0) 
thrown [s\src\hotspot\share\interpreter\linkResolver.cpp, line 773]
Event: 54.972 Thread 0x0000017560d6f5c0 Implicit null exception at 0x000001750c12afe2 to 0x000001750c12bd20
Event: 55.432 Thread 0x0000017560d6f5c0 Exception <a 'java/lang/NoSuchMethodError'{0x00000000d5656628}: 'java.lang.Object java.lang.invoke.DirectMethodHandle$Holder.invokeStatic(java.lang.Object, java.lang.Object, int, java.lang.Object, java.lang.Object)'> (0x00000000d5656628) 
thrown [s\src\hotspot\share\interpreter\linkResolver.cpp, line 773]
Event: 57.382 Thread 0x00000175176df100 Exception <a 'java/lang/NoSuchMethodError'{0x00000000d5582a40}: 'java.lang.Object java.lang.invoke.DirectMethodHandle$Holder.invokeStatic(java.lang.Object, java.lang.Object, int, java.lang.Object)'> (0x00000000d5582a40) 
thrown [s\src\hotspot\share\interpreter\linkResolver.cpp, line 773]
Event: 57.387 Thread 0x00000175176df100 Exception <a 'java/lang/NoSuchMethodError'{0x00000000d55acdc8}: 'java.lang.Object java.lang.invoke.DirectMethodHandle$Holder.newInvokeSpecial(java.lang.Object, java.lang.Object, int)'> (0x00000000d55acdc8) 
thrown [s\src\hotspot\share\interpreter\linkResolver.cpp, line 773]
Event: 57.513 Thread 0x0000017560d6f5c0 Implicit null exception at 0x000001750c50aa25 to 0x000001750c50ad98
Event: 57.725 Thread 0x00000175176e0b40 Exception <a 'java/io/FileNotFoundException'{0x00000000d5b4ffc8}> (0x00000000d5b4ffc8) 
thrown [s\src\hotspot\share\prims\jni.cpp, line 520]
Event: 57.726 Thread 0x00000175176e0b40 Exception <a 'java/io/FileNotFoundException'{0x00000000d5b53360}> (0x00000000d5b53360) 
thrown [s\src\hotspot\share\prims\jni.cpp, line 520]
Event: 57.728 Thread 0x00000175176e0b40 Exception <a 'java/io/FileNotFoundException'{0x00000000d5b540d8}> (0x00000000d5b540d8) 
thrown [s\src\hotspot\share\prims\jni.cpp, line 520]
Event: 58.134 Thread 0x0000017560d70970 Exception <a 'sun/nio/fs/WindowsException'{0x00000000d5c58408}> (0x00000000d5c58408) 
thrown [s\src\hotspot\share\prims\jni.cpp, line 520]
Event: 58.135 Thread 0x0000017560d70970 Exception <a 'sun/nio/fs/WindowsException'{0x00000000d5c58ce8}> (0x00000000d5c58ce8) 
thrown [s\src\hotspot\share\prims\jni.cpp, line 520]
Event: 58.136 Thread 0x0000017560d70970 Exception <a 'sun/nio/fs/WindowsException'{0x00000000d5c59a30}> (0x00000000d5c59a30) 
thrown [s\src\hotspot\share\prims\jni.cpp, line 520]
Event: 58.136 Thread 0x0000017560d70970 Exception <a 'sun/nio/fs/WindowsException'{0x00000000d5c5a310}> (0x00000000d5c5a310) 
thrown [s\src\hotspot\share\prims\jni.cpp, line 520]
Event: 58.138 Thread 0x0000017560d70970 Exception <a 'sun/nio/fs/WindowsException'{0x00000000d5c7d6a8}> (0x00000000d5c7d6a8) 
thrown [s\src\hotspot\share\prims\jni.cpp, line 520]
Event: 58.139 Thread 0x0000017560d70970 Exception <a 'sun/nio/fs/WindowsException'{0x00000000d5c7df88}> (0x00000000d5c7df88) 
thrown [s\src\hotspot\share\prims\jni.cpp, line 520]
Event: 58.209 Thread 0x0000017560d70970 Exception <a 'sun/nio/fs/WindowsException'{0x00000000d57b2398}> (0x00000000d57b2398) 
thrown [s\src\hotspot\share\prims\jni.cpp, line 520]
Event: 58.209 Thread 0x0000017560d70970 Exception <a 'sun/nio/fs/WindowsException'{0x00000000d57b2c78}> (0x00000000d57b2c78) 
thrown [s\src\hotspot\share\prims\jni.cpp, line 520]
Event: 62.993 Thread 0x0000017560d6f5c0 Exception <a 'java/lang/NoSuchMethodError'{0x00000000d58c3b40}: 'void java.lang.invoke.DirectMethodHandle$Holder.invokeStatic(java.lang.Object, int, java.lang.Object)'> (0x00000000d58c3b40) 
thrown [s\src\hotspot\share\interpreter\linkResolver.cpp, line 773]

ZGC Phase Switch (0 events):
No events

VM Operations (20 events):
Event: 66.348 Executing safepoint VM operation: ParallelGCFailedAllocation (Allocation Failure)
Event: 66.352 Executing safepoint VM operation: ParallelGCFailedAllocation (Allocation Failure) done
Event: 66.447 Executing non-safepoint VM operation: HandshakeAllThreads (Deoptimize)
Event: 66.447 Executing non-safepoint VM operation: HandshakeAllThreads (Deoptimize) done
Event: 66.546 Executing non-safepoint VM operation: HandshakeAllThreads (Deoptimize)
Event: 66.546 Executing non-safepoint VM operation: HandshakeAllThreads (Deoptimize) done
Event: 66.723 Executing safepoint VM operation: ParallelGCFailedAllocation (Allocation Failure)
Event: 66.731 Executing safepoint VM operation: ParallelGCFailedAllocation (Allocation Failure) done
Event: 66.801 Executing safepoint VM operation: ParallelGCFailedAllocation (Allocation Failure)
Event: 66.805 Executing safepoint VM operation: ParallelGCFailedAllocation (Allocation Failure) done
Event: 67.008 Executing safepoint VM operation: ParallelGCFailedAllocation (Allocation Failure)
Event: 67.449 Executing safepoint VM operation: ParallelGCFailedAllocation (Allocation Failure) done
Event: 68.630 Executing safepoint VM operation: ParallelGCFailedAllocation (Allocation Failure)
Event: 68.635 Executing safepoint VM operation: ParallelGCFailedAllocation (Allocation Failure) done
Event: 68.654 Executing safepoint VM operation: ParallelGCFailedAllocation (Allocation Failure)
Event: 68.658 Executing safepoint VM operation: ParallelGCFailedAllocation (Allocation Failure) done
Event: 68.686 Executing safepoint VM operation: ParallelGCFailedAllocation (Allocation Failure)
Event: 68.690 Executing safepoint VM operation: ParallelGCFailedAllocation (Allocation Failure) done
Event: 69.059 Executing non-safepoint VM operation: HandshakeAllThreads (Deoptimize)
Event: 69.059 Executing non-safepoint VM operation: HandshakeAllThreads (Deoptimize) done

Memory protections (0 events):
No events

Nmethod flushes (20 events):
Event: 46.183 Thread 0x000001751765ebe0 flushing  nmethod 0x0000017504ea1890
Event: 46.183 Thread 0x000001751765ebe0 flushing  nmethod 0x0000017504ecab10
Event: 46.183 Thread 0x000001751765ebe0 flushing  nmethod 0x0000017504ede790
Event: 46.183 Thread 0x000001751765ebe0 flushing  nmethod 0x0000017504ee1990
Event: 46.183 Thread 0x000001751765ebe0 flushing  nmethod 0x0000017504ee1e10
Event: 46.183 Thread 0x000001751765ebe0 flushing  nmethod 0x0000017504ee2390
Event: 46.183 Thread 0x000001751765ebe0 flushing  nmethod 0x0000017504ee2910
Event: 46.183 Thread 0x000001751765ebe0 flushing  nmethod 0x0000017504ee2e90
Event: 46.183 Thread 0x000001751765ebe0 flushing  nmethod 0x0000017504ee3d90
Event: 46.183 Thread 0x000001751765ebe0 flushing  nmethod 0x0000017504ee4290
Event: 46.183 Thread 0x000001751765ebe0 flushing  nmethod 0x0000017504ee4610
Event: 46.183 Thread 0x000001751765ebe0 flushing  nmethod 0x0000017504ee4c10
Event: 46.183 Thread 0x000001751765ebe0 flushing  nmethod 0x0000017504ee5490
Event: 46.183 Thread 0x000001751765ebe0 flushing  nmethod 0x0000017504ee5990
Event: 46.183 Thread 0x000001751765ebe0 flushing  nmethod 0x0000017504ee6190
Event: 46.183 Thread 0x000001751765ebe0 flushing  nmethod 0x0000017504ee7190
Event: 46.183 Thread 0x000001751765ebe0 flushing  nmethod 0x0000017504eeb290
Event: 46.183 Thread 0x000001751765ebe0 flushing  nmethod 0x0000017504eeb710
Event: 46.183 Thread 0x000001751765ebe0 flushing  nmethod 0x0000017504eebd10
Event: 46.183 Thread 0x000001751765ebe0 flushing  nmethod 0x0000017504ef6d10

Events (20 events):
Event: 22.079 Thread 0x000001757f7a09d0 Thread added: 0x0000017560d6db80
Event: 22.259 Thread 0x000001757f7a09d0 Thread added: 0x0000017560d6ef30
Event: 23.032 Thread 0x000001757f7a09d0 Thread added: 0x0000017560d6e8a0
Event: 23.038 Thread 0x000001757f7a09d0 Thread added: 0x0000017560d6fc50
Event: 25.604 Thread 0x00000175176e0b40 Thread added: 0x0000017560d6f5c0
Event: 25.606 Thread 0x00000175176e0b40 Thread added: 0x0000017560d702e0
Event: 25.615 Thread 0x0000017560d6f5c0 Thread added: 0x0000017560d70970
Event: 27.153 Thread 0x00000175176dfe20 Thread added: 0x0000017560d71690
Event: 33.701 Thread 0x0000017560d71690 Thread exited: 0x0000017560d71690
Event: 51.423 Thread 0x00000175176df100 Thread added: 0x0000017560d71d20
Event: 51.431 Thread 0x00000175176df100 Thread added: 0x0000017560d71000
Event: 51.475 Thread 0x00000175176df100 Thread added: 0x0000017560d72a40
Event: 51.503 Thread 0x00000175176df100 Thread added: 0x0000017560d6bab0
Event: 51.524 Thread 0x00000175176df100 Thread added: 0x0000017560d730d0
Event: 54.049 Thread 0x0000017560d6bab0 Thread exited: 0x0000017560d6bab0
Event: 54.049 Thread 0x0000017560d730d0 Thread exited: 0x0000017560d730d0
Event: 54.083 Thread 0x0000017560d71d20 Thread exited: 0x0000017560d71d20
Event: 54.085 Thread 0x0000017560d72a40 Thread exited: 0x0000017560d72a40
Event: 54.085 Thread 0x0000017560d71000 Thread exited: 0x0000017560d71000
Event: 57.119 Thread 0x0000017560d702e0 Thread added: 0x0000017560d71000


Dynamic libraries:
0x00007ff6c2030000 - 0x00007ff6c203e000 	c:\Users\NAGARAJ\.vscode\extensions\redhat.java-1.54.0-win32-x64\jre\21.0.10-win32-x86_64\bin\java.exe
0x00007ff87c7b0000 - 0x00007ff87c9a8000 	C:\WINDOWS\SYSTEM32\ntdll.dll
0x00007ff87bc90000 - 0x00007ff87bd52000 	C:\WINDOWS\System32\KERNEL32.DLL
0x00007ff87a500000 - 0x00007ff87a7f6000 	C:\WINDOWS\System32\KERNELBASE.dll
0x00007ff87a240000 - 0x00007ff87a340000 	C:\WINDOWS\System32\ucrtbase.dll
0x00007ff865f30000 - 0x00007ff865f48000 	c:\Users\NAGARAJ\.vscode\extensions\redhat.java-1.54.0-win32-x64\jre\21.0.10-win32-x86_64\bin\jli.dll
0x00007ff85f1e0000 - 0x00007ff85f1fe000 	c:\Users\NAGARAJ\.vscode\extensions\redhat.java-1.54.0-win32-x64\jre\21.0.10-win32-x86_64\bin\VCRUNTIME140.dll
0x00007ff87c4d0000 - 0x00007ff87c671000 	C:\WINDOWS\System32\USER32.dll
0x00007ff87a800000 - 0x00007ff87a822000 	C:\WINDOWS\System32\win32u.dll
0x00007ff87aa40000 - 0x00007ff87aa6b000 	C:\WINDOWS\System32\GDI32.dll
0x00007ff87a3e0000 - 0x00007ff87a4f9000 	C:\WINDOWS\System32\gdi32full.dll
0x00007ff86a970000 - 0x00007ff86ac0b000 	C:\WINDOWS\WinSxS\amd64_microsoft.windows.common-controls_6595b64144ccf1df_6.0.19041.6456_none_60b8a6cb71f64256\COMCTL32.dll
0x00007ff87a340000 - 0x00007ff87a3dd000 	C:\WINDOWS\System32\msvcp_win.dll
0x00007ff87bbe0000 - 0x00007ff87bc7e000 	C:\WINDOWS\System32\msvcrt.dll
0x00007ff87ad90000 - 0x00007ff87adbf000 	C:\WINDOWS\System32\IMM32.DLL
0x00007ff86d120000 - 0x00007ff86d12c000 	c:\Users\NAGARAJ\.vscode\extensions\redhat.java-1.54.0-win32-x64\jre\21.0.10-win32-x86_64\bin\vcruntime140_1.dll
0x00007ff8474a0000 - 0x00007ff84752d000 	c:\Users\NAGARAJ\.vscode\extensions\redhat.java-1.54.0-win32-x64\jre\21.0.10-win32-x86_64\bin\msvcp140.dll
0x00007ffff84c0000 - 0x00007ffff9261000 	c:\Users\NAGARAJ\.vscode\extensions\redhat.java-1.54.0-win32-x64\jre\21.0.10-win32-x86_64\bin\server\jvm.dll
0x00007ff87ac20000 - 0x00007ff87acd1000 	C:\WINDOWS\System32\ADVAPI32.dll
0x00007ff87ba70000 - 0x00007ff87bb0f000 	C:\WINDOWS\System32\sechost.dll
0x00007ff87b820000 - 0x00007ff87b940000 	C:\WINDOWS\System32\RPCRT4.dll
0x00007ff87a190000 - 0x00007ff87a1b7000 	C:\WINDOWS\System32\bcrypt.dll
0x00007ff87adc0000 - 0x00007ff87ae2b000 	C:\WINDOWS\System32\WS2_32.dll
0x00007ff879480000 - 0x00007ff8794cb000 	C:\WINDOWS\SYSTEM32\POWRPROF.dll
0x00007ff874ac0000 - 0x00007ff874aca000 	C:\WINDOWS\SYSTEM32\VERSION.dll
0x00007ff873530000 - 0x00007ff873557000 	C:\WINDOWS\SYSTEM32\WINMM.dll
0x00007ff8792f0000 - 0x00007ff879302000 	C:\WINDOWS\SYSTEM32\UMPDC.dll
0x00007ff877c40000 - 0x00007ff877c52000 	C:\WINDOWS\SYSTEM32\kernel.appcore.dll
0x00007ff86cbd0000 - 0x00007ff86cbda000 	c:\Users\NAGARAJ\.vscode\extensions\redhat.java-1.54.0-win32-x64\jre\21.0.10-win32-x86_64\bin\jimage.dll
0x00007ff865a30000 - 0x00007ff865c31000 	C:\WINDOWS\SYSTEM32\DBGHELP.DLL
0x00007ff85a830000 - 0x00007ff85a864000 	C:\WINDOWS\SYSTEM32\dbgcore.DLL
0x00007ff87a830000 - 0x00007ff87a8b2000 	C:\WINDOWS\System32\bcryptPrimitives.dll
0x00007ff8690d0000 - 0x00007ff8690df000 	c:\Users\NAGARAJ\.vscode\extensions\redhat.java-1.54.0-win32-x64\jre\21.0.10-win32-x86_64\bin\instrument.dll
0x00007ff8545e0000 - 0x00007ff854600000 	c:\Users\NAGARAJ\.vscode\extensions\redhat.java-1.54.0-win32-x64\jre\21.0.10-win32-x86_64\bin\java.dll
0x00007ff87bd60000 - 0x00007ff87c4d0000 	C:\WINDOWS\System32\SHELL32.dll
0x00007ff877f20000 - 0x00007ff8786c5000 	C:\WINDOWS\SYSTEM32\windows.storage.dll
0x00007ff87b350000 - 0x00007ff87b6a4000 	C:\WINDOWS\System32\combase.dll
0x00007ff879880000 - 0x00007ff8798ab000 	C:\WINDOWS\SYSTEM32\Wldp.dll
0x00007ff87bb10000 - 0x00007ff87bbdd000 	C:\WINDOWS\System32\OLEAUT32.dll
0x00007ff87b2a0000 - 0x00007ff87b34d000 	C:\WINDOWS\System32\SHCORE.dll
0x00007ff87a8c0000 - 0x00007ff87a91b000 	C:\WINDOWS\System32\shlwapi.dll
0x00007ff879e60000 - 0x00007ff879e84000 	C:\WINDOWS\SYSTEM32\profapi.dll
0x00007ff854050000 - 0x00007ff854068000 	c:\Users\NAGARAJ\.vscode\extensions\redhat.java-1.54.0-win32-x64\jre\21.0.10-win32-x86_64\bin\zip.dll
0x00007ff868b50000 - 0x00007ff868b60000 	C:\Users\NAGARAJ\.vscode\extensions\redhat.java-1.54.0-win32-x64\jre\21.0.10-win32-x86_64\bin\net.dll
0x00007ff873080000 - 0x00007ff87318a000 	C:\WINDOWS\SYSTEM32\WINHTTP.dll
0x00007ff879660000 - 0x00007ff8796ca000 	C:\WINDOWS\system32\mswsock.dll
0x00007ff850fd0000 - 0x00007ff850fe6000 	C:\Users\NAGARAJ\.vscode\extensions\redhat.java-1.54.0-win32-x64\jre\21.0.10-win32-x86_64\bin\nio.dll
0x00007ff8687a0000 - 0x00007ff8687b0000 	c:\Users\NAGARAJ\.vscode\extensions\redhat.java-1.54.0-win32-x64\jre\21.0.10-win32-x86_64\bin\verify.dll
0x00007ff85e4f0000 - 0x00007ff85e535000 	C:\Users\NAGARAJ\AppData\Roaming\Code\User\globalStorage\redhat.java\1.54.0\config_win\org.eclipse.equinox.launcher\org.eclipse.equinox.launcher.win32.win32.x86_64_1.3.0.v20260203-2149\eclipse_11919.dll
0x00007ff87b940000 - 0x00007ff87ba6b000 	C:\WINDOWS\System32\ole32.dll
0x00007ff8798c0000 - 0x00007ff8798d8000 	C:\WINDOWS\SYSTEM32\CRYPTSP.dll
0x00007ff878f30000 - 0x00007ff878f68000 	C:\WINDOWS\system32\rsaenh.dll
0x00007ff879e20000 - 0x00007ff879e4e000 	C:\WINDOWS\SYSTEM32\USERENV.dll
0x00007ff8797f0000 - 0x00007ff8797fc000 	C:\WINDOWS\SYSTEM32\CRYPTBASE.dll
0x00007ff879310000 - 0x00007ff87934b000 	C:\WINDOWS\SYSTEM32\IPHLPAPI.DLL
0x00007ff87bc80000 - 0x00007ff87bc88000 	C:\WINDOWS\System32\NSI.dll
0x00007ff84f080000 - 0x00007ff84f0c9000 	C:\Temp\jna--1860674802\jna15958511632526814683.dll
0x00007ff87b7b0000 - 0x00007ff87b7b8000 	C:\WINDOWS\System32\PSAPI.DLL
0x00007ff873fc0000 - 0x00007ff873fd7000 	C:\WINDOWS\SYSTEM32\dhcpcsvc6.DLL
0x00007ff873f60000 - 0x00007ff873f7d000 	C:\WINDOWS\SYSTEM32\dhcpcsvc.DLL

JVMTI agents:
c:\Users\NAGARAJ\.vscode\extensions\redhat.java-1.54.0-win32-x64\lombok\lombok-1.18.39-4050.jar path:c:\Users\NAGARAJ\.vscode\extensions\redhat.java-1.54.0-win32-x64\jre\21.0.10-win32-x86_64\bin\instrument.dll, loaded, initialized, instrumentlib options:none

dbghelp: loaded successfully - version: 4.0.5 - missing functions: none
symbol engine: initialized successfully - sym options: 0x614 - pdb path: .;c:\Users\NAGARAJ\.vscode\extensions\redhat.java-1.54.0-win32-x64\jre\21.0.10-win32-x86_64\bin;C:\WINDOWS\SYSTEM32;C:\WINDOWS\WinSxS\amd64_microsoft.windows.common-controls_6595b64144ccf1df_6.0.19041.6456_none_60b8a6cb71f64256;c:\Users\NAGARAJ\.vscode\extensions\redhat.java-1.54.0-win32-x64\jre\21.0.10-win32-x86_64\bin\server;C:\Users\NAGARAJ\AppData\Roaming\Code\User\globalStorage\redhat.java\1.54.0\config_win\org.eclipse.equinox.launcher\org.eclipse.equinox.launcher.win32.win32.x86_64_1.3.0.v20260203-2149;C:\Temp\jna--1860674802

VM Arguments:
jvm_args: --add-modules=ALL-SYSTEM --add-opens=java.base/java.util=ALL-UNNAMED --add-opens=java.base/java.lang=ALL-UNNAMED --add-opens=java.base/sun.nio.fs=ALL-UNNAMED -Declipse.application=org.eclipse.jdt.ls.core.id1 -Dosgi.bundles.defaultStartLevel=4 -Declipse.product=org.eclipse.jdt.ls.core.product -Djava.import.generatesMetadataFilesAtProjectRoot=false -DDetectVMInstallationsJob.disabled=true -Dfile.encoding=utf8 -XX:+UseParallelGC -XX:GCTimeRatio=4 -XX:AdaptiveSizePolicyWeight=90 -Dsun.zip.disableMemoryMapping=true -Xmx2G -Xms100m -Xlog:disable -javaagent:c:\Users\NAGARAJ\.vscode\extensions\redhat.java-1.54.0-win32-x64\lombok\lombok-1.18.39-4050.jar -XX:+HeapDumpOnOutOfMemoryError -XX:HeapDumpPath=c:\Users\NAGARAJ\AppData\Roaming\Code\User\workspaceStorage\71ab786f3efb653311a4c375c0ec5e39\redhat.java -Daether.dependencyCollector.impl=bf 
java_command: c:\Users\NAGARAJ\.vscode\extensions\redhat.java-1.54.0-win32-x64\server\plugins\org.eclipse.equinox.launcher_1.7.100.v20251111-0406.jar -configuration c:\Users\NAGARAJ\AppData\Roaming\Code\User\globalStorage\redhat.java\1.54.0\config_win -data c:\Users\NAGARAJ\AppData\Roaming\Code\User\workspaceStorage\71ab786f3efb653311a4c375c0ec5e39\redhat.java\jdt_ws --pipe=\\.\pipe\lsp-3589ae90a953f0e53b796a4c6ff1d3cc-sock
java_class_path (initial): c:\Users\NAGARAJ\.vscode\extensions\redhat.java-1.54.0-win32-x64\server\plugins\org.eclipse.equinox.launcher_1.7.100.v20251111-0406.jar
Launcher Type: SUN_STANDARD

[Global flags]
    uintx AdaptiveSizePolicyWeight                 = 90                                        {product} {command line}
     intx CICompilerCount                          = 3                                         {product} {ergonomic}
    uintx GCTimeRatio                              = 4                                         {product} {command line}
     bool HeapDumpOnOutOfMemoryError               = true                                   {manageable} {command line}
    ccstr HeapDumpPath                             = c:\Users\NAGARAJ\AppData\Roaming\Code\User\workspaceStorage\71ab786f3efb653311a4c375c0ec5e39\redhat.java         {manageable} {command line}
   size_t InitialHeapSize                          = 104857600                                 {product} {command line}
   size_t MaxHeapSize                              = 2147483648                                {product} {command line}
   size_t MaxNewSize                               = 715653120                                 {product} {ergonomic}
   size_t MinHeapDeltaBytes                        = 524288                                    {product} {ergonomic}
   size_t MinHeapSize                              = 104857600                                 {product} {command line}
   size_t NewSize                                  = 34603008                                  {product} {ergonomic}
    uintx NonNMethodCodeHeapSize                   = 5832780                                {pd product} {ergonomic}
    uintx NonProfiledCodeHeapSize                  = 122912730                              {pd product} {ergonomic}
   size_t OldSize                                  = 70254592                                  {product} {ergonomic}
    uintx ProfiledCodeHeapSize                     = 122912730                              {pd product} {ergonomic}
    uintx ReservedCodeCacheSize                    = 251658240                              {pd product} {ergonomic}
     bool SegmentedCodeCache                       = true                                      {product} {ergonomic}
   size_t SoftMaxHeapSize                          = 2147483648                             {manageable} {ergonomic}
     bool UseCompressedOops                        = true                           {product lp64_product} {ergonomic}
     bool UseLargePagesIndividualAllocation        = false                                  {pd product} {ergonomic}
     bool UseParallelGC                            = true                                      {product} {command line}

Logging:
Log output configuration:
 #0: stdout all=off uptime,level,tags foldmultilines=false
 #1: stderr all=off uptime,level,tags foldmultilines=false

Release file:
JAVA_VERSION="21.0.10" 
MODULES="java.base java.compiler java.datatransfer java.xml java.prefs java.desktop java.instrument java.logging java.management java.security.sasl java.naming java.rmi java.management.rmi java.net.http java.scripting java.security.jgss java.transaction.xa java.sql java.sql.rowset java.xml.crypto java.se java.smartcardio jdk.accessibility jdk.internal.jvmstat jdk.attach jdk.charsets jdk.internal.opt jdk.zipfs jdk.compiler jdk.crypto.ec jdk.crypto.cryptoki jdk.crypto.mscapi jdk.dynalink jdk.internal.ed jdk.editpad jdk.hotspot.agent jdk.httpserver jdk.internal.le jdk.internal.vm.ci jdk.internal.vm.compiler jdk.internal.vm.compiler.management jdk.jartool jdk.javadoc jdk.jcmd jdk.management jdk.management.agent jdk.jconsole jdk.jdeps jdk.jdwp.agent jdk.jdi jdk.jfr jdk.jshell jdk.jsobject jdk.jstatd jdk.localedata jdk.management.jfr jdk.naming.dns jdk.naming.rmi jdk.net jdk.nio.mapmode jdk.random jdk.sctp jdk.security.auth jdk.security.jgss jdk.unsupported jdk.unsupported.desktop jdk.xml.dom" 

Environment Variables:
PATH=C:\Users\NAGARAJ\AppData\Local\Programs\Microsoft VS Code;C:\Program Files\Common Files\Oracle\Java\javapath;C:\WINDOWS\system32;C:\WINDOWS;C:\WINDOWS\System32\Wbem;C:\WINDOWS\System32\WindowsPowerShell\v1.0\;C:\Program Files\Git\cmd;C:\WINDOWS\System32\OpenSSH\;C:\Program Files (x86)\apache-maven-3.9.9-bin (2)\apache-maven-3.9.9\bin;C:\Program Files\gradle\gradle-8.14.1\bin;C:\Program Files\nodejs\;C:\Program Files\Docker\Docker\resources\bin;C:\Program Files\MySQL\MySQL Shell 8.0\bin\;C:\Users\NAGARAJ\AppData\Local\Microsoft\WindowsApps;C:\Program Files\JetBrains\IntelliJ IDEA Community Edition 2024.3.3\bin;;C:\Users\NAGARAJ\AppData\Local\Programs\Microsoft VS Code\bin;search-ms:displayname=Search%20Results%20in%20apache-maven-3.9.9&crumb=location:C%3A%5Cdevops%20lab%5Capache-maven-3.9.9;C:\Users\NAGARAJ\AppData\Local\Google\Cloud SDK\google-cloud-sdk\bin;C:\Users\NAGARAJ\AppData\Roaming\npm
USERNAME=NAGARAJ
OS=Windows_NT
PROCESSOR_IDENTIFIER=Intel64 Family 6 Model 58 Stepping 9, GenuineIntel
TMP=C:\Temp
TEMP=C:\Temp




Periodic native trim disabled

---------------  S Y S T E M  ---------------

OS:
 Windows 10 , 64 bit Build 19041 (10.0.19041.5915)
OS uptime: 3 days 1:55 hours
Hyper-V role detected

CPU: total 4 (initial active 4) (2 cores per cpu, 2 threads per core) family 6 model 58 stepping 9 microcode 0x21, cx8, cmov, fxsr, ht, mmx, sse, sse2, sse3, ssse3, sse4.1, sse4.2, popcnt, tsc, tscinvbit, avx, aes, erms, clmul, vzeroupper, clflush, hv, rdtscp, f16c
Processor Information for the first 4 processors :
  Max Mhz: 2601, Current Mhz: 2601, Mhz Limit: 2601

Memory: 4k page, system-wide physical 3915M (76M free)
TotalPageFile size 15691M (AvailPageFile size 166M)
current process WorkingSet (physical memory assigned to process): 182M, peak: 281M
current process commit charge ("private bytes"): 438M, peak: 1643M

vm_info: OpenJDK 64-Bit Server VM (21.0.10+7-LTS) for windows-amd64 JRE (21.0.10+7-LTS), built on 2026-01-20T00:00:00Z by "admin" with MS VC++ 17.12 (VS2022)

END.
