#
# There is insufficient memory for the Java Runtime Environment to continue.
# Native memory allocation (malloc) failed to allocate 263056 bytes. Error detail: Chunk::new
# Possible reasons:
#   The system is out of physical RAM or swap space
#   This process is running with CompressedOops enabled, and the Java Heap may be blocking the growth of the native heap
# Possible solutions:
#   Reduce memory load on the system
#   Increase physical memory or swap space
#   Check if swap backing store is full
#   Decrease Java heap size (-Xmx/-Xms)
#   Decrease number of Java threads
#   Decrease Java thread stack sizes (-Xss)
#   Set larger code cache with -XX:ReservedCodeCacheSize=
#   JVM is running with Unscaled Compressed Oops mode in which the Java heap is
#     placed in the first 4GB address space. The Java Heap base address is the
#     maximum limit for the native heap growth. Please use -XX:HeapBaseMinAddress
#     to set the Java Heap base and to place the Java Heap above 4GB virtual address.
# This output file may be truncated or incomplete.
#
#  Out of Memory Error (arena.cpp:168), pid=596, tid=4604
#
# JRE version: OpenJDK Runtime Environment Temurin-21.0.10+7 (21.0.10+7) (build 21.0.10+7-LTS)
# Java VM: OpenJDK 64-Bit Server VM Temurin-21.0.10+7 (21.0.10+7-LTS, mixed mode, sharing, tiered, compressed oops, compressed class ptrs, parallel gc, windows-amd64)
# No core dump will be written. Minidumps are not enabled by default on client versions of Windows
#

---------------  S U M M A R Y ------------

Command Line: --add-modules=ALL-SYSTEM --add-opens=java.base/java.util=ALL-UNNAMED --add-opens=java.base/java.lang=ALL-UNNAMED --add-opens=java.base/sun.nio.fs=ALL-UNNAMED -Declipse.application=org.eclipse.jdt.ls.core.id1 -Dosgi.bundles.defaultStartLevel=4 -Declipse.product=org.eclipse.jdt.ls.core.product -Djava.import.generatesMetadataFilesAtProjectRoot=false -DDetectVMInstallationsJob.disabled=true -Dfile.encoding=utf8 -XX:+UseParallelGC -XX:GCTimeRatio=4 -XX:AdaptiveSizePolicyWeight=90 -Dsun.zip.disableMemoryMapping=true -Xmx2G -Xms100m -Xlog:disable -javaagent:c:\Users\NAGARAJ\.vscode\extensions\redhat.java-1.54.0-win32-x64\lombok\lombok-1.18.39-4050.jar -XX:+HeapDumpOnOutOfMemoryError -XX:HeapDumpPath=c:\Users\NAGARAJ\AppData\Roaming\Code\User\workspaceStorage\71ab786f3efb653311a4c375c0ec5e39\redhat.java -Daether.dependencyCollector.impl=bf c:\Users\NAGARAJ\.vscode\extensions\redhat.java-1.54.0-win32-x64\server\plugins\org.eclipse.equinox.launcher_1.7.100.v20251111-0406.jar -configuration c:\Users\NAGARAJ\AppData\Roaming\Code\User\globalStorage\redhat.java\1.54.0\config_win -data c:\Users\NAGARAJ\AppData\Roaming\Code\User\workspaceStorage\71ab786f3efb653311a4c375c0ec5e39\redhat.java\jdt_ws --pipe=\\.\pipe\lsp-8d32f40faa7b99f9feeb4b4c51c40b81-sock

Host: Intel(R) Core(TM) i5-3320M CPU @ 2.60GHz, 4 cores, 3G,  Windows 10 , 64 bit Build 19041 (10.0.19041.5915)
Time: Thu May  7 21:59:21 2026 India Standard Time elapsed time: 13.573391 seconds (0d 0h 0m 13s)

---------------  T H R E A D  ---------------

Current thread (0x0000023f9b43a650):  JavaThread "C2 CompilerThread0" daemon [_thread_in_native, id=4604, stack(0x000000d501100000,0x000000d501200000) (1024K)]


Current CompileTask:
C2:13573 2610       4       java.io.DataInputStream::readUTF (501 bytes)

Stack: [0x000000d501100000,0x000000d501200000]
Native frames: (J=compiled Java code, j=interpreted, Vv=VM code, C=native code)
V  [jvm.dll+0x6d7a39]
V  [jvm.dll+0x8b4b26]
V  [jvm.dll+0x8b70de]
V  [jvm.dll+0x8b77c3]
V  [jvm.dll+0x284346]
V  [jvm.dll+0xc66ed]
V  [jvm.dll+0xc6c31]
V  [jvm.dll+0x2fb29e]
V  [jvm.dll+0x5fe884]
V  [jvm.dll+0x255b17]
V  [jvm.dll+0x255edd]
V  [jvm.dll+0x24e500]
V  [jvm.dll+0x24ba42]
V  [jvm.dll+0x1cb34e]
V  [jvm.dll+0x25b85d]
V  [jvm.dll+0x259dea]
V  [jvm.dll+0x3f857e]
V  [jvm.dll+0x85f59d]
V  [jvm.dll+0x6d626d]
C  [ucrtbase.dll+0x21bb2]
C  [KERNEL32.DLL+0x17374]
C  [ntdll.dll+0x4cc91]


---------------  P R O C E S S  ---------------

Threads class SMR info:
_java_thread_list=0x0000023ff8cf6f60, length=17, elements={
0x0000023f9b540b00, 0x0000023f9b42aa50, 0x0000023f9b42c360, 0x0000023f9b42ee60,
0x0000023f9b42fd80, 0x0000023f9b4315f0, 0x0000023f9b438ec0, 0x0000023f9b43a650,
0x0000023f9b45ebf0, 0x0000023ff3d1b9d0, 0x0000023ff3e01230, 0x0000023ff8499b60,
0x0000023ff829f430, 0x0000023ff8096010, 0x0000023ff3f23630, 0x0000023ff84673d0,
0x0000023ff8aaa330
}

Java Threads: ( => current thread )
  0x0000023f9b540b00 JavaThread "main"                              [_thread_blocked, id=20984, stack(0x000000d500700000,0x000000d500800000) (1024K)]
  0x0000023f9b42aa50 JavaThread "Reference Handler"          daemon [_thread_blocked, id=3040, stack(0x000000d500b00000,0x000000d500c00000) (1024K)]
  0x0000023f9b42c360 JavaThread "Finalizer"                  daemon [_thread_blocked, id=18264, stack(0x000000d500c00000,0x000000d500d00000) (1024K)]
  0x0000023f9b42ee60 JavaThread "Signal Dispatcher"          daemon [_thread_blocked, id=2824, stack(0x000000d500d00000,0x000000d500e00000) (1024K)]
  0x0000023f9b42fd80 JavaThread "Attach Listener"            daemon [_thread_blocked, id=16204, stack(0x000000d500e00000,0x000000d500f00000) (1024K)]
  0x0000023f9b4315f0 JavaThread "Service Thread"             daemon [_thread_blocked, id=23488, stack(0x000000d500f00000,0x000000d501000000) (1024K)]
  0x0000023f9b438ec0 JavaThread "Monitor Deflation Thread"   daemon [_thread_blocked, id=19500, stack(0x000000d501000000,0x000000d501100000) (1024K)]
=>0x0000023f9b43a650 JavaThread "C2 CompilerThread0"         daemon [_thread_in_native, id=4604, stack(0x000000d501100000,0x000000d501200000) (1024K)]
  0x0000023f9b45ebf0 JavaThread "C1 CompilerThread0"         daemon [_thread_in_vm, id=16144, stack(0x000000d501200000,0x000000d501300000) (1024K)]
  0x0000023ff3d1b9d0 JavaThread "Common-Cleaner"             daemon [_thread_blocked, id=21328, stack(0x000000d501300000,0x000000d501400000) (1024K)]
  0x0000023ff3e01230 JavaThread "Notification Thread"        daemon [_thread_blocked, id=21916, stack(0x000000d501400000,0x000000d501500000) (1024K)]
  0x0000023ff8499b60 JavaThread "Active Thread: Equinox Container: f0f3f557-3316-4b1d-b222-550d8b42824a"        [_thread_blocked, id=3840, stack(0x000000d501800000,0x000000d501900000) (1024K)]
  0x0000023ff829f430 JavaThread "Refresh Thread: Equinox Container: f0f3f557-3316-4b1d-b222-550d8b42824a" daemon [_thread_blocked, id=18252, stack(0x000000d501900000,0x000000d501a00000) (1024K)]
  0x0000023ff8096010 JavaThread "Framework Event Dispatcher: Equinox Container: f0f3f557-3316-4b1d-b222-550d8b42824a" daemon [_thread_blocked, id=21672, stack(0x000000d501a00000,0x000000d501b00000) (1024K)]
  0x0000023ff3f23630 JavaThread "Start Level: Equinox Container: f0f3f557-3316-4b1d-b222-550d8b42824a" daemon [_thread_in_native, id=8932, stack(0x000000d501b00000,0x000000d501c00000) (1024K)]
  0x0000023ff84673d0 JavaThread "Bundle File Closer"         daemon [_thread_blocked, id=13188, stack(0x000000d501c00000,0x000000d501d00000) (1024K)]
  0x0000023ff8aaa330 JavaThread "SCR Component Actor"        daemon [_thread_blocked, id=10636, stack(0x000000d501d00000,0x000000d501e00000) (1024K)]
Total: 17

Other Threads:
  0x0000023f9b40fea0 VMThread "VM Thread"                           [id=22788, stack(0x000000d500a00000,0x000000d500b00000) (1024K)]
  0x0000023f9b606d70 WatcherThread "VM Periodic Task Thread"        [id=13224, stack(0x000000d500900000,0x000000d500a00000) (1024K)]
  0x0000023f9b55de10 WorkerThread "GC Thread#0"                     [id=2800, stack(0x000000d500800000,0x000000d500900000) (1024K)]
  0x0000023ff82836a0 WorkerThread "GC Thread#1"                     [id=11152, stack(0x000000d501500000,0x000000d501600000) (1024K)]
  0x0000023ff8019ab0 WorkerThread "GC Thread#2"                     [id=17512, stack(0x000000d501600000,0x000000d501700000) (1024K)]
  0x0000023ff8283a50 WorkerThread "GC Thread#3"                     [id=20196, stack(0x000000d501700000,0x000000d501800000) (1024K)]
Total: 6

Threads with active compile tasks:
C2 CompilerThread0  13644 2610       4       java.io.DataInputStream::readUTF (501 bytes)
C1 CompilerThread0  13644 2633   !   3       org.eclipse.osgi.internal.serviceregistry.ServiceRegistry::notifyHookPrivileged (160 bytes)
Total: 2

VM state: not at safepoint (normal execution)

VM Mutex/Monitor currently owned by a thread: None

Heap address: 0x0000000080000000, size: 2048 MB, Compressed Oops mode: 32-bit

CDS archive(s) mapped at: [0x0000023fb2000000-0x0000023fb2ba0000-0x0000023fb2ba0000), size 12189696, SharedBaseAddress: 0x0000023fb2000000, ArchiveRelocationMode: 1.
Compressed class space mapped at: 0x0000023fb3000000-0x0000023ff3000000, reserved size: 1073741824
Narrow klass base: 0x0000023fb2000000, Narrow klass shift: 0, Narrow klass range: 0x100000000

GC Precious Log:
 CardTable entry size: 512
 CPUs: 4 total, 4 available
 Memory: 3915M
 Large Page Support: Disabled
 NUMA Support: Disabled
 Compressed Oops: Enabled (32-bit)
 Alignments: Space 512K, Generation 512K, Heap 2M
 Heap Min Capacity: 100M
 Heap Initial Capacity: 100M
 Heap Max Capacity: 2G
 Pre-touch: Disabled
 Parallel Workers: 4

Heap:
 PSYoungGen      total 29696K, used 10867K [0x00000000d5580000, 0x00000000d7680000, 0x0000000100000000)
  eden space 25600K, 26% used [0x00000000d5580000,0x00000000d5c1f3f8,0x00000000d6e80000)
  from space 4096K, 99% used [0x00000000d7280000,0x00000000d767dab8,0x00000000d7680000)
  to   space 4096K, 0% used [0x00000000d6e80000,0x00000000d6e80000,0x00000000d7280000)
 ParOldGen       total 68608K, used 6500K [0x0000000080000000, 0x0000000084300000, 0x00000000d5580000)
  object space 68608K, 9% used [0x0000000080000000,0x00000000806590e0,0x0000000084300000)
 Metaspace       used 12616K, committed 13056K, reserved 1114112K
  class space    used 1345K, committed 1536K, reserved 1048576K

Card table byte_map: [0x0000023f9aef0000,0x0000023f9b300000] _byte_map_base: 0x0000023f9aaf0000

Marking Bits: (ParMarkBitMap*) 0x00007ffff9183450
 Begin Bits: [0x0000023fada00000, 0x0000023fafa00000)
 End Bits:   [0x0000023fafa00000, 0x0000023fb1a00000)

Polling page: 0x0000023f993a0000

Metaspace:

Usage:
  Non-class:     11.01 MB used.
      Class:      1.31 MB used.
       Both:     12.32 MB used.

Virtual space:
  Non-class space:       64.00 MB reserved,      11.25 MB ( 18%) committed,  1 nodes.
      Class space:        1.00 GB reserved,       1.50 MB ( <1%) committed,  1 nodes.
             Both:        1.06 GB reserved,      12.75 MB (  1%) committed. 

Chunk freelists:
   Non-Class:  4.78 MB
       Class:  14.51 MB
        Both:  19.29 MB

MaxMetaspaceSize: unlimited
CompressedClassSpaceSize: 1.00 GB
Initial GC threshold: 21.00 MB
Current GC threshold: 21.00 MB
CDS: on
 - commit_granule_bytes: 65536.
 - commit_granule_words: 8192.
 - virtual_space_node_default_size: 8388608.
 - enlarge_chunks_in_place: 1.
 - use_allocation_guard: 0.


Internal statistics:

num_allocs_failed_limit: 0.
num_arena_births: 308.
num_arena_deaths: 0.
num_vsnodes_births: 2.
num_vsnodes_deaths: 0.
num_space_committed: 204.
num_space_uncommitted: 0.
num_chunks_returned_to_freelist: 0.
num_chunks_taken_from_freelist: 681.
num_chunk_merges: 0.
num_chunk_splits: 433.
num_chunks_enlarged: 296.
num_inconsistent_stats: 0.

CodeHeap 'non-profiled nmethods': size=120000Kb used=1196Kb max_used=1196Kb free=118803Kb
 bounds [0x0000023fa6220000, 0x0000023fa6490000, 0x0000023fad750000]
CodeHeap 'profiled nmethods': size=120000Kb used=5170Kb max_used=5170Kb free=114829Kb
 bounds [0x0000023f9e750000, 0x0000023f9ec60000, 0x0000023fa5c80000]
CodeHeap 'non-nmethods': size=5760Kb used=1241Kb max_used=1254Kb free=4519Kb
 bounds [0x0000023fa5c80000, 0x0000023fa5ef0000, 0x0000023fa6220000]
CodeCache: size=245760Kb, used=7607Kb, max_used=7620Kb, free=238151Kb
 total_blobs=3131, nmethods=2623, adapters=414, full_count=0
Compilation: enabled, stopped_count=0, restarted_count=0

Compilation events (20 events):
Event: 13.499 Thread 0x0000023f9b45ebf0 2600       3       java.lang.invoke.LambdaForm::useCount (61 bytes)
Event: 13.500 Thread 0x0000023f9b45ebf0 nmethod 2600 0x0000023f9ec51710 code [0x0000023f9ec518e0, 0x0000023f9ec51c28]
Event: 13.500 Thread 0x0000023f9b45ebf0 2601       3       java.lang.invoke.InvokerBytecodeGenerator::emitStoreInsn (21 bytes)
Event: 13.501 Thread 0x0000023f9b45ebf0 nmethod 2601 0x0000023f9ec51e10 code [0x0000023f9ec51fe0, 0x0000023f9ec52238]
Event: 13.503 Thread 0x0000023f9b45ebf0 2604       3       java.util.TreeMap::setColor (10 bytes)
Event: 13.503 Thread 0x0000023f9b45ebf0 nmethod 2604 0x0000023f9ec52390 code [0x0000023f9ec52520, 0x0000023f9ec52648]
Event: 13.503 Thread 0x0000023f9b45ebf0 2605       3       java.util.TreeMap::leftOf (13 bytes)
Event: 13.504 Thread 0x0000023f9b45ebf0 nmethod 2605 0x0000023f9ec52710 code [0x0000023f9ec528c0, 0x0000023f9ec52a28]
Event: 13.504 Thread 0x0000023f9b43a650 nmethod 2595 0x0000023fa6349490 code [0x0000023fa63496a0, 0x0000023fa6349ab0]
Event: 13.504 Thread 0x0000023f9b45ebf0 2606       3       java.util.TreeMap::put (221 bytes)
Event: 13.506 Thread 0x0000023f9b45ebf0 nmethod 2606 0x0000023f9ec52b10 code [0x0000023f9ec52d80, 0x0000023f9ec53868]
Event: 13.506 Thread 0x0000023f9b45ebf0 2607       3       java.util.TreeMap::colorOf (13 bytes)
Event: 13.506 Thread 0x0000023f9b45ebf0 nmethod 2607 0x0000023f9ec53b90 code [0x0000023f9ec53d20, 0x0000023f9ec53e60]
Event: 13.506 Thread 0x0000023f9b45ebf0 2608       3       java.util.TreeMap::put (8 bytes)
Event: 13.506 Thread 0x0000023f9b45ebf0 nmethod 2608 0x0000023f9ec53f10 code [0x0000023f9ec540c0, 0x0000023f9ec54200]
Event: 13.510 Thread 0x0000023f9b43a650 2609       4       java.util.WeakHashMap::hash (28 bytes)
Event: 13.512 Thread 0x0000023f9b43a650 nmethod 2609 0x0000023fa6349e10 code [0x0000023fa6349fa0, 0x0000023fa634a0d8]
Event: 13.513 Thread 0x0000023f9b43a650 2610       4       java.io.DataInputStream::readUTF (501 bytes)
Event: 13.514 Thread 0x0000023f9b45ebf0 2612       3       org.eclipse.core.internal.registry.BufferedRandomInputStream::read (92 bytes)
Event: 13.515 Thread 0x0000023f9b45ebf0 nmethod 2612 0x0000023f9ec54290 code [0x0000023f9ec54480, 0x0000023f9ec54900]

GC Heap History (8 events):
Event: 3.512 GC heap before
{Heap before GC invocations=1 (full 0):
 PSYoungGen      total 29696K, used 25600K [0x00000000d5580000, 0x00000000d7680000, 0x0000000100000000)
  eden space 25600K, 100% used [0x00000000d5580000,0x00000000d6e80000,0x00000000d6e80000)
  from space 4096K, 0% used [0x00000000d7280000,0x00000000d7280000,0x00000000d7680000)
  to   space 4096K, 0% used [0x00000000d6e80000,0x00000000d6e80000,0x00000000d7280000)
 ParOldGen       total 68608K, used 0K [0x0000000080000000, 0x0000000084300000, 0x00000000d5580000)
  object space 68608K, 0% used [0x0000000080000000,0x0000000080000000,0x0000000084300000)
 Metaspace       used 4347K, committed 4608K, reserved 1114112K
  class space    used 473K, committed 576K, reserved 1048576K
}
Event: 3.548 GC heap after
{Heap after GC invocations=1 (full 0):
 PSYoungGen      total 29696K, used 3335K [0x00000000d5580000, 0x00000000d7680000, 0x0000000100000000)
  eden space 25600K, 0% used [0x00000000d5580000,0x00000000d5580000,0x00000000d6e80000)
  from space 4096K, 81% used [0x00000000d6e80000,0x00000000d71c1e98,0x00000000d7280000)
  to   space 4096K, 0% used [0x00000000d7280000,0x00000000d7280000,0x00000000d7680000)
 ParOldGen       total 68608K, used 0K [0x0000000080000000, 0x0000000084300000, 0x00000000d5580000)
  object space 68608K, 0% used [0x0000000080000000,0x0000000080000000,0x0000000084300000)
 Metaspace       used 4347K, committed 4608K, reserved 1114112K
  class space    used 473K, committed 576K, reserved 1048576K
}
Event: 6.595 GC heap before
{Heap before GC invocations=2 (full 0):
 PSYoungGen      total 29696K, used 28935K [0x00000000d5580000, 0x00000000d7680000, 0x0000000100000000)
  eden space 25600K, 100% used [0x00000000d5580000,0x00000000d6e80000,0x00000000d6e80000)
  from space 4096K, 81% used [0x00000000d6e80000,0x00000000d71c1e98,0x00000000d7280000)
  to   space 4096K, 0% used [0x00000000d7280000,0x00000000d7280000,0x00000000d7680000)
 ParOldGen       total 68608K, used 0K [0x0000000080000000, 0x0000000084300000, 0x00000000d5580000)
  object space 68608K, 0% used [0x0000000080000000,0x0000000080000000,0x0000000084300000)
 Metaspace       used 7987K, committed 8256K, reserved 1114112K
  class space    used 828K, committed 960K, reserved 1048576K
}
Event: 6.606 GC heap after
{Heap after GC invocations=2 (full 0):
 PSYoungGen      total 29696K, used 4070K [0x00000000d5580000, 0x00000000d7680000, 0x0000000100000000)
  eden space 25600K, 0% used [0x00000000d5580000,0x00000000d5580000,0x00000000d6e80000)
  from space 4096K, 99% used [0x00000000d7280000,0x00000000d7679800,0x00000000d7680000)
  to   space 4096K, 0% used [0x00000000d6e80000,0x00000000d6e80000,0x00000000d7280000)
 ParOldGen       total 68608K, used 2087K [0x0000000080000000, 0x0000000084300000, 0x00000000d5580000)
  object space 68608K, 3% used [0x0000000080000000,0x0000000080209eb8,0x0000000084300000)
 Metaspace       used 7987K, committed 8256K, reserved 1114112K
  class space    used 828K, committed 960K, reserved 1048576K
}
Event: 8.903 GC heap before
{Heap before GC invocations=3 (full 0):
 PSYoungGen      total 29696K, used 29640K [0x00000000d5580000, 0x00000000d7680000, 0x0000000100000000)
  eden space 25600K, 99% used [0x00000000d5580000,0x00000000d6e78ba8,0x00000000d6e80000)
  from space 4096K, 99% used [0x00000000d7280000,0x00000000d7679800,0x00000000d7680000)
  to   space 4096K, 0% used [0x00000000d6e80000,0x00000000d6e80000,0x00000000d7280000)
 ParOldGen       total 68608K, used 2087K [0x0000000080000000, 0x0000000084300000, 0x00000000d5580000)
  object space 68608K, 3% used [0x0000000080000000,0x0000000080209eb8,0x0000000084300000)
 Metaspace       used 9452K, committed 9728K, reserved 1114112K
  class space    used 1003K, committed 1152K, reserved 1048576K
}
Event: 8.912 GC heap after
{Heap after GC invocations=3 (full 0):
 PSYoungGen      total 29696K, used 4088K [0x00000000d5580000, 0x00000000d7680000, 0x0000000100000000)
  eden space 25600K, 0% used [0x00000000d5580000,0x00000000d5580000,0x00000000d6e80000)
  from space 4096K, 99% used [0x00000000d6e80000,0x00000000d727e2b0,0x00000000d7280000)
  to   space 4096K, 0% used [0x00000000d7280000,0x00000000d7280000,0x00000000d7680000)
 ParOldGen       total 68608K, used 4953K [0x0000000080000000, 0x0000000084300000, 0x00000000d5580000)
  object space 68608K, 7% used [0x0000000080000000,0x00000000804d6528,0x0000000084300000)
 Metaspace       used 9452K, committed 9728K, reserved 1114112K
  class space    used 1003K, committed 1152K, reserved 1048576K
}
Event: 12.747 GC heap before
{Heap before GC invocations=4 (full 0):
 PSYoungGen      total 29696K, used 29688K [0x00000000d5580000, 0x00000000d7680000, 0x0000000100000000)
  eden space 25600K, 100% used [0x00000000d5580000,0x00000000d6e80000,0x00000000d6e80000)
  from space 4096K, 99% used [0x00000000d6e80000,0x00000000d727e2b0,0x00000000d7280000)
  to   space 4096K, 0% used [0x00000000d7280000,0x00000000d7280000,0x00000000d7680000)
 ParOldGen       total 68608K, used 4953K [0x0000000080000000, 0x0000000084300000, 0x00000000d5580000)
  object space 68608K, 7% used [0x0000000080000000,0x00000000804d6528,0x0000000084300000)
 Metaspace       used 11615K, committed 12032K, reserved 1114112K
  class space    used 1218K, committed 1408K, reserved 1048576K
}
Event: 12.755 GC heap after
{Heap after GC invocations=4 (full 0):
 PSYoungGen      total 29696K, used 4086K [0x00000000d5580000, 0x00000000d7680000, 0x0000000100000000)
  eden space 25600K, 0% used [0x00000000d5580000,0x00000000d5580000,0x00000000d6e80000)
  from space 4096K, 99% used [0x00000000d7280000,0x00000000d767dab8,0x00000000d7680000)
  to   space 4096K, 0% used [0x00000000d6e80000,0x00000000d6e80000,0x00000000d7280000)
 ParOldGen       total 68608K, used 6500K [0x0000000080000000, 0x0000000084300000, 0x00000000d5580000)
  object space 68608K, 9% used [0x0000000080000000,0x00000000806590e0,0x0000000084300000)
 Metaspace       used 11615K, committed 12032K, reserved 1114112K
  class space    used 1218K, committed 1408K, reserved 1048576K
}

Dll operation events (9 events):
Event: 0.025 Loaded shared library c:\Users\NAGARAJ\.vscode\extensions\redhat.java-1.54.0-win32-x64\jre\21.0.10-win32-x86_64\bin\java.dll
Event: 0.636 Loaded shared library c:\Users\NAGARAJ\.vscode\extensions\redhat.java-1.54.0-win32-x64\jre\21.0.10-win32-x86_64\bin\zip.dll
Event: 0.753 Loaded shared library C:\Users\NAGARAJ\.vscode\extensions\redhat.java-1.54.0-win32-x64\jre\21.0.10-win32-x86_64\bin\instrument.dll
Event: 0.766 Loaded shared library C:\Users\NAGARAJ\.vscode\extensions\redhat.java-1.54.0-win32-x64\jre\21.0.10-win32-x86_64\bin\net.dll
Event: 0.772 Loaded shared library C:\Users\NAGARAJ\.vscode\extensions\redhat.java-1.54.0-win32-x64\jre\21.0.10-win32-x86_64\bin\nio.dll
Event: 0.779 Loaded shared library C:\Users\NAGARAJ\.vscode\extensions\redhat.java-1.54.0-win32-x64\jre\21.0.10-win32-x86_64\bin\zip.dll
Event: 0.866 Loaded shared library C:\Users\NAGARAJ\.vscode\extensions\redhat.java-1.54.0-win32-x64\jre\21.0.10-win32-x86_64\bin\jimage.dll
Event: 1.267 Loaded shared library c:\Users\NAGARAJ\.vscode\extensions\redhat.java-1.54.0-win32-x64\jre\21.0.10-win32-x86_64\bin\verify.dll
Event: 6.767 Loaded shared library C:\Users\NAGARAJ\AppData\Roaming\Code\User\globalStorage\redhat.java\1.54.0\config_win\org.eclipse.equinox.launcher\org.eclipse.equinox.launcher.win32.win32.x86_64_1.3.0.v20260203-2149\eclipse_11919.dll

Deoptimization events (20 events):
Event: 13.510 Thread 0x0000023ff3f23630 Uncommon trap: trap_request=0xffffffc6 fr.pc=0x0000023fa6341484 relative=0x0000000000001284
Event: 13.510 Thread 0x0000023ff3f23630 Uncommon trap: reason=bimorphic_or_optimized_type_check action=maybe_recompile pc=0x0000023fa6341484 method=java.io.DataInputStream.readFully([BII)V @ 30 c2
Event: 13.510 Thread 0x0000023ff3f23630 DEOPT PACKING pc=0x0000023fa6341484 sp=0x000000d501bfb2c0
Event: 13.510 Thread 0x0000023ff3f23630 DEOPT UNPACKING pc=0x0000023fa5cd3aa2 sp=0x000000d501bfb2b8 mode 2
Event: 13.511 Thread 0x0000023ff3f23630 Uncommon trap: trap_request=0xffffffc6 fr.pc=0x0000023fa6343ac8 relative=0x0000000000000608
Event: 13.511 Thread 0x0000023ff3f23630 Uncommon trap: reason=bimorphic_or_optimized_type_check action=maybe_recompile pc=0x0000023fa6343ac8 method=java.io.DataInputStream.readUnsignedByte()I @ 4 c2
Event: 13.511 Thread 0x0000023ff3f23630 DEOPT PACKING pc=0x0000023fa6343ac8 sp=0x000000d501bfb3e0
Event: 13.511 Thread 0x0000023ff3f23630 DEOPT UNPACKING pc=0x0000023fa5cd3aa2 sp=0x000000d501bfb348 mode 2
Event: 13.511 Thread 0x0000023ff3f23630 Uncommon trap: trap_request=0xffffffc6 fr.pc=0x0000023fa6343ac8 relative=0x0000000000000608
Event: 13.511 Thread 0x0000023ff3f23630 Uncommon trap: reason=bimorphic_or_optimized_type_check action=maybe_recompile pc=0x0000023fa6343ac8 method=java.io.DataInputStream.readUnsignedByte()I @ 4 c2
Event: 13.511 Thread 0x0000023ff3f23630 DEOPT PACKING pc=0x0000023fa6343ac8 sp=0x000000d501bfb3e0
Event: 13.511 Thread 0x0000023ff3f23630 DEOPT UNPACKING pc=0x0000023fa5cd3aa2 sp=0x000000d501bfb348 mode 2
Event: 13.513 Thread 0x0000023ff3f23630 Uncommon trap: trap_request=0xffffffc6 fr.pc=0x0000023fa6343ac8 relative=0x0000000000000608
Event: 13.513 Thread 0x0000023ff3f23630 Uncommon trap: reason=bimorphic_or_optimized_type_check action=maybe_recompile pc=0x0000023fa6343ac8 method=java.io.DataInputStream.readUnsignedByte()I @ 4 c2
Event: 13.513 Thread 0x0000023ff3f23630 DEOPT PACKING pc=0x0000023fa6343ac8 sp=0x000000d501bfb3e0
Event: 13.513 Thread 0x0000023ff3f23630 DEOPT UNPACKING pc=0x0000023fa5cd3aa2 sp=0x000000d501bfb348 mode 2
Event: 13.513 Thread 0x0000023ff3f23630 Uncommon trap: trap_request=0xffffffc6 fr.pc=0x0000023fa6343ac8 relative=0x0000000000000608
Event: 13.513 Thread 0x0000023ff3f23630 Uncommon trap: reason=bimorphic_or_optimized_type_check action=maybe_recompile pc=0x0000023fa6343ac8 method=java.io.DataInputStream.readUnsignedByte()I @ 4 c2
Event: 13.513 Thread 0x0000023ff3f23630 DEOPT PACKING pc=0x0000023fa6343ac8 sp=0x000000d501bfb3e0
Event: 13.513 Thread 0x0000023ff3f23630 DEOPT UNPACKING pc=0x0000023fa5cd3aa2 sp=0x000000d501bfb348 mode 2

Classes loaded (20 events):
Event: 13.246 Loading class java/util/stream/LongPipeline
Event: 13.246 Loading class java/util/stream/LongStream
Event: 13.249 Loading class java/util/stream/LongStream done
Event: 13.250 Loading class java/util/stream/LongPipeline done
Event: 13.250 Loading class java/util/stream/LongPipeline$StatelessOp done
Event: 13.250 Loading class java/util/stream/ReferencePipeline$5 done
Event: 13.250 Loading class java/util/function/LongBinaryOperator
Event: 13.251 Loading class java/util/function/LongBinaryOperator done
Event: 13.252 Loading class java/util/stream/ReduceOps$10
Event: 13.281 Loading class java/util/stream/ReduceOps$10 done
Event: 13.281 Loading class java/util/stream/ReduceOps$8ReducingSink
Event: 13.282 Loading class java/util/stream/Sink$OfLong
Event: 13.284 Loading class java/util/stream/Sink$OfLong done
Event: 13.284 Loading class java/util/stream/ReduceOps$8ReducingSink done
Event: 13.284 Loading class java/util/stream/ReferencePipeline$5$1
Event: 13.285 Loading class java/util/stream/ReferencePipeline$5$1 done
Event: 13.441 Loading class java/nio/file/NoSuchFileException
Event: 13.441 Loading class java/nio/file/FileSystemException
Event: 13.441 Loading class java/nio/file/FileSystemException done
Event: 13.441 Loading class java/nio/file/NoSuchFileException done

Classes unloaded (0 events):
No events

Classes redefined (0 events):
No events

Internal exceptions (20 events):
Event: 3.712 Thread 0x0000023f9b540b00 Implicit null exception at 0x0000023fa627c63d to 0x0000023fa627c6c1
Event: 4.235 Thread 0x0000023f9b540b00 Exception <a 'java/lang/NoSuchMethodError'{0x00000000d59e8b98}: 'void java.lang.invoke.DirectMethodHandle$Holder.invokeSpecial(java.lang.Object, java.lang.Object, java.lang.Object)'> (0x00000000d59e8b98) 
thrown [s\src\hotspot\share\interpreter\linkResolver.cpp, line 773]
Event: 5.279 Thread 0x0000023f9b540b00 Exception <a 'java/lang/NoSuchMethodError'{0x00000000d6476668}: 'int java.lang.invoke.DirectMethodHandle$Holder.invokeVirtual(java.lang.Object, java.lang.Object)'> (0x00000000d6476668) 
thrown [s\src\hotspot\share\interpreter\linkResolver.cpp, line 773]
Event: 5.669 Thread 0x0000023f9b540b00 Exception <a 'java/lang/NoSuchMethodError'{0x00000000d65eef90}: 'int java.lang.invoke.DirectMethodHandle$Holder.invokeStaticInit(java.lang.Object, java.lang.Object, java.lang.Object, java.lang.Object)'> (0x00000000d65eef90) 
thrown [s\src\hotspot\share\interpreter\linkResolver.cpp, line 773]
Event: 5.670 Thread 0x0000023f9b540b00 Exception <a 'java/lang/IncompatibleClassChangeError'{0x00000000d65f7398}: Found class java.lang.Object, but interface was expected> (0x00000000d65f7398) 
thrown [s\src\hotspot\share\interpreter\linkResolver.cpp, line 840]
Event: 5.672 Thread 0x0000023f9b540b00 Exception <a 'java/lang/NoSuchMethodError'{0x00000000d65fd968}: 'void java.lang.invoke.DirectMethodHandle$Holder.invokeStaticInit(java.lang.Object, java.lang.Object)'> (0x00000000d65fd968) 
thrown [s\src\hotspot\share\interpreter\linkResolver.cpp, line 773]
Event: 5.674 Thread 0x0000023f9b540b00 Exception <a 'java/lang/NoSuchMethodError'{0x00000000d6606da0}: 'int java.lang.invoke.DirectMethodHandle$Holder.invokeStaticInit(java.lang.Object, java.lang.Object)'> (0x00000000d6606da0) 
thrown [s\src\hotspot\share\interpreter\linkResolver.cpp, line 773]
Event: 5.889 Thread 0x0000023f9b540b00 Exception <a 'java/lang/NoSuchMethodError'{0x00000000d6853b08}: 'java.lang.Object java.lang.invoke.DirectMethodHandle$Holder.newInvokeSpecial(java.lang.Object, int, java.lang.Object)'> (0x00000000d6853b08) 
thrown [s\src\hotspot\share\interpreter\linkResolver.cpp, line 773]
Event: 6.065 Thread 0x0000023f9b540b00 Exception <a 'java/lang/ClassNotFoundException'{0x00000000d6a71b00}: sun/net/www/protocol/plurl/Handler> (0x00000000d6a71b00) 
thrown [s\src\hotspot\share\classfile\systemDictionary.cpp, line 312]
Event: 6.065 Thread 0x0000023f9b540b00 Exception <a 'java/lang/ClassNotFoundException'{0x00000000d6a72980}: sun/net/www/protocol/plurl/Handler> (0x00000000d6a72980) 
thrown [s\src\hotspot\share\classfile\systemDictionary.cpp, line 312]
Event: 6.730 Thread 0x0000023f9b540b00 Exception <a 'java/lang/UnsatisfiedLinkError'{0x00000000d56411c8}: 'void org.eclipse.equinox.launcher.JNIBridge._update_splash()'> (0x00000000d56411c8) 
thrown [s\src\hotspot\share\prims\nativeLookup.cpp, line 415]
Event: 6.919 Thread 0x0000023ff829f430 Exception <a 'java/lang/NoSuchMethodError'{0x00000000d58e7ac0}: 'void java.lang.invoke.DirectMethodHandle$Holder.invokeInterface(java.lang.Object, java.lang.Object, java.lang.Object)'> (0x00000000d58e7ac0) 
thrown [s\src\hotspot\share\interpreter\linkResolver.cpp, line 773]
Event: 7.341 Thread 0x0000023ff3f23630 Exception <a 'java/lang/NoSuchMethodError'{0x00000000d5ca82c0}: 'java.lang.Object java.lang.invoke.DirectMethodHandle$Holder.newInvokeSpecial(java.lang.Object, java.lang.Object, int, java.lang.Object)'> (0x00000000d5ca82c0) 
thrown [s\src\hotspot\share\interpreter\linkResolver.cpp, line 773]
Event: 7.342 Thread 0x0000023ff3f23630 Exception <a 'java/lang/NoSuchMethodError'{0x00000000d5cac0f0}: 'java.lang.Object java.lang.invoke.DirectMethodHandle$Holder.invokeSpecial(java.lang.Object, java.lang.Object, java.lang.Object, int, java.lang.Object)'> (0x00000000d5cac0f0) 
thrown [s\src\hotspot\share\interpreter\linkResolver.cpp, line 773]
Event: 7.389 Thread 0x0000023ff3f23630 Exception <a 'java/lang/NoClassDefFoundError'{0x00000000d5d532f0}: jakarta/servlet/ServletContainerInitializer> (0x00000000d5d532f0) 
thrown [s\src\hotspot\share\classfile\systemDictionary.cpp, line 301]
Event: 7.468 Thread 0x0000023ff3f23630 Exception <a 'java/lang/ClassNotFoundException'{0x00000000d5eaf420}: sun/util/logging/resources/spi/loggingProvider> (0x00000000d5eaf420) 
thrown [s\src\hotspot\share\classfile\systemDictionary.cpp, line 312]
Event: 12.295 Thread 0x0000023ff3f23630 Exception <a 'java/lang/NullPointerException'{0x00000000d67c4f40}> (0x00000000d67c4f40) 
thrown [s\src\hotspot\share\interpreter\linkResolver.cpp, line 1372]
Event: 12.295 Thread 0x0000023ff3f23630 Exception <a 'java/lang/NullPointerException'{0x00000000d67c5220}> (0x00000000d67c5220) 
thrown [s\src\hotspot\share\interpreter\linkResolver.cpp, line 1372]
Event: 13.240 Thread 0x0000023ff3f23630 Exception <a 'java/lang/NoSuchMethodError'{0x00000000d58b2be8}: 'long java.lang.invoke.DirectMethodHandle$Holder.invokeSpecial(java.lang.Object, java.lang.Object)'> (0x00000000d58b2be8) 
thrown [s\src\hotspot\share\interpreter\linkResolver.cpp, line 773]
Event: 13.488 Thread 0x0000023ff3f23630 Exception <a 'java/io/FileNotFoundException'{0x00000000d5ab0638}> (0x00000000d5ab0638) 
thrown [s\src\hotspot\share\prims\jni.cpp, line 520]

ZGC Phase Switch (0 events):
No events

VM Operations (20 events):
Event: 7.583 Executing non-safepoint VM operation: HandshakeAllThreads (Deoptimize)
Event: 7.583 Executing non-safepoint VM operation: HandshakeAllThreads (Deoptimize) done
Event: 7.618 Executing non-safepoint VM operation: HandshakeAllThreads (Deoptimize)
Event: 7.618 Executing non-safepoint VM operation: HandshakeAllThreads (Deoptimize) done
Event: 7.618 Executing safepoint VM operation: Cleanup
Event: 7.618 Executing safepoint VM operation: Cleanup done
Event: 8.624 Executing safepoint VM operation: Cleanup
Event: 8.624 Executing safepoint VM operation: Cleanup done
Event: 8.903 Executing safepoint VM operation: ParallelGCFailedAllocation (Allocation Failure)
Event: 8.912 Executing safepoint VM operation: ParallelGCFailedAllocation (Allocation Failure) done
Event: 9.926 Executing safepoint VM operation: Cleanup
Event: 9.926 Executing safepoint VM operation: Cleanup done
Event: 10.922 Executing non-safepoint VM operation: HandshakeAllThreads (Deoptimize)
Event: 10.922 Executing non-safepoint VM operation: HandshakeAllThreads (Deoptimize) done
Event: 11.936 Executing safepoint VM operation: Cleanup
Event: 11.936 Executing safepoint VM operation: Cleanup done
Event: 12.698 Executing non-safepoint VM operation: HandshakeAllThreads (Deoptimize)
Event: 12.698 Executing non-safepoint VM operation: HandshakeAllThreads (Deoptimize) done
Event: 12.747 Executing safepoint VM operation: ParallelGCFailedAllocation (Allocation Failure)
Event: 12.755 Executing safepoint VM operation: ParallelGCFailedAllocation (Allocation Failure) done

Memory protections (0 events):
No events

Nmethod flushes (0 events):
No events

Events (17 events):
Event: 0.133 Thread 0x0000023f9b540b00 Thread added: 0x0000023f9b540b00
Event: 0.195 Thread 0x0000023f9b540b00 Thread added: 0x0000023f9b42aa50
Event: 0.232 Thread 0x0000023f9b540b00 Thread added: 0x0000023f9b42c360
Event: 0.288 Thread 0x0000023f9b540b00 Thread added: 0x0000023f9b42ee60
Event: 0.353 Thread 0x0000023f9b540b00 Thread added: 0x0000023f9b42fd80
Event: 0.380 Thread 0x0000023f9b540b00 Thread added: 0x0000023f9b4315f0
Event: 0.383 Thread 0x0000023f9b540b00 Thread added: 0x0000023f9b438ec0
Event: 0.385 Thread 0x0000023f9b540b00 Thread added: 0x0000023f9b43a650
Event: 0.402 Thread 0x0000023f9b540b00 Thread added: 0x0000023f9b45ebf0
Event: 0.759 Thread 0x0000023f9b540b00 Thread added: 0x0000023ff3d1b9d0
Event: 1.662 Thread 0x0000023f9b540b00 Thread added: 0x0000023ff3e01230
Event: 5.808 Thread 0x0000023f9b540b00 Thread added: 0x0000023ff8499b60
Event: 6.718 Thread 0x0000023f9b540b00 Thread added: 0x0000023ff829f430
Event: 6.947 Thread 0x0000023ff829f430 Thread added: 0x0000023ff8096010
Event: 7.022 Thread 0x0000023f9b540b00 Thread added: 0x0000023ff3f23630
Event: 9.396 Thread 0x0000023ff3f23630 Thread added: 0x0000023ff84673d0
Event: 12.661 Thread 0x0000023ff3f23630 Thread added: 0x0000023ff8aaa330


Dynamic libraries:
0x00007ff6c2030000 - 0x00007ff6c203e000 	c:\Users\NAGARAJ\.vscode\extensions\redhat.java-1.54.0-win32-x64\jre\21.0.10-win32-x86_64\bin\java.exe
0x00007ff87c7b0000 - 0x00007ff87c9a8000 	C:\WINDOWS\SYSTEM32\ntdll.dll
0x00007ff87bc90000 - 0x00007ff87bd52000 	C:\WINDOWS\System32\KERNEL32.DLL
0x00007ff87a500000 - 0x00007ff87a7f6000 	C:\WINDOWS\System32\KERNELBASE.dll
0x00007ff87a240000 - 0x00007ff87a340000 	C:\WINDOWS\System32\ucrtbase.dll
0x00007ff865f30000 - 0x00007ff865f48000 	c:\Users\NAGARAJ\.vscode\extensions\redhat.java-1.54.0-win32-x64\jre\21.0.10-win32-x86_64\bin\jli.dll
0x00007ff87c4d0000 - 0x00007ff87c671000 	C:\WINDOWS\System32\USER32.dll
0x00007ff87a800000 - 0x00007ff87a822000 	C:\WINDOWS\System32\win32u.dll
0x00007ff87aa40000 - 0x00007ff87aa6b000 	C:\WINDOWS\System32\GDI32.dll
0x00007ff87a3e0000 - 0x00007ff87a4f9000 	C:\WINDOWS\System32\gdi32full.dll
0x00007ff87a340000 - 0x00007ff87a3dd000 	C:\WINDOWS\System32\msvcp_win.dll
0x00007ff85f1e0000 - 0x00007ff85f1fe000 	c:\Users\NAGARAJ\.vscode\extensions\redhat.java-1.54.0-win32-x64\jre\21.0.10-win32-x86_64\bin\VCRUNTIME140.dll
0x00007ff86a970000 - 0x00007ff86ac0b000 	C:\WINDOWS\WinSxS\amd64_microsoft.windows.common-controls_6595b64144ccf1df_6.0.19041.6456_none_60b8a6cb71f64256\COMCTL32.dll
0x00007ff87bbe0000 - 0x00007ff87bc7e000 	C:\WINDOWS\System32\msvcrt.dll
0x00007ff87ad90000 - 0x00007ff87adbf000 	C:\WINDOWS\System32\IMM32.DLL
0x00007ff86d120000 - 0x00007ff86d12c000 	c:\Users\NAGARAJ\.vscode\extensions\redhat.java-1.54.0-win32-x64\jre\21.0.10-win32-x86_64\bin\vcruntime140_1.dll
0x00007ff8474a0000 - 0x00007ff84752d000 	c:\Users\NAGARAJ\.vscode\extensions\redhat.java-1.54.0-win32-x64\jre\21.0.10-win32-x86_64\bin\msvcp140.dll
0x00007ffff84c0000 - 0x00007ffff9261000 	c:\Users\NAGARAJ\.vscode\extensions\redhat.java-1.54.0-win32-x64\jre\21.0.10-win32-x86_64\bin\server\jvm.dll
0x00007ff87ac20000 - 0x00007ff87acd1000 	C:\WINDOWS\System32\ADVAPI32.dll
0x00007ff87ba70000 - 0x00007ff87bb0f000 	C:\WINDOWS\System32\sechost.dll
0x00007ff87b820000 - 0x00007ff87b940000 	C:\WINDOWS\System32\RPCRT4.dll
0x00007ff87a190000 - 0x00007ff87a1b7000 	C:\WINDOWS\System32\bcrypt.dll
0x00007ff87adc0000 - 0x00007ff87ae2b000 	C:\WINDOWS\System32\WS2_32.dll
0x00007ff879480000 - 0x00007ff8794cb000 	C:\WINDOWS\SYSTEM32\POWRPROF.dll
0x00007ff873530000 - 0x00007ff873557000 	C:\WINDOWS\SYSTEM32\WINMM.dll
0x00007ff874ac0000 - 0x00007ff874aca000 	C:\WINDOWS\SYSTEM32\VERSION.dll
0x00007ff8792f0000 - 0x00007ff879302000 	C:\WINDOWS\SYSTEM32\UMPDC.dll
0x00007ff877c40000 - 0x00007ff877c52000 	C:\WINDOWS\SYSTEM32\kernel.appcore.dll
0x00007ff86cbd0000 - 0x00007ff86cbda000 	c:\Users\NAGARAJ\.vscode\extensions\redhat.java-1.54.0-win32-x64\jre\21.0.10-win32-x86_64\bin\jimage.dll
0x00007ff865a30000 - 0x00007ff865c31000 	C:\WINDOWS\SYSTEM32\DBGHELP.DLL
0x00007ff85a830000 - 0x00007ff85a864000 	C:\WINDOWS\SYSTEM32\dbgcore.DLL
0x00007ff87a830000 - 0x00007ff87a8b2000 	C:\WINDOWS\System32\bcryptPrimitives.dll
0x00007ff8690d0000 - 0x00007ff8690df000 	c:\Users\NAGARAJ\.vscode\extensions\redhat.java-1.54.0-win32-x64\jre\21.0.10-win32-x86_64\bin\instrument.dll
0x00007ff8545e0000 - 0x00007ff854600000 	c:\Users\NAGARAJ\.vscode\extensions\redhat.java-1.54.0-win32-x64\jre\21.0.10-win32-x86_64\bin\java.dll
0x00007ff87bd60000 - 0x00007ff87c4d0000 	C:\WINDOWS\System32\SHELL32.dll
0x00007ff877f20000 - 0x00007ff8786c5000 	C:\WINDOWS\SYSTEM32\windows.storage.dll
0x00007ff87b350000 - 0x00007ff87b6a4000 	C:\WINDOWS\System32\combase.dll
0x00007ff879880000 - 0x00007ff8798ab000 	C:\WINDOWS\SYSTEM32\Wldp.dll
0x00007ff87bb10000 - 0x00007ff87bbdd000 	C:\WINDOWS\System32\OLEAUT32.dll
0x00007ff87b2a0000 - 0x00007ff87b34d000 	C:\WINDOWS\System32\SHCORE.dll
0x00007ff87a8c0000 - 0x00007ff87a91b000 	C:\WINDOWS\System32\shlwapi.dll
0x00007ff879e60000 - 0x00007ff879e84000 	C:\WINDOWS\SYSTEM32\profapi.dll
0x00007ff854050000 - 0x00007ff854068000 	c:\Users\NAGARAJ\.vscode\extensions\redhat.java-1.54.0-win32-x64\jre\21.0.10-win32-x86_64\bin\zip.dll
0x00007ff868b50000 - 0x00007ff868b60000 	C:\Users\NAGARAJ\.vscode\extensions\redhat.java-1.54.0-win32-x64\jre\21.0.10-win32-x86_64\bin\net.dll
0x00007ff873080000 - 0x00007ff87318a000 	C:\WINDOWS\SYSTEM32\WINHTTP.dll
0x00007ff879660000 - 0x00007ff8796ca000 	C:\WINDOWS\system32\mswsock.dll
0x00007ff850fd0000 - 0x00007ff850fe6000 	C:\Users\NAGARAJ\.vscode\extensions\redhat.java-1.54.0-win32-x64\jre\21.0.10-win32-x86_64\bin\nio.dll
0x00007ff8687a0000 - 0x00007ff8687b0000 	c:\Users\NAGARAJ\.vscode\extensions\redhat.java-1.54.0-win32-x64\jre\21.0.10-win32-x86_64\bin\verify.dll
0x00007ff85e4f0000 - 0x00007ff85e535000 	C:\Users\NAGARAJ\AppData\Roaming\Code\User\globalStorage\redhat.java\1.54.0\config_win\org.eclipse.equinox.launcher\org.eclipse.equinox.launcher.win32.win32.x86_64_1.3.0.v20260203-2149\eclipse_11919.dll
0x00007ff87b940000 - 0x00007ff87ba6b000 	C:\WINDOWS\System32\ole32.dll

JVMTI agents:
c:\Users\NAGARAJ\.vscode\extensions\redhat.java-1.54.0-win32-x64\lombok\lombok-1.18.39-4050.jar path:c:\Users\NAGARAJ\.vscode\extensions\redhat.java-1.54.0-win32-x64\jre\21.0.10-win32-x86_64\bin\instrument.dll, loaded, initialized, instrumentlib options:none

dbghelp: loaded successfully - version: 4.0.5 - missing functions: none
symbol engine: initialized successfully - sym options: 0x614 - pdb path: .;c:\Users\NAGARAJ\.vscode\extensions\redhat.java-1.54.0-win32-x64\jre\21.0.10-win32-x86_64\bin;C:\WINDOWS\SYSTEM32;C:\WINDOWS\WinSxS\amd64_microsoft.windows.common-controls_6595b64144ccf1df_6.0.19041.6456_none_60b8a6cb71f64256;c:\Users\NAGARAJ\.vscode\extensions\redhat.java-1.54.0-win32-x64\jre\21.0.10-win32-x86_64\bin\server;C:\Users\NAGARAJ\AppData\Roaming\Code\User\globalStorage\redhat.java\1.54.0\config_win\org.eclipse.equinox.launcher\org.eclipse.equinox.launcher.win32.win32.x86_64_1.3.0.v20260203-2149

VM Arguments:
jvm_args: --add-modules=ALL-SYSTEM --add-opens=java.base/java.util=ALL-UNNAMED --add-opens=java.base/java.lang=ALL-UNNAMED --add-opens=java.base/sun.nio.fs=ALL-UNNAMED -Declipse.application=org.eclipse.jdt.ls.core.id1 -Dosgi.bundles.defaultStartLevel=4 -Declipse.product=org.eclipse.jdt.ls.core.product -Djava.import.generatesMetadataFilesAtProjectRoot=false -DDetectVMInstallationsJob.disabled=true -Dfile.encoding=utf8 -XX:+UseParallelGC -XX:GCTimeRatio=4 -XX:AdaptiveSizePolicyWeight=90 -Dsun.zip.disableMemoryMapping=true -Xmx2G -Xms100m -Xlog:disable -javaagent:c:\Users\NAGARAJ\.vscode\extensions\redhat.java-1.54.0-win32-x64\lombok\lombok-1.18.39-4050.jar -XX:+HeapDumpOnOutOfMemoryError -XX:HeapDumpPath=c:\Users\NAGARAJ\AppData\Roaming\Code\User\workspaceStorage\71ab786f3efb653311a4c375c0ec5e39\redhat.java -Daether.dependencyCollector.impl=bf 
java_command: c:\Users\NAGARAJ\.vscode\extensions\redhat.java-1.54.0-win32-x64\server\plugins\org.eclipse.equinox.launcher_1.7.100.v20251111-0406.jar -configuration c:\Users\NAGARAJ\AppData\Roaming\Code\User\globalStorage\redhat.java\1.54.0\config_win -data c:\Users\NAGARAJ\AppData\Roaming\Code\User\workspaceStorage\71ab786f3efb653311a4c375c0ec5e39\redhat.java\jdt_ws --pipe=\\.\pipe\lsp-8d32f40faa7b99f9feeb4b4c51c40b81-sock
java_class_path (initial): c:\Users\NAGARAJ\.vscode\extensions\redhat.java-1.54.0-win32-x64\server\plugins\org.eclipse.equinox.launcher_1.7.100.v20251111-0406.jar
Launcher Type: SUN_STANDARD

[Global flags]
    uintx AdaptiveSizePolicyWeight                 = 90                                        {product} {command line}
     intx CICompilerCount                          = 3                                         {product} {ergonomic}
    uintx GCTimeRatio                              = 4                                         {product} {command line}
     bool HeapDumpOnOutOfMemoryError               = true                                   {manageable} {command line}
    ccstr HeapDumpPath                             = c:\Users\NAGARAJ\AppData\Roaming\Code\User\workspaceStorage\71ab786f3efb653311a4c375c0ec5e39\redhat.java         {manageable} {command line}
   size_t InitialHeapSize                          = 104857600                                 {product} {command line}
   size_t MaxHeapSize                              = 2147483648                                {product} {command line}
   size_t MaxNewSize                               = 715653120                                 {product} {ergonomic}
   size_t MinHeapDeltaBytes                        = 524288                                    {product} {ergonomic}
   size_t MinHeapSize                              = 104857600                                 {product} {command line}
   size_t NewSize                                  = 34603008                                  {product} {ergonomic}
    uintx NonNMethodCodeHeapSize                   = 5832780                                {pd product} {ergonomic}
    uintx NonProfiledCodeHeapSize                  = 122912730                              {pd product} {ergonomic}
   size_t OldSize                                  = 70254592                                  {product} {ergonomic}
    uintx ProfiledCodeHeapSize                     = 122912730                              {pd product} {ergonomic}
    uintx ReservedCodeCacheSize                    = 251658240                              {pd product} {ergonomic}
     bool SegmentedCodeCache                       = true                                      {product} {ergonomic}
   size_t SoftMaxHeapSize                          = 2147483648                             {manageable} {ergonomic}
     bool UseCompressedOops                        = true                           {product lp64_product} {ergonomic}
     bool UseLargePagesIndividualAllocation        = false                                  {pd product} {ergonomic}
     bool UseParallelGC                            = true                                      {product} {command line}

Logging:
Log output configuration:
 #0: stdout all=off uptime,level,tags foldmultilines=false
 #1: stderr all=off uptime,level,tags foldmultilines=false

Release file:
JAVA_VERSION="21.0.10" 
MODULES="java.base java.compiler java.datatransfer java.xml java.prefs java.desktop java.instrument java.logging java.management java.security.sasl java.naming java.rmi java.management.rmi java.net.http java.scripting java.security.jgss java.transaction.xa java.sql java.sql.rowset java.xml.crypto java.se java.smartcardio jdk.accessibility jdk.internal.jvmstat jdk.attach jdk.charsets jdk.internal.opt jdk.zipfs jdk.compiler jdk.crypto.ec jdk.crypto.cryptoki jdk.crypto.mscapi jdk.dynalink jdk.internal.ed jdk.editpad jdk.hotspot.agent jdk.httpserver jdk.internal.le jdk.internal.vm.ci jdk.internal.vm.compiler jdk.internal.vm.compiler.management jdk.jartool jdk.javadoc jdk.jcmd jdk.management jdk.management.agent jdk.jconsole jdk.jdeps jdk.jdwp.agent jdk.jdi jdk.jfr jdk.jshell jdk.jsobject jdk.jstatd jdk.localedata jdk.management.jfr jdk.naming.dns jdk.naming.rmi jdk.net jdk.nio.mapmode jdk.random jdk.sctp jdk.security.auth jdk.security.jgss jdk.unsupported jdk.unsupported.desktop jdk.xml.dom" 

Environment Variables:
PATH=C:\Users\NAGARAJ\AppData\Local\Programs\Microsoft VS Code;C:\Program Files\Common Files\Oracle\Java\javapath;C:\WINDOWS\system32;C:\WINDOWS;C:\WINDOWS\System32\Wbem;C:\WINDOWS\System32\WindowsPowerShell\v1.0\;C:\Program Files\Git\cmd;C:\WINDOWS\System32\OpenSSH\;C:\Program Files (x86)\apache-maven-3.9.9-bin (2)\apache-maven-3.9.9\bin;C:\Program Files\gradle\gradle-8.14.1\bin;C:\Program Files\nodejs\;C:\Program Files\Docker\Docker\resources\bin;C:\Program Files\MySQL\MySQL Shell 8.0\bin\;C:\Users\NAGARAJ\AppData\Local\Microsoft\WindowsApps;C:\Program Files\JetBrains\IntelliJ IDEA Community Edition 2024.3.3\bin;;C:\Users\NAGARAJ\AppData\Local\Programs\Microsoft VS Code\bin;search-ms:displayname=Search%20Results%20in%20apache-maven-3.9.9&crumb=location:C%3A%5Cdevops%20lab%5Capache-maven-3.9.9;C:\Users\NAGARAJ\AppData\Local\Google\Cloud SDK\google-cloud-sdk\bin;C:\Users\NAGARAJ\AppData\Roaming\npm
USERNAME=NAGARAJ
OS=Windows_NT
PROCESSOR_IDENTIFIER=Intel64 Family 6 Model 58 Stepping 9, GenuineIntel
TMP=C:\Temp
TEMP=C:\Temp




Periodic native trim disabled

---------------  S Y S T E M  ---------------

OS:
 Windows 10 , 64 bit Build 19041 (10.0.19041.5915)
OS uptime: 3 days 0:12 hours
Hyper-V role detected

CPU: total 4 (initial active 4) (2 cores per cpu, 2 threads per core) family 6 model 58 stepping 9 microcode 0x21, cx8, cmov, fxsr, ht, mmx, sse, sse2, sse3, ssse3, sse4.1, sse4.2, popcnt, tsc, tscinvbit, avx, aes, erms, clmul, vzeroupper, clflush, hv, rdtscp, f16c
Processor Information for the first 4 processors :
  Max Mhz: 2601, Current Mhz: 2601, Mhz Limit: 2601

Memory: 4k page, system-wide physical 3915M (94M free)
TotalPageFile size 15691M (AvailPageFile size 0M)
current process WorkingSet (physical memory assigned to process): 105M, peak: 105M
current process commit charge ("private bytes"): 238M, peak: 238M

vm_info: OpenJDK 64-Bit Server VM (21.0.10+7-LTS) for windows-amd64 JRE (21.0.10+7-LTS), built on 2026-01-20T00:00:00Z by "admin" with MS VC++ 17.12 (VS2022)

END.
